Archive member included because of file (symbol)

../Exercise4_bsp/\libhal_bsp.a(alt_load.o)
                              ../Exercise4_bsp//obj/HAL/src/crt0.o (alt_load)
../Exercise4_bsp/\libhal_bsp.a(alt_main.o)
                              ../Exercise4_bsp//obj/HAL/src/crt0.o (alt_main)
../Exercise4_bsp/\libhal_bsp.a(alt_sys_init.o)
                              ../Exercise4_bsp/\libhal_bsp.a(alt_main.o) (alt_irq_init)
../Exercise4_bsp/\libhal_bsp.a(altera_avalon_jtag_uart_fd.o)
                              ../Exercise4_bsp/\libhal_bsp.a(alt_sys_init.o) (altera_avalon_jtag_uart_read_fd)
../Exercise4_bsp/\libhal_bsp.a(altera_avalon_jtag_uart_init.o)
                              ../Exercise4_bsp/\libhal_bsp.a(alt_sys_init.o) (altera_avalon_jtag_uart_init)
../Exercise4_bsp/\libhal_bsp.a(altera_avalon_jtag_uart_ioctl.o)
                              ../Exercise4_bsp/\libhal_bsp.a(altera_avalon_jtag_uart_fd.o) (altera_avalon_jtag_uart_ioctl)
../Exercise4_bsp/\libhal_bsp.a(altera_avalon_jtag_uart_read.o)
                              ../Exercise4_bsp/\libhal_bsp.a(altera_avalon_jtag_uart_fd.o) (altera_avalon_jtag_uart_read)
../Exercise4_bsp/\libhal_bsp.a(altera_avalon_jtag_uart_write.o)
                              ../Exercise4_bsp/\libhal_bsp.a(altera_avalon_jtag_uart_fd.o) (altera_avalon_jtag_uart_write)
../Exercise4_bsp/\libhal_bsp.a(altera_up_avalon_character_lcd.o)
                              ../Exercise4_bsp/\libhal_bsp.a(alt_sys_init.o) (alt_up_character_lcd_init)
../Exercise4_bsp/\libhal_bsp.a(altera_up_avalon_video_character_buffer_with_dma.o)
                              obj/default/hello_world.o (alt_up_char_buffer_init)
../Exercise4_bsp/\libhal_bsp.a(altera_up_avalon_video_pixel_buffer_dma.o)
                              obj/default/hello_world.o (alt_up_pixel_buffer_dma_open_dev)
../Exercise4_bsp/\libhal_bsp.a(alt_alarm_start.o)
                              ../Exercise4_bsp/\libhal_bsp.a(altera_avalon_jtag_uart_init.o) (alt_alarm_start)
../Exercise4_bsp/\libhal_bsp.a(alt_close.o)
                              ../Exercise4_bsp/\libhal_bsp.a(alt_main.o) (close)
../Exercise4_bsp/\libhal_bsp.a(alt_dcache_flush_all.o)
                              ../Exercise4_bsp/\libhal_bsp.a(alt_load.o) (alt_dcache_flush_all)
../Exercise4_bsp/\libhal_bsp.a(alt_dev.o)
                              ../Exercise4_bsp/\libhal_bsp.a(alt_sys_init.o) (alt_dev_list)
../Exercise4_bsp/\libhal_bsp.a(alt_dev_llist_insert.o)
                              ../Exercise4_bsp/\libhal_bsp.a(alt_sys_init.o) (alt_dev_llist_insert)
../Exercise4_bsp/\libhal_bsp.a(alt_do_ctors.o)
                              ../Exercise4_bsp/\libhal_bsp.a(alt_main.o) (_do_ctors)
../Exercise4_bsp/\libhal_bsp.a(alt_do_dtors.o)
                              ../Exercise4_bsp/\libhal_bsp.a(alt_main.o) (_do_dtors)
../Exercise4_bsp/\libhal_bsp.a(alt_errno.o)
                              ../Exercise4_bsp/\libhal_bsp.a(alt_close.o) (alt_errno)
../Exercise4_bsp/\libhal_bsp.a(alt_find_dev.o)
                              ../Exercise4_bsp/\libhal_bsp.a(altera_up_avalon_character_lcd.o) (alt_find_dev)
../Exercise4_bsp/\libhal_bsp.a(alt_icache_flush_all.o)
                              ../Exercise4_bsp/\libhal_bsp.a(alt_load.o) (alt_icache_flush_all)
../Exercise4_bsp/\libhal_bsp.a(alt_iic.o)
                              ../Exercise4_bsp/\libhal_bsp.a(altera_avalon_jtag_uart_init.o) (alt_ic_isr_register)
../Exercise4_bsp/\libhal_bsp.a(alt_iic_isr_register.o)
                              ../Exercise4_bsp/\libhal_bsp.a(alt_iic.o) (alt_iic_isr_register)
../Exercise4_bsp/\libhal_bsp.a(alt_io_redirect.o)
                              ../Exercise4_bsp/\libhal_bsp.a(alt_main.o) (alt_io_redirect)
../Exercise4_bsp/\libhal_bsp.a(alt_irq_entry.o)
                              ../Exercise4_bsp/\libhal_bsp.a(alt_iic_isr_register.o) (alt_irq_entry)
../Exercise4_bsp/\libhal_bsp.a(alt_irq_handler.o)
                              ../Exercise4_bsp/\libhal_bsp.a(alt_iic_isr_register.o) (alt_irq_handler)
../Exercise4_bsp/\libhal_bsp.a(alt_irq_vars.o)
                              ../Exercise4_bsp/\libhal_bsp.a(alt_iic.o) (alt_irq_active)
../Exercise4_bsp/\libhal_bsp.a(alt_open.o)
                              ../Exercise4_bsp/\libhal_bsp.a(alt_io_redirect.o) (open)
../Exercise4_bsp/\libhal_bsp.a(alt_release_fd.o)
                              ../Exercise4_bsp/\libhal_bsp.a(alt_close.o) (alt_release_fd)
../Exercise4_bsp/\libhal_bsp.a(alt_tick.o)
                              ../Exercise4_bsp/\libhal_bsp.a(altera_avalon_jtag_uart_init.o) (_alt_tick_rate)
../Exercise4_bsp/\libhal_bsp.a(altera_nios2_qsys_irq.o)
                              ../Exercise4_bsp/\libhal_bsp.a(alt_sys_init.o) (altera_nios2_qsys_irq_init)
../Exercise4_bsp/\libhal_bsp.a(alt_exception_entry.o)
                              ../Exercise4_bsp/\libhal_bsp.a(alt_irq_entry.o) (alt_exception)
../Exercise4_bsp/\libhal_bsp.a(alt_find_file.o)
                              ../Exercise4_bsp/\libhal_bsp.a(alt_open.o) (alt_find_file)
../Exercise4_bsp/\libhal_bsp.a(alt_get_fd.o)
                              ../Exercise4_bsp/\libhal_bsp.a(alt_open.o) (alt_get_fd)
c:/altera/13.0sp1/nios2eds/bin/gnu/h-i686-mingw32/bin/../lib/gcc/nios2-elf/4.1.2/../../../../nios2-elf/lib/mno-hw-mul\libc.a(lib_a-atexit.o)
                              ../Exercise4_bsp/\libhal_bsp.a(alt_main.o) (atexit)
c:/altera/13.0sp1/nios2eds/bin/gnu/h-i686-mingw32/bin/../lib/gcc/nios2-elf/4.1.2/../../../../nios2-elf/lib/mno-hw-mul\libc.a(lib_a-exit.o)
                              ../Exercise4_bsp/\libhal_bsp.a(alt_main.o) (exit)
c:/altera/13.0sp1/nios2eds/bin/gnu/h-i686-mingw32/bin/../lib/gcc/nios2-elf/4.1.2/../../../../nios2-elf/lib/mno-hw-mul\libc.a(lib_a-impure.o)
                              c:/altera/13.0sp1/nios2eds/bin/gnu/h-i686-mingw32/bin/../lib/gcc/nios2-elf/4.1.2/../../../../nios2-elf/lib/mno-hw-mul\libc.a(lib_a-exit.o) (_global_impure_ptr)
c:/altera/13.0sp1/nios2eds/bin/gnu/h-i686-mingw32/bin/../lib/gcc/nios2-elf/4.1.2/../../../../nios2-elf/lib/mno-hw-mul\libc.a(lib_a-int_errno.o)
                              ../Exercise4_bsp/\libhal_bsp.a(alt_close.o) (errno)
c:/altera/13.0sp1/nios2eds/bin/gnu/h-i686-mingw32/bin/../lib/gcc/nios2-elf/4.1.2/../../../../nios2-elf/lib/mno-hw-mul\libc.a(lib_a-memcmp.o)
                              ../Exercise4_bsp/\libhal_bsp.a(alt_find_dev.o) (memcmp)
c:/altera/13.0sp1/nios2eds/bin/gnu/h-i686-mingw32/bin/../lib/gcc/nios2-elf/4.1.2/../../../../nios2-elf/lib/mno-hw-mul\libc.a(lib_a-memcpy.o)
                              ../Exercise4_bsp/\libhal_bsp.a(altera_avalon_jtag_uart_read.o) (memcpy)
c:/altera/13.0sp1/nios2eds/bin/gnu/h-i686-mingw32/bin/../lib/gcc/nios2-elf/4.1.2/../../../../nios2-elf/lib/mno-hw-mul\libc.a(lib_a-strcmp.o)
                              ../Exercise4_bsp/\libhal_bsp.a(altera_up_avalon_video_character_buffer_with_dma.o) (strcmp)
c:/altera/13.0sp1/nios2eds/bin/gnu/h-i686-mingw32/bin/../lib/gcc/nios2-elf/4.1.2/../../../../nios2-elf/lib/mno-hw-mul\libc.a(lib_a-strlen.o)
                              ../Exercise4_bsp/\libhal_bsp.a(alt_find_dev.o) (strlen)
c:/altera/13.0sp1/nios2eds/bin/gnu/h-i686-mingw32/bin/../lib/gcc/nios2-elf/4.1.2/../../../../nios2-elf/lib/mno-hw-mul\libc.a(lib_a-__atexit.o)
                              c:/altera/13.0sp1/nios2eds/bin/gnu/h-i686-mingw32/bin/../lib/gcc/nios2-elf/4.1.2/../../../../nios2-elf/lib/mno-hw-mul\libc.a(lib_a-atexit.o) (__register_exitproc)
c:/altera/13.0sp1/nios2eds/bin/gnu/h-i686-mingw32/bin/../lib/gcc/nios2-elf/4.1.2/../../../../nios2-elf/lib/mno-hw-mul\libc.a(lib_a-__call_atexit.o)
                              c:/altera/13.0sp1/nios2eds/bin/gnu/h-i686-mingw32/bin/../lib/gcc/nios2-elf/4.1.2/../../../../nios2-elf/lib/mno-hw-mul\libc.a(lib_a-exit.o) (__call_exitprocs)
c:/altera/13.0sp1/nios2eds/bin/gnu/h-i686-mingw32/bin/../lib/gcc/nios2-elf/4.1.2/mno-hw-mul\libgcc.a(lib2-mul.o)
                              ../Exercise4_bsp/\libhal_bsp.a(altera_up_avalon_video_pixel_buffer_dma.o) (__mulsi3)
../Exercise4_bsp/\libhal_bsp.a(alt_exit.o)
                              c:/altera/13.0sp1/nios2eds/bin/gnu/h-i686-mingw32/bin/../lib/gcc/nios2-elf/4.1.2/../../../../nios2-elf/lib/mno-hw-mul\libc.a(lib_a-exit.o) (_exit)

Allocating common symbols
Common symbol       size              file

alt_irq             0x100             ../Exercise4_bsp/\libhal_bsp.a(alt_irq_handler.o)
errno               0x4               c:/altera/13.0sp1/nios2eds/bin/gnu/h-i686-mingw32/bin/../lib/gcc/nios2-elf/4.1.2/../../../../nios2-elf/lib/mno-hw-mul\libc.a(lib_a-int_errno.o)
_atexit0            0x190             c:/altera/13.0sp1/nios2eds/bin/gnu/h-i686-mingw32/bin/../lib/gcc/nios2-elf/4.1.2/../../../../nios2-elf/lib/mno-hw-mul\libc.a(lib_a-atexit.o)

Memory Configuration

Name             Origin             Length             Attributes
onchip_memory2_0 0x00000000         0x00001000
reset            0x01000000         0x00000020
sdram            0x01000020         0x007fffe0
*default*        0x00000000         0xffffffff

Linker script and memory map

LOAD ../Exercise4_bsp//obj/HAL/src/crt0.o
LOAD obj/default/hello_world.o
LOAD c:/altera/13.0sp1/nios2eds/bin/gnu/h-i686-mingw32/bin/../lib/gcc/nios2-elf/4.1.2/../../../../nios2-elf/lib/mno-hw-mul\libstdc++.a
LOAD c:/altera/13.0sp1/nios2eds/bin/gnu/h-i686-mingw32/bin/../lib/gcc/nios2-elf/4.1.2/../../../../nios2-elf/lib/mno-hw-mul\libm.a
LOAD c:/altera/13.0sp1/nios2eds/bin/gnu/h-i686-mingw32/bin/../lib/gcc/nios2-elf/4.1.2/mno-hw-mul\libgcc.a
START GROUP
LOAD c:/altera/13.0sp1/nios2eds/bin/gnu/h-i686-mingw32/bin/../lib/gcc/nios2-elf/4.1.2/../../../../nios2-elf/lib/mno-hw-mul\libc.a
LOAD c:/altera/13.0sp1/nios2eds/bin/gnu/h-i686-mingw32/bin/../lib/gcc/nios2-elf/4.1.2/mno-hw-mul\libgcc.a
LOAD ../Exercise4_bsp/\libhal_bsp.a
END GROUP
LOAD c:/altera/13.0sp1/nios2eds/bin/gnu/h-i686-mingw32/bin/../lib/gcc/nios2-elf/4.1.2/mno-hw-mul\libgcc.a
                0x00000000                __alt_mem_onchip_memory2_0 = 0x0
                0x01000000                __alt_mem_sdram = 0x1000000

.entry          0x01000000       0x20
 *(.entry)
 .entry         0x01000000       0x20 ../Exercise4_bsp//obj/HAL/src/crt0.o
                0x01000000                __reset

.exceptions     0x01000020      0x194
                0x01000020                PROVIDE (__ram_exceptions_start, ABSOLUTE (.))
                0x01000020                . = ALIGN (0x20)
 *(.irq)
 *(.exceptions.entry.label)
 .exceptions.entry.label
                0x01000020        0x0 ../Exercise4_bsp/\libhal_bsp.a(alt_irq_entry.o)
                0x01000020                alt_irq_entry
 .exceptions.entry.label
                0x01000020        0x0 ../Exercise4_bsp/\libhal_bsp.a(alt_exception_entry.o)
                0x01000020                alt_exception
 *(.exceptions.entry.user)
 *(.exceptions.entry)
 .exceptions.entry
                0x01000020       0x54 ../Exercise4_bsp/\libhal_bsp.a(alt_exception_entry.o)
 *(.exceptions.irqtest.user)
 *(.exceptions.irqtest)
 .exceptions.irqtest
                0x01000074       0x10 ../Exercise4_bsp/\libhal_bsp.a(alt_irq_entry.o)
 *(.exceptions.irqhandler.user)
 *(.exceptions.irqhandler)
 .exceptions.irqhandler
                0x01000084        0x4 ../Exercise4_bsp/\libhal_bsp.a(alt_irq_entry.o)
 *(.exceptions.irqreturn.user)
 *(.exceptions.irqreturn)
 .exceptions.irqreturn
                0x01000088        0x4 ../Exercise4_bsp/\libhal_bsp.a(alt_irq_entry.o)
 *(.exceptions.notirq.label)
 .exceptions.notirq.label
                0x0100008c        0x0 ../Exercise4_bsp/\libhal_bsp.a(alt_irq_entry.o)
 *(.exceptions.notirq.user)
 *(.exceptions.notirq)
 .exceptions.notirq
                0x0100008c        0x8 ../Exercise4_bsp/\libhal_bsp.a(alt_exception_entry.o)
 *(.exceptions.soft.user)
 *(.exceptions.soft)
 *(.exceptions.unknown.user)
 *(.exceptions.unknown)
 .exceptions.unknown
                0x01000094        0x4 ../Exercise4_bsp/\libhal_bsp.a(alt_exception_entry.o)
 *(.exceptions.exit.label)
 .exceptions.exit.label
                0x01000098        0x0 ../Exercise4_bsp/\libhal_bsp.a(alt_irq_entry.o)
 .exceptions.exit.label
                0x01000098        0x0 ../Exercise4_bsp/\libhal_bsp.a(alt_exception_entry.o)
 *(.exceptions.exit.user)
 *(.exceptions.exit)
 .exceptions.exit
                0x01000098       0x54 ../Exercise4_bsp/\libhal_bsp.a(alt_exception_entry.o)
 *(.exceptions)
 .exceptions    0x010000ec       0xc8 ../Exercise4_bsp/\libhal_bsp.a(alt_irq_handler.o)
                0x010000ec                alt_irq_handler
                0x010001b4                PROVIDE (__ram_exceptions_end, ABSOLUTE (.))
                0x01000020                PROVIDE (__flash_exceptions_start, LOADADDR (.exceptions))

.text           0x010001b4     0x4514
                0x010001b4                PROVIDE (stext, ABSOLUTE (.))
 *(.interp)
 *(.hash)
 *(.dynsym)
 *(.dynstr)
 *(.gnu.version)
 *(.gnu.version_d)
 *(.gnu.version_r)
 *(.rel.init)
 *(.rela.init)
 *(.rel.text .rel.text.* .rel.gnu.linkonce.t.*)
 *(.rela.text .rela.text.* .rela.gnu.linkonce.t.*)
 *(.rel.fini)
 *(.rela.fini)
 *(.rel.rodata .rel.rodata.* .rel.gnu.linkonce.r.*)
 *(.rela.rodata .rela.rodata.* .rela.gnu.linkonce.r.*)
 *(.rel.data .rel.data.* .rel.gnu.linkonce.d.*)
 *(.rela.data .rela.data.* .rela.gnu.linkonce.d.*)
 *(.rel.tdata .rel.tdata.* .rel.gnu.linkonce.td.*)
 *(.rela.tdata .rela.tdata.* .rela.gnu.linkonce.td.*)
 *(.rel.tbss .rel.tbss.* .rel.gnu.linkonce.tb.*)
 *(.rela.tbss .rela.tbss.* .rela.gnu.linkonce.tb.*)
 *(.rel.ctors)
 *(.rela.ctors)
 *(.rel.dtors)
 *(.rela.dtors)
 *(.rel.got)
 *(.rela.got)
 *(.rel.sdata .rel.sdata.* .rel.gnu.linkonce.s.*)
 *(.rela.sdata .rela.sdata.* .rela.gnu.linkonce.s.*)
 *(.rel.sbss .rel.sbss.* .rel.gnu.linkonce.sb.*)
 *(.rela.sbss .rela.sbss.* .rela.gnu.linkonce.sb.*)
 *(.rel.sdata2 .rel.sdata2.* .rel.gnu.linkonce.s2.*)
 *(.rela.sdata2 .rela.sdata2.* .rela.gnu.linkonce.s2.*)
 *(.rel.sbss2 .rel.sbss2.* .rel.gnu.linkonce.sb2.*)
 *(.rela.sbss2 .rela.sbss2.* .rela.gnu.linkonce.sb2.*)
 *(.rel.bss .rel.bss.* .rel.gnu.linkonce.b.*)
 *(.rela.bss .rela.bss.* .rela.gnu.linkonce.b.*)
 *(.rel.plt)
 *(.rela.plt)
 *(.rel.dyn)
 *(.init)
 *(.plt)
 *(.text .stub .text.* .gnu.linkonce.t.*)
 .text          0x010001b4       0x3c ../Exercise4_bsp//obj/HAL/src/crt0.o
                0x010001b4                _start
 .text          0x010001f0       0xbc obj/default/hello_world.o
                0x010001f0                main
 .text          0x010002ac       0xec ../Exercise4_bsp/\libhal_bsp.a(alt_load.o)
                0x010002ac                alt_load
 .text          0x01000398       0x6c ../Exercise4_bsp/\libhal_bsp.a(alt_main.o)
                0x01000398                alt_main
 .text          0x01000404      0x37c ../Exercise4_bsp/\libhal_bsp.a(alt_sys_init.o)
                0x01000404                alt_irq_init
                0x01000438                alt_sys_init
 .text          0x01000780      0x148 ../Exercise4_bsp/\libhal_bsp.a(altera_avalon_jtag_uart_fd.o)
                0x01000780                altera_avalon_jtag_uart_read_fd
                0x010007d8                altera_avalon_jtag_uart_write_fd
                0x01000830                altera_avalon_jtag_uart_close_fd
                0x01000878                altera_avalon_jtag_uart_ioctl_fd
 .text          0x010008c8      0x40c ../Exercise4_bsp/\libhal_bsp.a(altera_avalon_jtag_uart_init.o)
                0x010008c8                altera_avalon_jtag_uart_init
                0x01000c60                altera_avalon_jtag_uart_close
 .text          0x01000cd4       0xf4 ../Exercise4_bsp/\libhal_bsp.a(altera_avalon_jtag_uart_ioctl.o)
                0x01000cd4                altera_avalon_jtag_uart_ioctl
 .text          0x01000dc8      0x224 ../Exercise4_bsp/\libhal_bsp.a(altera_avalon_jtag_uart_read.o)
                0x01000dc8                altera_avalon_jtag_uart_read
 .text          0x01000fec      0x240 ../Exercise4_bsp/\libhal_bsp.a(altera_avalon_jtag_uart_write.o)
                0x01000fec                altera_avalon_jtag_uart_write
 .text          0x0100122c      0x530 ../Exercise4_bsp/\libhal_bsp.a(altera_up_avalon_character_lcd.o)
                0x0100122c                get_DDRAM_addr
                0x010012a8                alt_up_character_lcd_send_cmd
                0x010012dc                alt_up_character_lcd_init
                0x01001310                alt_up_character_lcd_open_dev
                0x01001350                alt_up_character_lcd_write
                0x010013c8                alt_up_character_lcd_string
                0x01001440                alt_up_character_lcd_write_fd
                0x0100148c                alt_up_character_lcd_set_cursor_pos
                0x01001504                alt_up_character_lcd_shift_cursor
                0x010015b4                alt_up_character_lcd_shift_display
                0x01001664                alt_up_character_lcd_erase_pos
                0x010016f4                alt_up_character_lcd_cursor_off
                0x01001728                alt_up_character_lcd_cursor_blink_on
 .text          0x0100175c      0x304 ../Exercise4_bsp/\libhal_bsp.a(altera_up_avalon_video_character_buffer_with_dma.o)
                0x0100175c                alt_up_char_buffer_init
                0x010017e0                alt_up_char_buffer_open_dev
                0x01001820                alt_up_char_buffer_draw
                0x010018f0                alt_up_char_buffer_string
                0x01001a04                alt_up_char_buffer_clear
 .text          0x01001a60     0x15a0 ../Exercise4_bsp/\libhal_bsp.a(altera_up_avalon_video_pixel_buffer_dma.o)
                0x01001a60                alt_up_pixel_buffer_dma_open_dev
                0x01001aa0                alt_up_pixel_buffer_dma_draw
                0x01001c4c                alt_up_pixel_buffer_dma_change_back_buffer_address
                0x01001ca4                alt_up_pixel_buffer_dma_swap_buffers
                0x01001cfc                alt_up_pixel_buffer_dma_check_swap_buffers_status
                0x01001d30                alt_up_pixel_buffer_dma_clear_screen
                0x01001e9c                alt_up_pixel_buffer_dma_draw_box
                0x01002398                alt_up_pixel_buffer_dma_draw_hline
                0x010026f0                alt_up_pixel_buffer_dma_draw_vline
                0x01002ac8                alt_up_pixel_buffer_dma_draw_rectangle
                0x01002b8c                helper_plot_pixel
                0x01002c64                alt_up_pixel_buffer_dma_draw_line
 .text          0x01003000      0x154 ../Exercise4_bsp/\libhal_bsp.a(alt_alarm_start.o)
                0x01003000                alt_alarm_start
 .text          0x01003154      0x160 ../Exercise4_bsp/\libhal_bsp.a(alt_close.o)
                0x01003154                close
 .text          0x010032b4       0x1c ../Exercise4_bsp/\libhal_bsp.a(alt_dcache_flush_all.o)
                0x010032b4                alt_dcache_flush_all
 .text          0x010032d0       0x2c ../Exercise4_bsp/\libhal_bsp.a(alt_dev.o)
 .text          0x010032fc      0x114 ../Exercise4_bsp/\libhal_bsp.a(alt_dev_llist_insert.o)
                0x010032fc                alt_dev_llist_insert
 .text          0x01003410       0x64 ../Exercise4_bsp/\libhal_bsp.a(alt_do_ctors.o)
                0x01003410                _do_ctors
 .text          0x01003474       0x64 ../Exercise4_bsp/\libhal_bsp.a(alt_do_dtors.o)
                0x01003474                _do_dtors
 .text          0x010034d8        0x0 ../Exercise4_bsp/\libhal_bsp.a(alt_errno.o)
 .text          0x010034d8       0x94 ../Exercise4_bsp/\libhal_bsp.a(alt_find_dev.o)
                0x010034d8                alt_find_dev
 .text          0x0100356c       0x1c ../Exercise4_bsp/\libhal_bsp.a(alt_icache_flush_all.o)
                0x0100356c                alt_icache_flush_all
 .text          0x01003588      0x1d4 ../Exercise4_bsp/\libhal_bsp.a(alt_iic.o)
                0x01003588                alt_ic_isr_register
                0x010035d8                alt_ic_irq_enable
                0x01003674                alt_ic_irq_disable
                0x01003714                alt_ic_irq_enabled
 .text          0x0100375c       0xf8 ../Exercise4_bsp/\libhal_bsp.a(alt_iic_isr_register.o)
                0x0100375c                alt_iic_isr_register
 .text          0x01003854      0x150 ../Exercise4_bsp/\libhal_bsp.a(alt_io_redirect.o)
                0x0100392c                alt_io_redirect
 .text          0x010039a4        0x0 ../Exercise4_bsp/\libhal_bsp.a(alt_irq_entry.o)
 .text          0x010039a4        0x0 ../Exercise4_bsp/\libhal_bsp.a(alt_irq_handler.o)
 .text          0x010039a4        0x0 ../Exercise4_bsp/\libhal_bsp.a(alt_irq_vars.o)
 .text          0x010039a4      0x2e4 ../Exercise4_bsp/\libhal_bsp.a(alt_open.o)
                0x01003a9c                open
 .text          0x01003c88       0x78 ../Exercise4_bsp/\libhal_bsp.a(alt_release_fd.o)
                0x01003c88                alt_release_fd
 .text          0x01003d00      0x1a4 ../Exercise4_bsp/\libhal_bsp.a(alt_tick.o)
                0x01003d00                alt_alarm_stop
                0x01003d98                alt_tick
 .text          0x01003ea4       0x20 ../Exercise4_bsp/\libhal_bsp.a(altera_nios2_qsys_irq.o)
                0x01003ea4                altera_nios2_qsys_irq_init
 .text          0x01003ec4        0x0 ../Exercise4_bsp/\libhal_bsp.a(alt_exception_entry.o)
 .text          0x01003ec4      0x120 ../Exercise4_bsp/\libhal_bsp.a(alt_find_file.o)
                0x01003ec4                alt_find_file
 .text          0x01003fe4       0xd0 ../Exercise4_bsp/\libhal_bsp.a(alt_get_fd.o)
                0x01003fe4                alt_get_fd
 .text          0x010040b4       0x14 c:/altera/13.0sp1/nios2eds/bin/gnu/h-i686-mingw32/bin/../lib/gcc/nios2-elf/4.1.2/../../../../nios2-elf/lib/mno-hw-mul\libc.a(lib_a-atexit.o)
                0x010040b4                atexit
 .text          0x010040c8       0x38 c:/altera/13.0sp1/nios2eds/bin/gnu/h-i686-mingw32/bin/../lib/gcc/nios2-elf/4.1.2/../../../../nios2-elf/lib/mno-hw-mul\libc.a(lib_a-exit.o)
                0x010040c8                exit
 .text          0x01004100        0x0 c:/altera/13.0sp1/nios2eds/bin/gnu/h-i686-mingw32/bin/../lib/gcc/nios2-elf/4.1.2/../../../../nios2-elf/lib/mno-hw-mul\libc.a(lib_a-impure.o)
 .text          0x01004100        0x0 c:/altera/13.0sp1/nios2eds/bin/gnu/h-i686-mingw32/bin/../lib/gcc/nios2-elf/4.1.2/../../../../nios2-elf/lib/mno-hw-mul\libc.a(lib_a-int_errno.o)
 .text          0x01004100       0x74 c:/altera/13.0sp1/nios2eds/bin/gnu/h-i686-mingw32/bin/../lib/gcc/nios2-elf/4.1.2/../../../../nios2-elf/lib/mno-hw-mul\libc.a(lib_a-memcmp.o)
                0x01004100                memcmp
 .text          0x01004174       0xa0 c:/altera/13.0sp1/nios2eds/bin/gnu/h-i686-mingw32/bin/../lib/gcc/nios2-elf/4.1.2/../../../../nios2-elf/lib/mno-hw-mul\libc.a(lib_a-memcpy.o)
                0x01004174                memcpy
 .text          0x01004214       0xbc c:/altera/13.0sp1/nios2eds/bin/gnu/h-i686-mingw32/bin/../lib/gcc/nios2-elf/4.1.2/../../../../nios2-elf/lib/mno-hw-mul\libc.a(lib_a-strcmp.o)
                0x01004214                strcmp
 .text          0x010042d0       0x74 c:/altera/13.0sp1/nios2eds/bin/gnu/h-i686-mingw32/bin/../lib/gcc/nios2-elf/4.1.2/../../../../nios2-elf/lib/mno-hw-mul\libc.a(lib_a-strlen.o)
                0x010042d0                strlen
 .text          0x01004344      0x134 c:/altera/13.0sp1/nios2eds/bin/gnu/h-i686-mingw32/bin/../lib/gcc/nios2-elf/4.1.2/../../../../nios2-elf/lib/mno-hw-mul\libc.a(lib_a-__atexit.o)
                0x01004344                __register_exitproc
 .text          0x01004478      0x1b4 c:/altera/13.0sp1/nios2eds/bin/gnu/h-i686-mingw32/bin/../lib/gcc/nios2-elf/4.1.2/../../../../nios2-elf/lib/mno-hw-mul\libc.a(lib_a-__call_atexit.o)
                0x0100447c                __call_exitprocs
 .text          0x0100462c       0x38 c:/altera/13.0sp1/nios2eds/bin/gnu/h-i686-mingw32/bin/../lib/gcc/nios2-elf/4.1.2/mno-hw-mul\libgcc.a(lib2-mul.o)
                0x0100462c                __mulsi3
 .text          0x01004664       0x60 ../Exercise4_bsp/\libhal_bsp.a(alt_exit.o)
                0x010046a4                _exit
 *(.gnu.warning.*)
 *(.fini)
                0x010046c4                PROVIDE (__etext, ABSOLUTE (.))
                0x010046c4                PROVIDE (_etext, ABSOLUTE (.))
                0x010046c4                PROVIDE (etext, ABSOLUTE (.))
 *(.eh_frame_hdr)
                0x010046c4                . = ALIGN (0x4)
                0x010046c4                PROVIDE (__preinit_array_start, ABSOLUTE (.))
 *(.preinit_array)
                0x010046c4                PROVIDE (__preinit_array_end, ABSOLUTE (.))
                0x010046c4                PROVIDE (__init_array_start, ABSOLUTE (.))
 *(.init_array)
                0x010046c4                PROVIDE (__init_array_end, ABSOLUTE (.))
                0x010046c4                PROVIDE (__fini_array_start, ABSOLUTE (.))
 *(.fini_array)
                0x010046c4                PROVIDE (__fini_array_end, ABSOLUTE (.))
 *(.eh_frame)
 *(.gcc_except_table)
 *(.dynamic)
                0x010046c4                PROVIDE (__CTOR_LIST__, ABSOLUTE (.))
 *(.ctors)
 *(SORT(.ctors.*))
 .ctors.65535   0x010046c4        0x4 c:/altera/13.0sp1/nios2eds/bin/gnu/h-i686-mingw32/bin/../lib/gcc/nios2-elf/4.1.2/../../../../nios2-elf/lib/mno-hw-mul\libc.a(lib_a-__call_atexit.o)
                0x010046c8                PROVIDE (__CTOR_END__, ABSOLUTE (.))
                0x010046c8                PROVIDE (__DTOR_LIST__, ABSOLUTE (.))
 *(.dtors)
 *(SORT(.dtors.*))
                0x010046c8                PROVIDE (__DTOR_END__, ABSOLUTE (.))
 *(.jcr)
                0x010046c8                . = ALIGN (0x4)

.rodata         0x010046c8       0xf4
                0x010046c8                PROVIDE (__ram_rodata_start, ABSOLUTE (.))
                0x010046c8                . = ALIGN (0x4)
 *(.rodata .rodata.* .gnu.linkonce.r.*)
 .rodata        0x010046c8       0x44 obj/default/hello_world.o
 .rodata        0x0100470c       0x14 ../Exercise4_bsp/\libhal_bsp.a(alt_main.o)
 .rodata        0x01004720       0x70 ../Exercise4_bsp/\libhal_bsp.a(alt_sys_init.o)
 .rodata        0x01004790       0x1c ../Exercise4_bsp/\libhal_bsp.a(altera_up_avalon_video_character_buffer_with_dma.o)
 .rodata        0x010047ac        0xc ../Exercise4_bsp/\libhal_bsp.a(alt_dev.o)
 .rodata.str1.4
                0x010047b8        0x4 c:/altera/13.0sp1/nios2eds/bin/gnu/h-i686-mingw32/bin/../lib/gcc/nios2-elf/4.1.2/../../../../nios2-elf/lib/mno-hw-mul\libc.a(lib_a-impure.o)
 *(.rodata1)
                0x010047bc                . = ALIGN (0x4)
                0x010047bc                PROVIDE (__ram_rodata_end, ABSOLUTE (.))
                0x010046c8                PROVIDE (__flash_rodata_start, LOADADDR (.rodata))

.rwdata         0x010047bc     0x16fc load address 0x01005eb8
                0x010047bc                PROVIDE (__ram_rwdata_start, ABSOLUTE (.))
                0x010047bc                . = ALIGN (0x4)
 *(.got.plt)
 *(.got)
 *(.data1)
 *(.data .data.* .gnu.linkonce.d.*)
 .data          0x010047bc        0x0 ../Exercise4_bsp//obj/HAL/src/crt0.o
 .data          0x010047bc        0x0 obj/default/hello_world.o
 .data          0x010047bc        0x0 ../Exercise4_bsp/\libhal_bsp.a(alt_load.o)
 .data          0x010047bc        0x0 ../Exercise4_bsp/\libhal_bsp.a(alt_main.o)
 .data          0x010047bc     0x1128 ../Exercise4_bsp/\libhal_bsp.a(alt_sys_init.o)
 .data          0x010058e4        0x0 ../Exercise4_bsp/\libhal_bsp.a(altera_avalon_jtag_uart_fd.o)
 .data          0x010058e4        0x0 ../Exercise4_bsp/\libhal_bsp.a(altera_avalon_jtag_uart_init.o)
 .data          0x010058e4        0x0 ../Exercise4_bsp/\libhal_bsp.a(altera_avalon_jtag_uart_ioctl.o)
 .data          0x010058e4        0x0 ../Exercise4_bsp/\libhal_bsp.a(altera_avalon_jtag_uart_read.o)
 .data          0x010058e4        0x0 ../Exercise4_bsp/\libhal_bsp.a(altera_avalon_jtag_uart_write.o)
 .data          0x010058e4        0x0 ../Exercise4_bsp/\libhal_bsp.a(altera_up_avalon_character_lcd.o)
 .data          0x010058e4        0x0 ../Exercise4_bsp/\libhal_bsp.a(altera_up_avalon_video_character_buffer_with_dma.o)
 .data          0x010058e4        0x0 ../Exercise4_bsp/\libhal_bsp.a(altera_up_avalon_video_pixel_buffer_dma.o)
 .data          0x010058e4        0x0 ../Exercise4_bsp/\libhal_bsp.a(alt_alarm_start.o)
 .data          0x010058e4        0x0 ../Exercise4_bsp/\libhal_bsp.a(alt_close.o)
 .data          0x010058e4        0x0 ../Exercise4_bsp/\libhal_bsp.a(alt_dcache_flush_all.o)
 .data          0x010058e4      0x1a8 ../Exercise4_bsp/\libhal_bsp.a(alt_dev.o)
                0x010058e4                alt_dev_null
                0x0100590c                alt_fd_list
 .data          0x01005a8c        0x0 ../Exercise4_bsp/\libhal_bsp.a(alt_dev_llist_insert.o)
 .data          0x01005a8c        0x0 ../Exercise4_bsp/\libhal_bsp.a(alt_do_ctors.o)
 .data          0x01005a8c        0x0 ../Exercise4_bsp/\libhal_bsp.a(alt_do_dtors.o)
 .data          0x01005a8c        0x0 ../Exercise4_bsp/\libhal_bsp.a(alt_errno.o)
 .data          0x01005a8c        0x0 ../Exercise4_bsp/\libhal_bsp.a(alt_find_dev.o)
 .data          0x01005a8c        0x0 ../Exercise4_bsp/\libhal_bsp.a(alt_icache_flush_all.o)
 .data          0x01005a8c        0x0 ../Exercise4_bsp/\libhal_bsp.a(alt_iic.o)
 .data          0x01005a8c        0x0 ../Exercise4_bsp/\libhal_bsp.a(alt_iic_isr_register.o)
 .data          0x01005a8c        0x0 ../Exercise4_bsp/\libhal_bsp.a(alt_io_redirect.o)
 .data          0x01005a8c        0x0 ../Exercise4_bsp/\libhal_bsp.a(alt_irq_entry.o)
 .data          0x01005a8c        0x0 ../Exercise4_bsp/\libhal_bsp.a(alt_irq_handler.o)
 .data          0x01005a8c        0x0 ../Exercise4_bsp/\libhal_bsp.a(alt_irq_vars.o)
 .data          0x01005a8c        0x0 ../Exercise4_bsp/\libhal_bsp.a(alt_open.o)
 .data          0x01005a8c        0x0 ../Exercise4_bsp/\libhal_bsp.a(alt_release_fd.o)
 .data          0x01005a8c        0x0 ../Exercise4_bsp/\libhal_bsp.a(alt_tick.o)
 .data          0x01005a8c        0x0 ../Exercise4_bsp/\libhal_bsp.a(altera_nios2_qsys_irq.o)
 .data          0x01005a8c        0x0 ../Exercise4_bsp/\libhal_bsp.a(alt_exception_entry.o)
 .data          0x01005a8c        0x0 ../Exercise4_bsp/\libhal_bsp.a(alt_find_file.o)
 .data          0x01005a8c        0x0 ../Exercise4_bsp/\libhal_bsp.a(alt_get_fd.o)
 .data          0x01005a8c        0x0 c:/altera/13.0sp1/nios2eds/bin/gnu/h-i686-mingw32/bin/../lib/gcc/nios2-elf/4.1.2/../../../../nios2-elf/lib/mno-hw-mul\libc.a(lib_a-atexit.o)
 .data          0x01005a8c        0x0 c:/altera/13.0sp1/nios2eds/bin/gnu/h-i686-mingw32/bin/../lib/gcc/nios2-elf/4.1.2/../../../../nios2-elf/lib/mno-hw-mul\libc.a(lib_a-exit.o)
 .data          0x01005a8c      0x400 c:/altera/13.0sp1/nios2eds/bin/gnu/h-i686-mingw32/bin/../lib/gcc/nios2-elf/4.1.2/../../../../nios2-elf/lib/mno-hw-mul\libc.a(lib_a-impure.o)
 .data          0x01005e8c        0x0 c:/altera/13.0sp1/nios2eds/bin/gnu/h-i686-mingw32/bin/../lib/gcc/nios2-elf/4.1.2/../../../../nios2-elf/lib/mno-hw-mul\libc.a(lib_a-int_errno.o)
 .data          0x01005e8c        0x0 c:/altera/13.0sp1/nios2eds/bin/gnu/h-i686-mingw32/bin/../lib/gcc/nios2-elf/4.1.2/../../../../nios2-elf/lib/mno-hw-mul\libc.a(lib_a-memcmp.o)
 .data          0x01005e8c        0x0 c:/altera/13.0sp1/nios2eds/bin/gnu/h-i686-mingw32/bin/../lib/gcc/nios2-elf/4.1.2/../../../../nios2-elf/lib/mno-hw-mul\libc.a(lib_a-memcpy.o)
 .data          0x01005e8c        0x0 c:/altera/13.0sp1/nios2eds/bin/gnu/h-i686-mingw32/bin/../lib/gcc/nios2-elf/4.1.2/../../../../nios2-elf/lib/mno-hw-mul\libc.a(lib_a-strcmp.o)
 .data          0x01005e8c        0x0 c:/altera/13.0sp1/nios2eds/bin/gnu/h-i686-mingw32/bin/../lib/gcc/nios2-elf/4.1.2/../../../../nios2-elf/lib/mno-hw-mul\libc.a(lib_a-strlen.o)
 .data          0x01005e8c        0x0 c:/altera/13.0sp1/nios2eds/bin/gnu/h-i686-mingw32/bin/../lib/gcc/nios2-elf/4.1.2/../../../../nios2-elf/lib/mno-hw-mul\libc.a(lib_a-__atexit.o)
 .data          0x01005e8c        0x0 c:/altera/13.0sp1/nios2eds/bin/gnu/h-i686-mingw32/bin/../lib/gcc/nios2-elf/4.1.2/../../../../nios2-elf/lib/mno-hw-mul\libc.a(lib_a-__call_atexit.o)
 .data          0x01005e8c        0x0 c:/altera/13.0sp1/nios2eds/bin/gnu/h-i686-mingw32/bin/../lib/gcc/nios2-elf/4.1.2/mno-hw-mul\libgcc.a(lib2-mul.o)
 .data          0x01005e8c        0x0 ../Exercise4_bsp/\libhal_bsp.a(alt_exit.o)
                0x0100de8c                _gp = ABSOLUTE ((. + 0x8000))
                0x0100de8c                PROVIDE (gp, _gp)
 *(.rwdata .rwdata.*)
 *(.sdata .sdata.* .gnu.linkonce.s.*)
 .sdata         0x01005e8c       0x14 ../Exercise4_bsp/\libhal_bsp.a(alt_dev.o)
                0x01005e8c                alt_fs_list
                0x01005e94                alt_dev_list
                0x01005e9c                alt_max_fd
 .sdata         0x01005ea0        0x4 ../Exercise4_bsp/\libhal_bsp.a(alt_errno.o)
                0x01005ea0                alt_errno
 .sdata         0x01005ea4        0x4 ../Exercise4_bsp/\libhal_bsp.a(alt_irq_vars.o)
                0x01005ea4                alt_priority_mask
 .sdata         0x01005ea8        0x8 ../Exercise4_bsp/\libhal_bsp.a(alt_tick.o)
                0x01005ea8                alt_alarm_list
 .sdata         0x01005eb0        0x8 c:/altera/13.0sp1/nios2eds/bin/gnu/h-i686-mingw32/bin/../lib/gcc/nios2-elf/4.1.2/../../../../nios2-elf/lib/mno-hw-mul\libc.a(lib_a-impure.o)
                0x01005eb0                _impure_ptr
                0x01005eb4                _global_impure_ptr
 *(.sdata2 .sdata2.* .gnu.linkonce.s2.*)
                0x01005eb8                . = ALIGN (0x4)
                0x01005eb8                _edata = ABSOLUTE (.)
                0x01005eb8                PROVIDE (edata, ABSOLUTE (.))
                0x01005eb8                PROVIDE (__ram_rwdata_end, ABSOLUTE (.))
                0x01005eb8                PROVIDE (__flash_rwdata_start, LOADADDR (.rwdata))

.bss            0x010075b4      0x2ac
                0x010075b4                __bss_start = ABSOLUTE (.)
                0x010075b4                PROVIDE (__sbss_start, ABSOLUTE (.))
                0x010075b4                PROVIDE (___sbss_start, ABSOLUTE (.))
 *(.dynsbss)
 *(.sbss .sbss.* .gnu.linkonce.sb.*)
 .sbss          0x010075b4        0xc ../Exercise4_bsp/\libhal_bsp.a(alt_main.o)
                0x010075b4                alt_argc
                0x010075b8                alt_argv
                0x010075bc                alt_envp
 .sbss          0x010075c0        0x4 ../Exercise4_bsp/\libhal_bsp.a(alt_irq_vars.o)
                0x010075c0                alt_irq_active
 .sbss          0x010075c4        0x8 ../Exercise4_bsp/\libhal_bsp.a(alt_tick.o)
                0x010075c4                _alt_tick_rate
                0x010075c8                _alt_nticks
 .sbss          0x010075cc        0x4 c:/altera/13.0sp1/nios2eds/bin/gnu/h-i686-mingw32/bin/../lib/gcc/nios2-elf/4.1.2/../../../../nios2-elf/lib/mno-hw-mul\libc.a(lib_a-int_errno.o)
                0x010075cc                errno
 *(.sbss2 .sbss2.* .gnu.linkonce.sb2.*)
 *(.scommon)
                0x010075d0                PROVIDE (__sbss_end, ABSOLUTE (.))
                0x010075d0                PROVIDE (___sbss_end, ABSOLUTE (.))
 *(.dynbss)
 *(.bss .bss.* .gnu.linkonce.b.*)
 .bss           0x010075d0        0x0 ../Exercise4_bsp//obj/HAL/src/crt0.o
 .bss           0x010075d0        0x0 obj/default/hello_world.o
 .bss           0x010075d0        0x0 ../Exercise4_bsp/\libhal_bsp.a(alt_load.o)
 .bss           0x010075d0        0x0 ../Exercise4_bsp/\libhal_bsp.a(alt_main.o)
 .bss           0x010075d0        0x0 ../Exercise4_bsp/\libhal_bsp.a(alt_sys_init.o)
 .bss           0x010075d0        0x0 ../Exercise4_bsp/\libhal_bsp.a(altera_avalon_jtag_uart_fd.o)
 .bss           0x010075d0        0x0 ../Exercise4_bsp/\libhal_bsp.a(altera_avalon_jtag_uart_init.o)
 .bss           0x010075d0        0x0 ../Exercise4_bsp/\libhal_bsp.a(altera_avalon_jtag_uart_ioctl.o)
 .bss           0x010075d0        0x0 ../Exercise4_bsp/\libhal_bsp.a(altera_avalon_jtag_uart_read.o)
 .bss           0x010075d0        0x0 ../Exercise4_bsp/\libhal_bsp.a(altera_avalon_jtag_uart_write.o)
 .bss           0x010075d0        0x0 ../Exercise4_bsp/\libhal_bsp.a(altera_up_avalon_character_lcd.o)
 .bss           0x010075d0        0x0 ../Exercise4_bsp/\libhal_bsp.a(altera_up_avalon_video_character_buffer_with_dma.o)
 .bss           0x010075d0        0x0 ../Exercise4_bsp/\libhal_bsp.a(altera_up_avalon_video_pixel_buffer_dma.o)
 .bss           0x010075d0        0x0 ../Exercise4_bsp/\libhal_bsp.a(alt_alarm_start.o)
 .bss           0x010075d0        0x0 ../Exercise4_bsp/\libhal_bsp.a(alt_close.o)
 .bss           0x010075d0        0x0 ../Exercise4_bsp/\libhal_bsp.a(alt_dcache_flush_all.o)
 .bss           0x010075d0        0x0 ../Exercise4_bsp/\libhal_bsp.a(alt_dev.o)
 .bss           0x010075d0        0x0 ../Exercise4_bsp/\libhal_bsp.a(alt_dev_llist_insert.o)
 .bss           0x010075d0        0x0 ../Exercise4_bsp/\libhal_bsp.a(alt_do_ctors.o)
 .bss           0x010075d0        0x0 ../Exercise4_bsp/\libhal_bsp.a(alt_do_dtors.o)
 .bss           0x010075d0        0x0 ../Exercise4_bsp/\libhal_bsp.a(alt_errno.o)
 .bss           0x010075d0        0x0 ../Exercise4_bsp/\libhal_bsp.a(alt_find_dev.o)
 .bss           0x010075d0        0x0 ../Exercise4_bsp/\libhal_bsp.a(alt_icache_flush_all.o)
 .bss           0x010075d0        0x0 ../Exercise4_bsp/\libhal_bsp.a(alt_iic.o)
 .bss           0x010075d0        0x0 ../Exercise4_bsp/\libhal_bsp.a(alt_iic_isr_register.o)
 .bss           0x010075d0        0x0 ../Exercise4_bsp/\libhal_bsp.a(alt_io_redirect.o)
 .bss           0x010075d0        0x0 ../Exercise4_bsp/\libhal_bsp.a(alt_irq_entry.o)
 .bss           0x010075d0        0x0 ../Exercise4_bsp/\libhal_bsp.a(alt_irq_handler.o)
 .bss           0x010075d0        0x0 ../Exercise4_bsp/\libhal_bsp.a(alt_irq_vars.o)
 .bss           0x010075d0        0x0 ../Exercise4_bsp/\libhal_bsp.a(alt_open.o)
 .bss           0x010075d0        0x0 ../Exercise4_bsp/\libhal_bsp.a(alt_release_fd.o)
 .bss           0x010075d0        0x0 ../Exercise4_bsp/\libhal_bsp.a(alt_tick.o)
 .bss           0x010075d0        0x0 ../Exercise4_bsp/\libhal_bsp.a(altera_nios2_qsys_irq.o)
 .bss           0x010075d0        0x0 ../Exercise4_bsp/\libhal_bsp.a(alt_exception_entry.o)
 .bss           0x010075d0        0x0 ../Exercise4_bsp/\libhal_bsp.a(alt_find_file.o)
 .bss           0x010075d0        0x0 ../Exercise4_bsp/\libhal_bsp.a(alt_get_fd.o)
 .bss           0x010075d0        0x0 c:/altera/13.0sp1/nios2eds/bin/gnu/h-i686-mingw32/bin/../lib/gcc/nios2-elf/4.1.2/../../../../nios2-elf/lib/mno-hw-mul\libc.a(lib_a-atexit.o)
 .bss           0x010075d0        0x0 c:/altera/13.0sp1/nios2eds/bin/gnu/h-i686-mingw32/bin/../lib/gcc/nios2-elf/4.1.2/../../../../nios2-elf/lib/mno-hw-mul\libc.a(lib_a-exit.o)
 .bss           0x010075d0        0x0 c:/altera/13.0sp1/nios2eds/bin/gnu/h-i686-mingw32/bin/../lib/gcc/nios2-elf/4.1.2/../../../../nios2-elf/lib/mno-hw-mul\libc.a(lib_a-impure.o)
 .bss           0x010075d0        0x0 c:/altera/13.0sp1/nios2eds/bin/gnu/h-i686-mingw32/bin/../lib/gcc/nios2-elf/4.1.2/../../../../nios2-elf/lib/mno-hw-mul\libc.a(lib_a-int_errno.o)
 .bss           0x010075d0        0x0 c:/altera/13.0sp1/nios2eds/bin/gnu/h-i686-mingw32/bin/../lib/gcc/nios2-elf/4.1.2/../../../../nios2-elf/lib/mno-hw-mul\libc.a(lib_a-memcmp.o)
 .bss           0x010075d0        0x0 c:/altera/13.0sp1/nios2eds/bin/gnu/h-i686-mingw32/bin/../lib/gcc/nios2-elf/4.1.2/../../../../nios2-elf/lib/mno-hw-mul\libc.a(lib_a-memcpy.o)
 .bss           0x010075d0        0x0 c:/altera/13.0sp1/nios2eds/bin/gnu/h-i686-mingw32/bin/../lib/gcc/nios2-elf/4.1.2/../../../../nios2-elf/lib/mno-hw-mul\libc.a(lib_a-strcmp.o)
 .bss           0x010075d0        0x0 c:/altera/13.0sp1/nios2eds/bin/gnu/h-i686-mingw32/bin/../lib/gcc/nios2-elf/4.1.2/../../../../nios2-elf/lib/mno-hw-mul\libc.a(lib_a-strlen.o)
 .bss           0x010075d0        0x0 c:/altera/13.0sp1/nios2eds/bin/gnu/h-i686-mingw32/bin/../lib/gcc/nios2-elf/4.1.2/../../../../nios2-elf/lib/mno-hw-mul\libc.a(lib_a-__atexit.o)
 .bss           0x010075d0        0x0 c:/altera/13.0sp1/nios2eds/bin/gnu/h-i686-mingw32/bin/../lib/gcc/nios2-elf/4.1.2/../../../../nios2-elf/lib/mno-hw-mul\libc.a(lib_a-__call_atexit.o)
 .bss           0x010075d0        0x0 c:/altera/13.0sp1/nios2eds/bin/gnu/h-i686-mingw32/bin/../lib/gcc/nios2-elf/4.1.2/mno-hw-mul\libgcc.a(lib2-mul.o)
 .bss           0x010075d0        0x0 ../Exercise4_bsp/\libhal_bsp.a(alt_exit.o)
 *(COMMON)
 COMMON         0x010075d0      0x100 ../Exercise4_bsp/\libhal_bsp.a(alt_irq_handler.o)
                0x010075d0                alt_irq
 COMMON         0x010076d0      0x190 c:/altera/13.0sp1/nios2eds/bin/gnu/h-i686-mingw32/bin/../lib/gcc/nios2-elf/4.1.2/../../../../nios2-elf/lib/mno-hw-mul\libc.a(lib_a-atexit.o)
                0x010076d0                _atexit0
                0x01007860                . = ALIGN (0x4)
                0x01007860                __bss_end = ABSOLUTE (.)

.onchip_memory2_0
                0x00000000        0x0 load address 0x01007860
                0x00000000                PROVIDE (_alt_partition_onchip_memory2_0_start, ABSOLUTE (.))
 *(.onchip_memory2_0. onchip_memory2_0.*)
                0x00000000                . = ALIGN (0x4)
                0x00000000                PROVIDE (_alt_partition_onchip_memory2_0_end, ABSOLUTE (.))
                0x01007860                PROVIDE (_alt_partition_onchip_memory2_0_load_addr, LOADADDR (.onchip_memory2_0))

.sdram          0x01007860        0x0
                0x01007860                PROVIDE (_alt_partition_sdram_start, ABSOLUTE (.))
 *(.sdram. sdram.*)
                0x01007860                . = ALIGN (0x4)
                0x01007860                PROVIDE (_alt_partition_sdram_end, ABSOLUTE (.))
                0x01007860                _end = ABSOLUTE (.)
                0x01007860                end = ABSOLUTE (.)
                0x01007860                __alt_stack_base = ABSOLUTE (.)
                0x01007860                PROVIDE (_alt_partition_sdram_load_addr, LOADADDR (.sdram))

.stab
 *(.stab)

.stabstr
 *(.stabstr)

.stab.excl
 *(.stab.excl)

.stab.exclstr
 *(.stab.exclstr)

.stab.index
 *(.stab.index)

.stab.indexstr
 *(.stab.indexstr)

.comment        0x00000000       0x26
 *(.comment)
 .comment       0x00000000       0x26 obj/default/hello_world.o
                                 0x27 (size before relaxing)
 .comment       0x00000000       0x27 ../Exercise4_bsp/\libhal_bsp.a(alt_load.o)
 .comment       0x00000000       0x27 ../Exercise4_bsp/\libhal_bsp.a(alt_main.o)
 .comment       0x00000000       0x27 ../Exercise4_bsp/\libhal_bsp.a(alt_sys_init.o)
 .comment       0x00000000       0x27 ../Exercise4_bsp/\libhal_bsp.a(altera_avalon_jtag_uart_fd.o)
 .comment       0x00000000       0x27 ../Exercise4_bsp/\libhal_bsp.a(altera_avalon_jtag_uart_init.o)
 .comment       0x00000000       0x27 ../Exercise4_bsp/\libhal_bsp.a(altera_avalon_jtag_uart_ioctl.o)
 .comment       0x00000000       0x27 ../Exercise4_bsp/\libhal_bsp.a(altera_avalon_jtag_uart_read.o)
 .comment       0x00000000       0x27 ../Exercise4_bsp/\libhal_bsp.a(altera_avalon_jtag_uart_write.o)
 .comment       0x00000000       0x27 ../Exercise4_bsp/\libhal_bsp.a(altera_up_avalon_character_lcd.o)
 .comment       0x00000000       0x27 ../Exercise4_bsp/\libhal_bsp.a(altera_up_avalon_video_character_buffer_with_dma.o)
 .comment       0x00000000       0x27 ../Exercise4_bsp/\libhal_bsp.a(altera_up_avalon_video_pixel_buffer_dma.o)
 .comment       0x00000000       0x27 ../Exercise4_bsp/\libhal_bsp.a(alt_alarm_start.o)
 .comment       0x00000000       0x27 ../Exercise4_bsp/\libhal_bsp.a(alt_close.o)
 .comment       0x00000000       0x27 ../Exercise4_bsp/\libhal_bsp.a(alt_dcache_flush_all.o)
 .comment       0x00000000       0x27 ../Exercise4_bsp/\libhal_bsp.a(alt_dev.o)
 .comment       0x00000000       0x27 ../Exercise4_bsp/\libhal_bsp.a(alt_dev_llist_insert.o)
 .comment       0x00000000       0x27 ../Exercise4_bsp/\libhal_bsp.a(alt_do_ctors.o)
 .comment       0x00000000       0x27 ../Exercise4_bsp/\libhal_bsp.a(alt_do_dtors.o)
 .comment       0x00000000       0x27 ../Exercise4_bsp/\libhal_bsp.a(alt_errno.o)
 .comment       0x00000000       0x27 ../Exercise4_bsp/\libhal_bsp.a(alt_find_dev.o)
 .comment       0x00000000       0x27 ../Exercise4_bsp/\libhal_bsp.a(alt_icache_flush_all.o)
 .comment       0x00000000       0x27 ../Exercise4_bsp/\libhal_bsp.a(alt_iic.o)
 .comment       0x00000000       0x27 ../Exercise4_bsp/\libhal_bsp.a(alt_iic_isr_register.o)
 .comment       0x00000000       0x27 ../Exercise4_bsp/\libhal_bsp.a(alt_io_redirect.o)
 .comment       0x00000000       0x27 ../Exercise4_bsp/\libhal_bsp.a(alt_irq_handler.o)
 .comment       0x00000000       0x27 ../Exercise4_bsp/\libhal_bsp.a(alt_irq_vars.o)
 .comment       0x00000000       0x27 ../Exercise4_bsp/\libhal_bsp.a(alt_open.o)
 .comment       0x00000000       0x27 ../Exercise4_bsp/\libhal_bsp.a(alt_release_fd.o)
 .comment       0x00000000       0x27 ../Exercise4_bsp/\libhal_bsp.a(alt_tick.o)
 .comment       0x00000000       0x27 ../Exercise4_bsp/\libhal_bsp.a(altera_nios2_qsys_irq.o)
 .comment       0x00000000       0x27 ../Exercise4_bsp/\libhal_bsp.a(alt_find_file.o)
 .comment       0x00000000       0x27 ../Exercise4_bsp/\libhal_bsp.a(alt_get_fd.o)
 .comment       0x00000000       0x27 c:/altera/13.0sp1/nios2eds/bin/gnu/h-i686-mingw32/bin/../lib/gcc/nios2-elf/4.1.2/../../../../nios2-elf/lib/mno-hw-mul\libc.a(lib_a-atexit.o)
 .comment       0x00000000       0x27 c:/altera/13.0sp1/nios2eds/bin/gnu/h-i686-mingw32/bin/../lib/gcc/nios2-elf/4.1.2/../../../../nios2-elf/lib/mno-hw-mul\libc.a(lib_a-exit.o)
 .comment       0x00000000       0x27 c:/altera/13.0sp1/nios2eds/bin/gnu/h-i686-mingw32/bin/../lib/gcc/nios2-elf/4.1.2/../../../../nios2-elf/lib/mno-hw-mul\libc.a(lib_a-impure.o)
 .comment       0x00000000       0x27 c:/altera/13.0sp1/nios2eds/bin/gnu/h-i686-mingw32/bin/../lib/gcc/nios2-elf/4.1.2/../../../../nios2-elf/lib/mno-hw-mul\libc.a(lib_a-int_errno.o)
 .comment       0x00000000       0x27 c:/altera/13.0sp1/nios2eds/bin/gnu/h-i686-mingw32/bin/../lib/gcc/nios2-elf/4.1.2/../../../../nios2-elf/lib/mno-hw-mul\libc.a(lib_a-memcmp.o)
 .comment       0x00000000       0x27 c:/altera/13.0sp1/nios2eds/bin/gnu/h-i686-mingw32/bin/../lib/gcc/nios2-elf/4.1.2/../../../../nios2-elf/lib/mno-hw-mul\libc.a(lib_a-memcpy.o)
 .comment       0x00000000       0x27 c:/altera/13.0sp1/nios2eds/bin/gnu/h-i686-mingw32/bin/../lib/gcc/nios2-elf/4.1.2/../../../../nios2-elf/lib/mno-hw-mul\libc.a(lib_a-strcmp.o)
 .comment       0x00000000       0x27 c:/altera/13.0sp1/nios2eds/bin/gnu/h-i686-mingw32/bin/../lib/gcc/nios2-elf/4.1.2/../../../../nios2-elf/lib/mno-hw-mul\libc.a(lib_a-strlen.o)
 .comment       0x00000000       0x27 c:/altera/13.0sp1/nios2eds/bin/gnu/h-i686-mingw32/bin/../lib/gcc/nios2-elf/4.1.2/../../../../nios2-elf/lib/mno-hw-mul\libc.a(lib_a-__atexit.o)
 .comment       0x00000000       0x27 c:/altera/13.0sp1/nios2eds/bin/gnu/h-i686-mingw32/bin/../lib/gcc/nios2-elf/4.1.2/../../../../nios2-elf/lib/mno-hw-mul\libc.a(lib_a-__call_atexit.o)
 .comment       0x00000000       0x27 c:/altera/13.0sp1/nios2eds/bin/gnu/h-i686-mingw32/bin/../lib/gcc/nios2-elf/4.1.2/mno-hw-mul\libgcc.a(lib2-mul.o)
 .comment       0x00000000       0x27 ../Exercise4_bsp/\libhal_bsp.a(alt_exit.o)

.debug
 *(.debug)

.line
 *(.line)

.debug_srcinfo
 *(.debug_srcinfo)

.debug_sfnames
 *(.debug_sfnames)

.debug_aranges  0x00000000      0x5b8
 *(.debug_aranges)
 .debug_aranges
                0x00000000       0x28 ../Exercise4_bsp//obj/HAL/src/crt0.o
 .debug_aranges
                0x00000028       0x20 obj/default/hello_world.o
 .debug_aranges
                0x00000048       0x20 ../Exercise4_bsp/\libhal_bsp.a(alt_load.o)
 .debug_aranges
                0x00000068       0x20 ../Exercise4_bsp/\libhal_bsp.a(alt_main.o)
 .debug_aranges
                0x00000088       0x20 ../Exercise4_bsp/\libhal_bsp.a(alt_sys_init.o)
 .debug_aranges
                0x000000a8       0x20 ../Exercise4_bsp/\libhal_bsp.a(altera_avalon_jtag_uart_fd.o)
 .debug_aranges
                0x000000c8       0x20 ../Exercise4_bsp/\libhal_bsp.a(altera_avalon_jtag_uart_init.o)
 .debug_aranges
                0x000000e8       0x20 ../Exercise4_bsp/\libhal_bsp.a(altera_avalon_jtag_uart_ioctl.o)
 .debug_aranges
                0x00000108       0x20 ../Exercise4_bsp/\libhal_bsp.a(altera_avalon_jtag_uart_read.o)
 .debug_aranges
                0x00000128       0x20 ../Exercise4_bsp/\libhal_bsp.a(altera_avalon_jtag_uart_write.o)
 .debug_aranges
                0x00000148       0x20 ../Exercise4_bsp/\libhal_bsp.a(altera_up_avalon_character_lcd.o)
 .debug_aranges
                0x00000168       0x20 ../Exercise4_bsp/\libhal_bsp.a(altera_up_avalon_video_character_buffer_with_dma.o)
 .debug_aranges
                0x00000188       0x20 ../Exercise4_bsp/\libhal_bsp.a(altera_up_avalon_video_pixel_buffer_dma.o)
 .debug_aranges
                0x000001a8       0x20 ../Exercise4_bsp/\libhal_bsp.a(alt_alarm_start.o)
 .debug_aranges
                0x000001c8       0x20 ../Exercise4_bsp/\libhal_bsp.a(alt_close.o)
 .debug_aranges
                0x000001e8       0x20 ../Exercise4_bsp/\libhal_bsp.a(alt_dcache_flush_all.o)
 .debug_aranges
                0x00000208       0x20 ../Exercise4_bsp/\libhal_bsp.a(alt_dev.o)
 .debug_aranges
                0x00000228       0x20 ../Exercise4_bsp/\libhal_bsp.a(alt_dev_llist_insert.o)
 .debug_aranges
                0x00000248       0x20 ../Exercise4_bsp/\libhal_bsp.a(alt_do_ctors.o)
 .debug_aranges
                0x00000268       0x20 ../Exercise4_bsp/\libhal_bsp.a(alt_do_dtors.o)
 .debug_aranges
                0x00000288       0x20 ../Exercise4_bsp/\libhal_bsp.a(alt_find_dev.o)
 .debug_aranges
                0x000002a8       0x20 ../Exercise4_bsp/\libhal_bsp.a(alt_icache_flush_all.o)
 .debug_aranges
                0x000002c8       0x20 ../Exercise4_bsp/\libhal_bsp.a(alt_iic.o)
 .debug_aranges
                0x000002e8       0x20 ../Exercise4_bsp/\libhal_bsp.a(alt_iic_isr_register.o)
 .debug_aranges
                0x00000308       0x20 ../Exercise4_bsp/\libhal_bsp.a(alt_io_redirect.o)
 .debug_aranges
                0x00000328       0x30 ../Exercise4_bsp/\libhal_bsp.a(alt_irq_entry.o)
 .debug_aranges
                0x00000358       0x28 ../Exercise4_bsp/\libhal_bsp.a(alt_irq_handler.o)
 .debug_aranges
                0x00000380       0x20 ../Exercise4_bsp/\libhal_bsp.a(alt_open.o)
 .debug_aranges
                0x000003a0       0x20 ../Exercise4_bsp/\libhal_bsp.a(alt_release_fd.o)
 .debug_aranges
                0x000003c0       0x20 ../Exercise4_bsp/\libhal_bsp.a(alt_tick.o)
 .debug_aranges
                0x000003e0       0x20 ../Exercise4_bsp/\libhal_bsp.a(altera_nios2_qsys_irq.o)
 .debug_aranges
                0x00000400       0x38 ../Exercise4_bsp/\libhal_bsp.a(alt_exception_entry.o)
 .debug_aranges
                0x00000438       0x20 ../Exercise4_bsp/\libhal_bsp.a(alt_find_file.o)
 .debug_aranges
                0x00000458       0x20 ../Exercise4_bsp/\libhal_bsp.a(alt_get_fd.o)
 .debug_aranges
                0x00000478       0x20 c:/altera/13.0sp1/nios2eds/bin/gnu/h-i686-mingw32/bin/../lib/gcc/nios2-elf/4.1.2/../../../../nios2-elf/lib/mno-hw-mul\libc.a(lib_a-atexit.o)
 .debug_aranges
                0x00000498       0x20 c:/altera/13.0sp1/nios2eds/bin/gnu/h-i686-mingw32/bin/../lib/gcc/nios2-elf/4.1.2/../../../../nios2-elf/lib/mno-hw-mul\libc.a(lib_a-exit.o)
 .debug_aranges
                0x000004b8       0x20 c:/altera/13.0sp1/nios2eds/bin/gnu/h-i686-mingw32/bin/../lib/gcc/nios2-elf/4.1.2/../../../../nios2-elf/lib/mno-hw-mul\libc.a(lib_a-memcmp.o)
 .debug_aranges
                0x000004d8       0x20 c:/altera/13.0sp1/nios2eds/bin/gnu/h-i686-mingw32/bin/../lib/gcc/nios2-elf/4.1.2/../../../../nios2-elf/lib/mno-hw-mul\libc.a(lib_a-memcpy.o)
 .debug_aranges
                0x000004f8       0x20 c:/altera/13.0sp1/nios2eds/bin/gnu/h-i686-mingw32/bin/../lib/gcc/nios2-elf/4.1.2/../../../../nios2-elf/lib/mno-hw-mul\libc.a(lib_a-strcmp.o)
 .debug_aranges
                0x00000518       0x20 c:/altera/13.0sp1/nios2eds/bin/gnu/h-i686-mingw32/bin/../lib/gcc/nios2-elf/4.1.2/../../../../nios2-elf/lib/mno-hw-mul\libc.a(lib_a-strlen.o)
 .debug_aranges
                0x00000538       0x20 c:/altera/13.0sp1/nios2eds/bin/gnu/h-i686-mingw32/bin/../lib/gcc/nios2-elf/4.1.2/../../../../nios2-elf/lib/mno-hw-mul\libc.a(lib_a-__atexit.o)
 .debug_aranges
                0x00000558       0x20 c:/altera/13.0sp1/nios2eds/bin/gnu/h-i686-mingw32/bin/../lib/gcc/nios2-elf/4.1.2/../../../../nios2-elf/lib/mno-hw-mul\libc.a(lib_a-__call_atexit.o)
 .debug_aranges
                0x00000578       0x20 c:/altera/13.0sp1/nios2eds/bin/gnu/h-i686-mingw32/bin/../lib/gcc/nios2-elf/4.1.2/mno-hw-mul\libgcc.a(lib2-mul.o)
 .debug_aranges
                0x00000598       0x20 ../Exercise4_bsp/\libhal_bsp.a(alt_exit.o)

.debug_pubnames
                0x00000000      0xc39
 *(.debug_pubnames)
 .debug_pubnames
                0x00000000       0x1b obj/default/hello_world.o
 .debug_pubnames
                0x0000001b       0x1f ../Exercise4_bsp/\libhal_bsp.a(alt_load.o)
 .debug_pubnames
                0x0000003a       0x46 ../Exercise4_bsp/\libhal_bsp.a(alt_main.o)
 .debug_pubnames
                0x00000080       0x34 ../Exercise4_bsp/\libhal_bsp.a(alt_sys_init.o)
 .debug_pubnames
                0x000000b4       0xa5 ../Exercise4_bsp/\libhal_bsp.a(altera_avalon_jtag_uart_fd.o)
 .debug_pubnames
                0x00000159       0x55 ../Exercise4_bsp/\libhal_bsp.a(altera_avalon_jtag_uart_init.o)
 .debug_pubnames
                0x000001ae       0x34 ../Exercise4_bsp/\libhal_bsp.a(altera_avalon_jtag_uart_ioctl.o)
 .debug_pubnames
                0x000001e2       0x33 ../Exercise4_bsp/\libhal_bsp.a(altera_avalon_jtag_uart_read.o)
 .debug_pubnames
                0x00000215       0x34 ../Exercise4_bsp/\libhal_bsp.a(altera_avalon_jtag_uart_write.o)
 .debug_pubnames
                0x00000249      0x1cd ../Exercise4_bsp/\libhal_bsp.a(altera_up_avalon_character_lcd.o)
 .debug_pubnames
                0x00000416       0xa5 ../Exercise4_bsp/\libhal_bsp.a(altera_up_avalon_video_character_buffer_with_dma.o)
 .debug_pubnames
                0x000004bb      0x1f1 ../Exercise4_bsp/\libhal_bsp.a(altera_up_avalon_video_pixel_buffer_dma.o)
 .debug_pubnames
                0x000006ac       0x26 ../Exercise4_bsp/\libhal_bsp.a(alt_alarm_start.o)
 .debug_pubnames
                0x000006d2       0x1c ../Exercise4_bsp/\libhal_bsp.a(alt_close.o)
 .debug_pubnames
                0x000006ee       0x2b ../Exercise4_bsp/\libhal_bsp.a(alt_dcache_flush_all.o)
 .debug_pubnames
                0x00000719       0x63 ../Exercise4_bsp/\libhal_bsp.a(alt_dev.o)
 .debug_pubnames
                0x0000077c       0x2b ../Exercise4_bsp/\libhal_bsp.a(alt_dev_llist_insert.o)
 .debug_pubnames
                0x000007a7       0x20 ../Exercise4_bsp/\libhal_bsp.a(alt_do_ctors.o)
 .debug_pubnames
                0x000007c7       0x20 ../Exercise4_bsp/\libhal_bsp.a(alt_do_dtors.o)
 .debug_pubnames
                0x000007e7       0x20 ../Exercise4_bsp/\libhal_bsp.a(alt_errno.o)
 .debug_pubnames
                0x00000807       0x23 ../Exercise4_bsp/\libhal_bsp.a(alt_find_dev.o)
 .debug_pubnames
                0x0000082a       0x2b ../Exercise4_bsp/\libhal_bsp.a(alt_icache_flush_all.o)
 .debug_pubnames
                0x00000855       0x6e ../Exercise4_bsp/\libhal_bsp.a(alt_iic.o)
 .debug_pubnames
                0x000008c3       0x2b ../Exercise4_bsp/\libhal_bsp.a(alt_iic_isr_register.o)
 .debug_pubnames
                0x000008ee       0x26 ../Exercise4_bsp/\libhal_bsp.a(alt_io_redirect.o)
 .debug_pubnames
                0x00000914       0x32 ../Exercise4_bsp/\libhal_bsp.a(alt_irq_handler.o)
 .debug_pubnames
                0x00000946       0x3b ../Exercise4_bsp/\libhal_bsp.a(alt_irq_vars.o)
 .debug_pubnames
                0x00000981       0x1b ../Exercise4_bsp/\libhal_bsp.a(alt_open.o)
 .debug_pubnames
                0x0000099c       0x25 ../Exercise4_bsp/\libhal_bsp.a(alt_release_fd.o)
 .debug_pubnames
                0x000009c1       0x68 ../Exercise4_bsp/\libhal_bsp.a(alt_tick.o)
 .debug_pubnames
                0x00000a29       0x31 ../Exercise4_bsp/\libhal_bsp.a(altera_nios2_qsys_irq.o)
 .debug_pubnames
                0x00000a5a       0x24 ../Exercise4_bsp/\libhal_bsp.a(alt_find_file.o)
 .debug_pubnames
                0x00000a7e       0x21 ../Exercise4_bsp/\libhal_bsp.a(alt_get_fd.o)
 .debug_pubnames
                0x00000a9f       0x2a c:/altera/13.0sp1/nios2eds/bin/gnu/h-i686-mingw32/bin/../lib/gcc/nios2-elf/4.1.2/../../../../nios2-elf/lib/mno-hw-mul\libc.a(lib_a-atexit.o)
 .debug_pubnames
                0x00000ac9       0x1b c:/altera/13.0sp1/nios2eds/bin/gnu/h-i686-mingw32/bin/../lib/gcc/nios2-elf/4.1.2/../../../../nios2-elf/lib/mno-hw-mul\libc.a(lib_a-exit.o)
 .debug_pubnames
                0x00000ae4       0x39 c:/altera/13.0sp1/nios2eds/bin/gnu/h-i686-mingw32/bin/../lib/gcc/nios2-elf/4.1.2/../../../../nios2-elf/lib/mno-hw-mul\libc.a(lib_a-impure.o)
 .debug_pubnames
                0x00000b1d       0x1c c:/altera/13.0sp1/nios2eds/bin/gnu/h-i686-mingw32/bin/../lib/gcc/nios2-elf/4.1.2/../../../../nios2-elf/lib/mno-hw-mul\libc.a(lib_a-int_errno.o)
 .debug_pubnames
                0x00000b39       0x1d c:/altera/13.0sp1/nios2eds/bin/gnu/h-i686-mingw32/bin/../lib/gcc/nios2-elf/4.1.2/../../../../nios2-elf/lib/mno-hw-mul\libc.a(lib_a-memcmp.o)
 .debug_pubnames
                0x00000b56       0x1d c:/altera/13.0sp1/nios2eds/bin/gnu/h-i686-mingw32/bin/../lib/gcc/nios2-elf/4.1.2/../../../../nios2-elf/lib/mno-hw-mul\libc.a(lib_a-memcpy.o)
 .debug_pubnames
                0x00000b73       0x1d c:/altera/13.0sp1/nios2eds/bin/gnu/h-i686-mingw32/bin/../lib/gcc/nios2-elf/4.1.2/../../../../nios2-elf/lib/mno-hw-mul\libc.a(lib_a-strcmp.o)
 .debug_pubnames
                0x00000b90       0x1d c:/altera/13.0sp1/nios2eds/bin/gnu/h-i686-mingw32/bin/../lib/gcc/nios2-elf/4.1.2/../../../../nios2-elf/lib/mno-hw-mul\libc.a(lib_a-strlen.o)
 .debug_pubnames
                0x00000bad       0x2a c:/altera/13.0sp1/nios2eds/bin/gnu/h-i686-mingw32/bin/../lib/gcc/nios2-elf/4.1.2/../../../../nios2-elf/lib/mno-hw-mul\libc.a(lib_a-__atexit.o)
 .debug_pubnames
                0x00000bd7       0x27 c:/altera/13.0sp1/nios2eds/bin/gnu/h-i686-mingw32/bin/../lib/gcc/nios2-elf/4.1.2/../../../../nios2-elf/lib/mno-hw-mul\libc.a(lib_a-__call_atexit.o)
 .debug_pubnames
                0x00000bfe       0x1f c:/altera/13.0sp1/nios2eds/bin/gnu/h-i686-mingw32/bin/../lib/gcc/nios2-elf/4.1.2/mno-hw-mul\libgcc.a(lib2-mul.o)
 .debug_pubnames
                0x00000c1d       0x1c ../Exercise4_bsp/\libhal_bsp.a(alt_exit.o)

.debug_info     0x00000000     0xc364
 *(.debug_info .gnu.linkonce.wi.*)
 .debug_info    0x00000000       0x7a ../Exercise4_bsp//obj/HAL/src/crt0.o
 .debug_info    0x0000007a      0x5dc obj/default/hello_world.o
 .debug_info    0x00000656      0x28c ../Exercise4_bsp/\libhal_bsp.a(alt_load.o)
 .debug_info    0x000008e2      0x224 ../Exercise4_bsp/\libhal_bsp.a(alt_main.o)
 .debug_info    0x00000b06      0x93c ../Exercise4_bsp/\libhal_bsp.a(alt_sys_init.o)
 .debug_info    0x00001442      0x7d8 ../Exercise4_bsp/\libhal_bsp.a(altera_avalon_jtag_uart_fd.o)
 .debug_info    0x00001c1a      0x600 ../Exercise4_bsp/\libhal_bsp.a(altera_avalon_jtag_uart_init.o)
 .debug_info    0x0000221a      0x442 ../Exercise4_bsp/\libhal_bsp.a(altera_avalon_jtag_uart_ioctl.o)
 .debug_info    0x0000265c      0x545 ../Exercise4_bsp/\libhal_bsp.a(altera_avalon_jtag_uart_read.o)
 .debug_info    0x00002ba1      0x53d ../Exercise4_bsp/\libhal_bsp.a(altera_avalon_jtag_uart_write.o)
 .debug_info    0x000030de      0x8e8 ../Exercise4_bsp/\libhal_bsp.a(altera_up_avalon_character_lcd.o)
 .debug_info    0x000039c6      0x691 ../Exercise4_bsp/\libhal_bsp.a(altera_up_avalon_video_character_buffer_with_dma.o)
 .debug_info    0x00004057      0xe7e ../Exercise4_bsp/\libhal_bsp.a(altera_up_avalon_video_pixel_buffer_dma.o)
 .debug_info    0x00004ed5      0x441 ../Exercise4_bsp/\libhal_bsp.a(alt_alarm_start.o)
 .debug_info    0x00005316      0x466 ../Exercise4_bsp/\libhal_bsp.a(alt_close.o)
 .debug_info    0x0000577c      0x15b ../Exercise4_bsp/\libhal_bsp.a(alt_dcache_flush_all.o)
 .debug_info    0x000058d7      0x67e ../Exercise4_bsp/\libhal_bsp.a(alt_dev.o)
 .debug_info    0x00005f55      0x2b6 ../Exercise4_bsp/\libhal_bsp.a(alt_dev_llist_insert.o)
 .debug_info    0x0000620b      0x10e ../Exercise4_bsp/\libhal_bsp.a(alt_do_ctors.o)
 .debug_info    0x00006319      0x10d ../Exercise4_bsp/\libhal_bsp.a(alt_do_dtors.o)
 .debug_info    0x00006426      0x163 ../Exercise4_bsp/\libhal_bsp.a(alt_errno.o)
 .debug_info    0x00006589      0x417 ../Exercise4_bsp/\libhal_bsp.a(alt_find_dev.o)
 .debug_info    0x000069a0      0x15b ../Exercise4_bsp/\libhal_bsp.a(alt_icache_flush_all.o)
 .debug_info    0x00006afb      0x492 ../Exercise4_bsp/\libhal_bsp.a(alt_iic.o)
 .debug_info    0x00006f8d      0x313 ../Exercise4_bsp/\libhal_bsp.a(alt_iic_isr_register.o)
 .debug_info    0x000072a0      0x694 ../Exercise4_bsp/\libhal_bsp.a(alt_io_redirect.o)
 .debug_info    0x00007934       0x83 ../Exercise4_bsp/\libhal_bsp.a(alt_irq_entry.o)
 .debug_info    0x000079b7      0x274 ../Exercise4_bsp/\libhal_bsp.a(alt_irq_handler.o)
 .debug_info    0x00007c2b      0x166 ../Exercise4_bsp/\libhal_bsp.a(alt_irq_vars.o)
 .debug_info    0x00007d91      0x524 ../Exercise4_bsp/\libhal_bsp.a(alt_open.o)
 .debug_info    0x000082b5      0x3f1 ../Exercise4_bsp/\libhal_bsp.a(alt_release_fd.o)
 .debug_info    0x000086a6      0x3fd ../Exercise4_bsp/\libhal_bsp.a(alt_tick.o)
 .debug_info    0x00008aa3      0x162 ../Exercise4_bsp/\libhal_bsp.a(altera_nios2_qsys_irq.o)
 .debug_info    0x00008c05       0x89 ../Exercise4_bsp/\libhal_bsp.a(alt_exception_entry.o)
 .debug_info    0x00008c8e      0x41e ../Exercise4_bsp/\libhal_bsp.a(alt_find_file.o)
 .debug_info    0x000090ac      0x45f ../Exercise4_bsp/\libhal_bsp.a(alt_get_fd.o)
 .debug_info    0x0000950b      0x181 c:/altera/13.0sp1/nios2eds/bin/gnu/h-i686-mingw32/bin/../lib/gcc/nios2-elf/4.1.2/../../../../nios2-elf/lib/mno-hw-mul\libc.a(lib_a-atexit.o)
 .debug_info    0x0000968c      0x93f c:/altera/13.0sp1/nios2eds/bin/gnu/h-i686-mingw32/bin/../lib/gcc/nios2-elf/4.1.2/../../../../nios2-elf/lib/mno-hw-mul\libc.a(lib_a-exit.o)
 .debug_info    0x00009fcb      0x93d c:/altera/13.0sp1/nios2eds/bin/gnu/h-i686-mingw32/bin/../lib/gcc/nios2-elf/4.1.2/../../../../nios2-elf/lib/mno-hw-mul\libc.a(lib_a-impure.o)
 .debug_info    0x0000a908       0x8c c:/altera/13.0sp1/nios2eds/bin/gnu/h-i686-mingw32/bin/../lib/gcc/nios2-elf/4.1.2/../../../../nios2-elf/lib/mno-hw-mul\libc.a(lib_a-int_errno.o)
 .debug_info    0x0000a994      0x115 c:/altera/13.0sp1/nios2eds/bin/gnu/h-i686-mingw32/bin/../lib/gcc/nios2-elf/4.1.2/../../../../nios2-elf/lib/mno-hw-mul\libc.a(lib_a-memcmp.o)
 .debug_info    0x0000aaa9      0x106 c:/altera/13.0sp1/nios2eds/bin/gnu/h-i686-mingw32/bin/../lib/gcc/nios2-elf/4.1.2/../../../../nios2-elf/lib/mno-hw-mul\libc.a(lib_a-memcpy.o)
 .debug_info    0x0000abaf       0xdd c:/altera/13.0sp1/nios2eds/bin/gnu/h-i686-mingw32/bin/../lib/gcc/nios2-elf/4.1.2/../../../../nios2-elf/lib/mno-hw-mul\libc.a(lib_a-strcmp.o)
 .debug_info    0x0000ac8c       0xdb c:/altera/13.0sp1/nios2eds/bin/gnu/h-i686-mingw32/bin/../lib/gcc/nios2-elf/4.1.2/../../../../nios2-elf/lib/mno-hw-mul\libc.a(lib_a-strlen.o)
 .debug_info    0x0000ad67      0x99c c:/altera/13.0sp1/nios2eds/bin/gnu/h-i686-mingw32/bin/../lib/gcc/nios2-elf/4.1.2/../../../../nios2-elf/lib/mno-hw-mul\libc.a(lib_a-__atexit.o)
 .debug_info    0x0000b703      0x9e2 c:/altera/13.0sp1/nios2eds/bin/gnu/h-i686-mingw32/bin/../lib/gcc/nios2-elf/4.1.2/../../../../nios2-elf/lib/mno-hw-mul\libc.a(lib_a-__call_atexit.o)
 .debug_info    0x0000c0e5       0xf3 c:/altera/13.0sp1/nios2eds/bin/gnu/h-i686-mingw32/bin/../lib/gcc/nios2-elf/4.1.2/mno-hw-mul\libgcc.a(lib2-mul.o)
 .debug_info    0x0000c1d8      0x18c ../Exercise4_bsp/\libhal_bsp.a(alt_exit.o)

.debug_abbrev   0x00000000     0x2927
 *(.debug_abbrev)
 .debug_abbrev  0x00000000       0x12 ../Exercise4_bsp//obj/HAL/src/crt0.o
 .debug_abbrev  0x00000012       0xe7 obj/default/hello_world.o
 .debug_abbrev  0x000000f9       0x88 ../Exercise4_bsp/\libhal_bsp.a(alt_load.o)
 .debug_abbrev  0x00000181       0xb7 ../Exercise4_bsp/\libhal_bsp.a(alt_main.o)
 .debug_abbrev  0x00000238      0x161 ../Exercise4_bsp/\libhal_bsp.a(alt_sys_init.o)
 .debug_abbrev  0x00000399       0xf7 ../Exercise4_bsp/\libhal_bsp.a(altera_avalon_jtag_uart_fd.o)
 .debug_abbrev  0x00000490      0x17c ../Exercise4_bsp/\libhal_bsp.a(altera_avalon_jtag_uart_init.o)
 .debug_abbrev  0x0000060c       0xf0 ../Exercise4_bsp/\libhal_bsp.a(altera_avalon_jtag_uart_ioctl.o)
 .debug_abbrev  0x000006fc      0x191 ../Exercise4_bsp/\libhal_bsp.a(altera_avalon_jtag_uart_read.o)
 .debug_abbrev  0x0000088d      0x18d ../Exercise4_bsp/\libhal_bsp.a(altera_avalon_jtag_uart_write.o)
 .debug_abbrev  0x00000a1a      0x127 ../Exercise4_bsp/\libhal_bsp.a(altera_up_avalon_character_lcd.o)
 .debug_abbrev  0x00000b41      0x111 ../Exercise4_bsp/\libhal_bsp.a(altera_up_avalon_video_character_buffer_with_dma.o)
 .debug_abbrev  0x00000c52      0x196 ../Exercise4_bsp/\libhal_bsp.a(altera_up_avalon_video_pixel_buffer_dma.o)
 .debug_abbrev  0x00000de8      0x172 ../Exercise4_bsp/\libhal_bsp.a(alt_alarm_start.o)
 .debug_abbrev  0x00000f5a       0xfb ../Exercise4_bsp/\libhal_bsp.a(alt_close.o)
 .debug_abbrev  0x00001055       0x3f ../Exercise4_bsp/\libhal_bsp.a(alt_dcache_flush_all.o)
 .debug_abbrev  0x00001094       0xc7 ../Exercise4_bsp/\libhal_bsp.a(alt_dev.o)
 .debug_abbrev  0x0000115b       0xf6 ../Exercise4_bsp/\libhal_bsp.a(alt_dev_llist_insert.o)
 .debug_abbrev  0x00001251       0x76 ../Exercise4_bsp/\libhal_bsp.a(alt_do_ctors.o)
 .debug_abbrev  0x000012c7       0x76 ../Exercise4_bsp/\libhal_bsp.a(alt_do_dtors.o)
 .debug_abbrev  0x0000133d       0x5e ../Exercise4_bsp/\libhal_bsp.a(alt_errno.o)
 .debug_abbrev  0x0000139b       0xcf ../Exercise4_bsp/\libhal_bsp.a(alt_find_dev.o)
 .debug_abbrev  0x0000146a       0x3f ../Exercise4_bsp/\libhal_bsp.a(alt_icache_flush_all.o)
 .debug_abbrev  0x000014a9      0x134 ../Exercise4_bsp/\libhal_bsp.a(alt_iic.o)
 .debug_abbrev  0x000015dd      0x14e ../Exercise4_bsp/\libhal_bsp.a(alt_iic_isr_register.o)
 .debug_abbrev  0x0000172b       0xf0 ../Exercise4_bsp/\libhal_bsp.a(alt_io_redirect.o)
 .debug_abbrev  0x0000181b       0x12 ../Exercise4_bsp/\libhal_bsp.a(alt_irq_entry.o)
 .debug_abbrev  0x0000182d      0x10c ../Exercise4_bsp/\libhal_bsp.a(alt_irq_handler.o)
 .debug_abbrev  0x00001939       0x44 ../Exercise4_bsp/\libhal_bsp.a(alt_irq_vars.o)
 .debug_abbrev  0x0000197d      0x112 ../Exercise4_bsp/\libhal_bsp.a(alt_open.o)
 .debug_abbrev  0x00001a8f       0xc1 ../Exercise4_bsp/\libhal_bsp.a(alt_release_fd.o)
 .debug_abbrev  0x00001b50      0x150 ../Exercise4_bsp/\libhal_bsp.a(alt_tick.o)
 .debug_abbrev  0x00001ca0       0x3f ../Exercise4_bsp/\libhal_bsp.a(altera_nios2_qsys_irq.o)
 .debug_abbrev  0x00001cdf       0x12 ../Exercise4_bsp/\libhal_bsp.a(alt_exception_entry.o)
 .debug_abbrev  0x00001cf1       0xcf ../Exercise4_bsp/\libhal_bsp.a(alt_find_file.o)
 .debug_abbrev  0x00001dc0       0xfb ../Exercise4_bsp/\libhal_bsp.a(alt_get_fd.o)
 .debug_abbrev  0x00001ebb       0xb7 c:/altera/13.0sp1/nios2eds/bin/gnu/h-i686-mingw32/bin/../lib/gcc/nios2-elf/4.1.2/../../../../nios2-elf/lib/mno-hw-mul\libc.a(lib_a-atexit.o)
 .debug_abbrev  0x00001f72      0x16e c:/altera/13.0sp1/nios2eds/bin/gnu/h-i686-mingw32/bin/../lib/gcc/nios2-elf/4.1.2/../../../../nios2-elf/lib/mno-hw-mul\libc.a(lib_a-exit.o)
 .debug_abbrev  0x000020e0      0x157 c:/altera/13.0sp1/nios2eds/bin/gnu/h-i686-mingw32/bin/../lib/gcc/nios2-elf/4.1.2/../../../../nios2-elf/lib/mno-hw-mul\libc.a(lib_a-impure.o)
 .debug_abbrev  0x00002237       0x3b c:/altera/13.0sp1/nios2eds/bin/gnu/h-i686-mingw32/bin/../lib/gcc/nios2-elf/4.1.2/../../../../nios2-elf/lib/mno-hw-mul\libc.a(lib_a-int_errno.o)
 .debug_abbrev  0x00002272       0x7c c:/altera/13.0sp1/nios2eds/bin/gnu/h-i686-mingw32/bin/../lib/gcc/nios2-elf/4.1.2/../../../../nios2-elf/lib/mno-hw-mul\libc.a(lib_a-memcmp.o)
 .debug_abbrev  0x000022ee       0xb5 c:/altera/13.0sp1/nios2eds/bin/gnu/h-i686-mingw32/bin/../lib/gcc/nios2-elf/4.1.2/../../../../nios2-elf/lib/mno-hw-mul\libc.a(lib_a-memcpy.o)
 .debug_abbrev  0x000023a3       0x80 c:/altera/13.0sp1/nios2eds/bin/gnu/h-i686-mingw32/bin/../lib/gcc/nios2-elf/4.1.2/../../../../nios2-elf/lib/mno-hw-mul\libc.a(lib_a-strcmp.o)
 .debug_abbrev  0x00002423       0x8b c:/altera/13.0sp1/nios2eds/bin/gnu/h-i686-mingw32/bin/../lib/gcc/nios2-elf/4.1.2/../../../../nios2-elf/lib/mno-hw-mul\libc.a(lib_a-strlen.o)
 .debug_abbrev  0x000024ae      0x1ae c:/altera/13.0sp1/nios2eds/bin/gnu/h-i686-mingw32/bin/../lib/gcc/nios2-elf/4.1.2/../../../../nios2-elf/lib/mno-hw-mul\libc.a(lib_a-__atexit.o)
 .debug_abbrev  0x0000265c      0x1de c:/altera/13.0sp1/nios2eds/bin/gnu/h-i686-mingw32/bin/../lib/gcc/nios2-elf/4.1.2/../../../../nios2-elf/lib/mno-hw-mul\libc.a(lib_a-__call_atexit.o)
 .debug_abbrev  0x0000283a       0x7b c:/altera/13.0sp1/nios2eds/bin/gnu/h-i686-mingw32/bin/../lib/gcc/nios2-elf/4.1.2/mno-hw-mul\libgcc.a(lib2-mul.o)
 .debug_abbrev  0x000028b5       0x72 ../Exercise4_bsp/\libhal_bsp.a(alt_exit.o)

.debug_line     0x00000000     0x77b8
 *(.debug_line)
 .debug_line    0x00000000       0x66 ../Exercise4_bsp//obj/HAL/src/crt0.o
 .debug_line    0x00000066      0x242 obj/default/hello_world.o
 .debug_line    0x000002a8      0x217 ../Exercise4_bsp/\libhal_bsp.a(alt_load.o)
 .debug_line    0x000004bf      0x2ca ../Exercise4_bsp/\libhal_bsp.a(alt_main.o)
 .debug_line    0x00000789      0x345 ../Exercise4_bsp/\libhal_bsp.a(alt_sys_init.o)
 .debug_line    0x00000ace      0x217 ../Exercise4_bsp/\libhal_bsp.a(altera_avalon_jtag_uart_fd.o)
 .debug_line    0x00000ce5      0x4ab ../Exercise4_bsp/\libhal_bsp.a(altera_avalon_jtag_uart_init.o)
 .debug_line    0x00001190      0x317 ../Exercise4_bsp/\libhal_bsp.a(altera_avalon_jtag_uart_ioctl.o)
 .debug_line    0x000014a7      0x3f7 ../Exercise4_bsp/\libhal_bsp.a(altera_avalon_jtag_uart_read.o)
 .debug_line    0x0000189e      0x405 ../Exercise4_bsp/\libhal_bsp.a(altera_avalon_jtag_uart_write.o)
 .debug_line    0x00001ca3      0x486 ../Exercise4_bsp/\libhal_bsp.a(altera_up_avalon_character_lcd.o)
 .debug_line    0x00002129      0x395 ../Exercise4_bsp/\libhal_bsp.a(altera_up_avalon_video_character_buffer_with_dma.o)
 .debug_line    0x000024be      0xb8b ../Exercise4_bsp/\libhal_bsp.a(altera_up_avalon_video_pixel_buffer_dma.o)
 .debug_line    0x00003049      0x2dc ../Exercise4_bsp/\libhal_bsp.a(alt_alarm_start.o)
 .debug_line    0x00003325      0x299 ../Exercise4_bsp/\libhal_bsp.a(alt_close.o)
 .debug_line    0x000035be      0x1b5 ../Exercise4_bsp/\libhal_bsp.a(alt_dcache_flush_all.o)
 .debug_line    0x00003773      0x254 ../Exercise4_bsp/\libhal_bsp.a(alt_dev.o)
 .debug_line    0x000039c7      0x25a ../Exercise4_bsp/\libhal_bsp.a(alt_dev_llist_insert.o)
 .debug_line    0x00003c21       0x83 ../Exercise4_bsp/\libhal_bsp.a(alt_do_ctors.o)
 .debug_line    0x00003ca4       0x83 ../Exercise4_bsp/\libhal_bsp.a(alt_do_dtors.o)
 .debug_line    0x00003d27      0x1aa ../Exercise4_bsp/\libhal_bsp.a(alt_errno.o)
 .debug_line    0x00003ed1      0x26b ../Exercise4_bsp/\libhal_bsp.a(alt_find_dev.o)
 .debug_line    0x0000413c      0x1b5 ../Exercise4_bsp/\libhal_bsp.a(alt_icache_flush_all.o)
 .debug_line    0x000042f1      0x2c8 ../Exercise4_bsp/\libhal_bsp.a(alt_iic.o)
 .debug_line    0x000045b9      0x249 ../Exercise4_bsp/\libhal_bsp.a(alt_iic_isr_register.o)
 .debug_line    0x00004802      0x2b4 ../Exercise4_bsp/\libhal_bsp.a(alt_io_redirect.o)
 .debug_line    0x00004ab6       0x6b ../Exercise4_bsp/\libhal_bsp.a(alt_irq_entry.o)
 .debug_line    0x00004b21      0x248 ../Exercise4_bsp/\libhal_bsp.a(alt_irq_handler.o)
 .debug_line    0x00004d69       0x72 ../Exercise4_bsp/\libhal_bsp.a(alt_irq_vars.o)
 .debug_line    0x00004ddb      0x2ff ../Exercise4_bsp/\libhal_bsp.a(alt_open.o)
 .debug_line    0x000050da       0xed ../Exercise4_bsp/\libhal_bsp.a(alt_release_fd.o)
 .debug_line    0x000051c7      0x2dc ../Exercise4_bsp/\libhal_bsp.a(alt_tick.o)
 .debug_line    0x000054a3      0x1ce ../Exercise4_bsp/\libhal_bsp.a(altera_nios2_qsys_irq.o)
 .debug_line    0x00005671       0xab ../Exercise4_bsp/\libhal_bsp.a(alt_exception_entry.o)
 .debug_line    0x0000571c      0x27c ../Exercise4_bsp/\libhal_bsp.a(alt_find_file.o)
 .debug_line    0x00005998      0x297 ../Exercise4_bsp/\libhal_bsp.a(alt_get_fd.o)
 .debug_line    0x00005c2f      0x203 c:/altera/13.0sp1/nios2eds/bin/gnu/h-i686-mingw32/bin/../lib/gcc/nios2-elf/4.1.2/../../../../nios2-elf/lib/mno-hw-mul\libc.a(lib_a-atexit.o)
 .debug_line    0x00005e32      0x23b c:/altera/13.0sp1/nios2eds/bin/gnu/h-i686-mingw32/bin/../lib/gcc/nios2-elf/4.1.2/../../../../nios2-elf/lib/mno-hw-mul\libc.a(lib_a-exit.o)
 .debug_line    0x0000606d      0x230 c:/altera/13.0sp1/nios2eds/bin/gnu/h-i686-mingw32/bin/../lib/gcc/nios2-elf/4.1.2/../../../../nios2-elf/lib/mno-hw-mul\libc.a(lib_a-impure.o)
 .debug_line    0x0000629d      0x1e2 c:/altera/13.0sp1/nios2eds/bin/gnu/h-i686-mingw32/bin/../lib/gcc/nios2-elf/4.1.2/../../../../nios2-elf/lib/mno-hw-mul\libc.a(lib_a-int_errno.o)
 .debug_line    0x0000647f      0x2a2 c:/altera/13.0sp1/nios2eds/bin/gnu/h-i686-mingw32/bin/../lib/gcc/nios2-elf/4.1.2/../../../../nios2-elf/lib/mno-hw-mul\libc.a(lib_a-memcmp.o)
 .debug_line    0x00006721      0x1af c:/altera/13.0sp1/nios2eds/bin/gnu/h-i686-mingw32/bin/../lib/gcc/nios2-elf/4.1.2/../../../../nios2-elf/lib/mno-hw-mul\libc.a(lib_a-memcpy.o)
 .debug_line    0x000068d0      0x2d8 c:/altera/13.0sp1/nios2eds/bin/gnu/h-i686-mingw32/bin/../lib/gcc/nios2-elf/4.1.2/../../../../nios2-elf/lib/mno-hw-mul\libc.a(lib_a-strcmp.o)
 .debug_line    0x00006ba8      0x270 c:/altera/13.0sp1/nios2eds/bin/gnu/h-i686-mingw32/bin/../lib/gcc/nios2-elf/4.1.2/../../../../nios2-elf/lib/mno-hw-mul\libc.a(lib_a-strlen.o)
 .debug_line    0x00006e18      0x316 c:/altera/13.0sp1/nios2eds/bin/gnu/h-i686-mingw32/bin/../lib/gcc/nios2-elf/4.1.2/../../../../nios2-elf/lib/mno-hw-mul\libc.a(lib_a-__atexit.o)
 .debug_line    0x0000712e      0x36a c:/altera/13.0sp1/nios2eds/bin/gnu/h-i686-mingw32/bin/../lib/gcc/nios2-elf/4.1.2/../../../../nios2-elf/lib/mno-hw-mul\libc.a(lib_a-__call_atexit.o)
 .debug_line    0x00007498      0x11a c:/altera/13.0sp1/nios2eds/bin/gnu/h-i686-mingw32/bin/../lib/gcc/nios2-elf/4.1.2/mno-hw-mul\libgcc.a(lib2-mul.o)
 .debug_line    0x000075b2      0x206 ../Exercise4_bsp/\libhal_bsp.a(alt_exit.o)

.debug_frame    0x00000000      0xc00
 *(.debug_frame)
 .debug_frame   0x00000000       0x2c obj/default/hello_world.o
 .debug_frame   0x0000002c       0x48 ../Exercise4_bsp/\libhal_bsp.a(alt_load.o)
 .debug_frame   0x00000074       0x2c ../Exercise4_bsp/\libhal_bsp.a(alt_main.o)
 .debug_frame   0x000000a0       0x64 ../Exercise4_bsp/\libhal_bsp.a(alt_sys_init.o)
 .debug_frame   0x00000104       0x80 ../Exercise4_bsp/\libhal_bsp.a(altera_avalon_jtag_uart_fd.o)
 .debug_frame   0x00000184       0x80 ../Exercise4_bsp/\libhal_bsp.a(altera_avalon_jtag_uart_init.o)
 .debug_frame   0x00000204       0x2c ../Exercise4_bsp/\libhal_bsp.a(altera_avalon_jtag_uart_ioctl.o)
 .debug_frame   0x00000230       0x2c ../Exercise4_bsp/\libhal_bsp.a(altera_avalon_jtag_uart_read.o)
 .debug_frame   0x0000025c       0x2c ../Exercise4_bsp/\libhal_bsp.a(altera_avalon_jtag_uart_write.o)
 .debug_frame   0x00000288      0x17c ../Exercise4_bsp/\libhal_bsp.a(altera_up_avalon_character_lcd.o)
 .debug_frame   0x00000404       0x9c ../Exercise4_bsp/\libhal_bsp.a(altera_up_avalon_video_character_buffer_with_dma.o)
 .debug_frame   0x000004a0      0x160 ../Exercise4_bsp/\libhal_bsp.a(altera_up_avalon_video_pixel_buffer_dma.o)
 .debug_frame   0x00000600       0x2c ../Exercise4_bsp/\libhal_bsp.a(alt_alarm_start.o)
 .debug_frame   0x0000062c       0x48 ../Exercise4_bsp/\libhal_bsp.a(alt_close.o)
 .debug_frame   0x00000674       0x2c ../Exercise4_bsp/\libhal_bsp.a(alt_dcache_flush_all.o)
 .debug_frame   0x000006a0       0x2c ../Exercise4_bsp/\libhal_bsp.a(alt_dev.o)
 .debug_frame   0x000006cc       0x48 ../Exercise4_bsp/\libhal_bsp.a(alt_dev_llist_insert.o)
 .debug_frame   0x00000714       0x2c ../Exercise4_bsp/\libhal_bsp.a(alt_do_ctors.o)
 .debug_frame   0x00000740       0x2c ../Exercise4_bsp/\libhal_bsp.a(alt_do_dtors.o)
 .debug_frame   0x0000076c       0x2c ../Exercise4_bsp/\libhal_bsp.a(alt_find_dev.o)
 .debug_frame   0x00000798       0x2c ../Exercise4_bsp/\libhal_bsp.a(alt_icache_flush_all.o)
 .debug_frame   0x000007c4       0x80 ../Exercise4_bsp/\libhal_bsp.a(alt_iic.o)
 .debug_frame   0x00000844       0x2c ../Exercise4_bsp/\libhal_bsp.a(alt_iic_isr_register.o)
 .debug_frame   0x00000870       0x4c ../Exercise4_bsp/\libhal_bsp.a(alt_io_redirect.o)
 .debug_frame   0x000008bc       0x2c ../Exercise4_bsp/\libhal_bsp.a(alt_irq_handler.o)
 .debug_frame   0x000008e8       0x68 ../Exercise4_bsp/\libhal_bsp.a(alt_open.o)
 .debug_frame   0x00000950       0x30 ../Exercise4_bsp/\libhal_bsp.a(alt_release_fd.o)
 .debug_frame   0x00000980       0x48 ../Exercise4_bsp/\libhal_bsp.a(alt_tick.o)
 .debug_frame   0x000009c8       0x2c ../Exercise4_bsp/\libhal_bsp.a(altera_nios2_qsys_irq.o)
 .debug_frame   0x000009f4       0x2c ../Exercise4_bsp/\libhal_bsp.a(alt_find_file.o)
 .debug_frame   0x00000a20       0x30 ../Exercise4_bsp/\libhal_bsp.a(alt_get_fd.o)
 .debug_frame   0x00000a50       0x20 c:/altera/13.0sp1/nios2eds/bin/gnu/h-i686-mingw32/bin/../lib/gcc/nios2-elf/4.1.2/../../../../nios2-elf/lib/mno-hw-mul\libc.a(lib_a-atexit.o)
 .debug_frame   0x00000a70       0x28 c:/altera/13.0sp1/nios2eds/bin/gnu/h-i686-mingw32/bin/../lib/gcc/nios2-elf/4.1.2/../../../../nios2-elf/lib/mno-hw-mul\libc.a(lib_a-exit.o)
 .debug_frame   0x00000a98       0x20 c:/altera/13.0sp1/nios2eds/bin/gnu/h-i686-mingw32/bin/../lib/gcc/nios2-elf/4.1.2/../../../../nios2-elf/lib/mno-hw-mul\libc.a(lib_a-memcmp.o)
 .debug_frame   0x00000ab8       0x20 c:/altera/13.0sp1/nios2eds/bin/gnu/h-i686-mingw32/bin/../lib/gcc/nios2-elf/4.1.2/../../../../nios2-elf/lib/mno-hw-mul\libc.a(lib_a-memcpy.o)
 .debug_frame   0x00000ad8       0x20 c:/altera/13.0sp1/nios2eds/bin/gnu/h-i686-mingw32/bin/../lib/gcc/nios2-elf/4.1.2/../../../../nios2-elf/lib/mno-hw-mul\libc.a(lib_a-strcmp.o)
 .debug_frame   0x00000af8       0x20 c:/altera/13.0sp1/nios2eds/bin/gnu/h-i686-mingw32/bin/../lib/gcc/nios2-elf/4.1.2/../../../../nios2-elf/lib/mno-hw-mul\libc.a(lib_a-strlen.o)
 .debug_frame   0x00000b18       0x34 c:/altera/13.0sp1/nios2eds/bin/gnu/h-i686-mingw32/bin/../lib/gcc/nios2-elf/4.1.2/../../../../nios2-elf/lib/mno-hw-mul\libc.a(lib_a-__atexit.o)
 .debug_frame   0x00000b4c       0x4c c:/altera/13.0sp1/nios2eds/bin/gnu/h-i686-mingw32/bin/../lib/gcc/nios2-elf/4.1.2/../../../../nios2-elf/lib/mno-hw-mul\libc.a(lib_a-__call_atexit.o)
 .debug_frame   0x00000b98       0x20 c:/altera/13.0sp1/nios2eds/bin/gnu/h-i686-mingw32/bin/../lib/gcc/nios2-elf/4.1.2/mno-hw-mul\libgcc.a(lib2-mul.o)
 .debug_frame   0x00000bb8       0x48 ../Exercise4_bsp/\libhal_bsp.a(alt_exit.o)

.debug_str      0x00000000      0xe0e
 *(.debug_str)
 .debug_str     0x00000000       0x85 obj/default/hello_world.o
 .debug_str     0x00000085       0x12 ../Exercise4_bsp/\libhal_bsp.a(alt_load.o)
 .debug_str     0x00000097       0x12 ../Exercise4_bsp/\libhal_bsp.a(alt_main.o)
 .debug_str     0x000000a9       0xb0 ../Exercise4_bsp/\libhal_bsp.a(alt_sys_init.o)
 .debug_str     0x00000159       0x12 ../Exercise4_bsp/\libhal_bsp.a(altera_avalon_jtag_uart_fd.o)
 .debug_str     0x0000016b       0x1a ../Exercise4_bsp/\libhal_bsp.a(altera_avalon_jtag_uart_init.o)
 .debug_str     0x00000185       0x12 ../Exercise4_bsp/\libhal_bsp.a(altera_avalon_jtag_uart_ioctl.o)
 .debug_str     0x00000197       0x1a ../Exercise4_bsp/\libhal_bsp.a(altera_avalon_jtag_uart_read.o)
 .debug_str     0x000001b1       0x1a ../Exercise4_bsp/\libhal_bsp.a(altera_avalon_jtag_uart_write.o)
 .debug_str     0x000001cb       0x55 ../Exercise4_bsp/\libhal_bsp.a(altera_up_avalon_character_lcd.o)
 .debug_str     0x00000220       0x35 ../Exercise4_bsp/\libhal_bsp.a(altera_up_avalon_video_character_buffer_with_dma.o)
 .debug_str     0x00000255       0x93 ../Exercise4_bsp/\libhal_bsp.a(altera_up_avalon_video_pixel_buffer_dma.o)
 .debug_str     0x000002e8       0x23 ../Exercise4_bsp/\libhal_bsp.a(alt_alarm_start.o)
 .debug_str     0x0000030b       0x12 ../Exercise4_bsp/\libhal_bsp.a(alt_close.o)
 .debug_str     0x0000031d       0x12 ../Exercise4_bsp/\libhal_bsp.a(alt_dcache_flush_all.o)
 .debug_str     0x0000032f       0x12 ../Exercise4_bsp/\libhal_bsp.a(alt_dev.o)
 .debug_str     0x00000341       0x12 ../Exercise4_bsp/\libhal_bsp.a(alt_dev_llist_insert.o)
 .debug_str     0x00000353       0x12 ../Exercise4_bsp/\libhal_bsp.a(alt_errno.o)
 .debug_str     0x00000365       0x12 ../Exercise4_bsp/\libhal_bsp.a(alt_find_dev.o)
 .debug_str     0x00000377       0x12 ../Exercise4_bsp/\libhal_bsp.a(alt_icache_flush_all.o)
 .debug_str     0x00000389       0x18 ../Exercise4_bsp/\libhal_bsp.a(alt_iic.o)
 .debug_str     0x000003a1       0x1a ../Exercise4_bsp/\libhal_bsp.a(alt_iic_isr_register.o)
 .debug_str     0x000003bb       0x12 ../Exercise4_bsp/\libhal_bsp.a(alt_io_redirect.o)
 .debug_str     0x000003cd       0x12 ../Exercise4_bsp/\libhal_bsp.a(alt_irq_handler.o)
 .debug_str     0x000003df       0x12 ../Exercise4_bsp/\libhal_bsp.a(alt_open.o)
 .debug_str     0x000003f1       0x1a ../Exercise4_bsp/\libhal_bsp.a(alt_tick.o)
 .debug_str     0x0000040b       0x12 ../Exercise4_bsp/\libhal_bsp.a(altera_nios2_qsys_irq.o)
 .debug_str     0x0000041d       0x12 ../Exercise4_bsp/\libhal_bsp.a(alt_find_file.o)
 .debug_str     0x0000042f       0x12 ../Exercise4_bsp/\libhal_bsp.a(alt_get_fd.o)
 .debug_str     0x00000441      0x187 c:/altera/13.0sp1/nios2eds/bin/gnu/h-i686-mingw32/bin/../lib/gcc/nios2-elf/4.1.2/../../../../nios2-elf/lib/mno-hw-mul\libc.a(lib_a-atexit.o)
                                0x1cd (size before relaxing)
 .debug_str     0x000005c8      0x387 c:/altera/13.0sp1/nios2eds/bin/gnu/h-i686-mingw32/bin/../lib/gcc/nios2-elf/4.1.2/../../../../nios2-elf/lib/mno-hw-mul\libc.a(lib_a-exit.o)
                                0x51a (size before relaxing)
 .debug_str     0x0000094f       0xdf c:/altera/13.0sp1/nios2eds/bin/gnu/h-i686-mingw32/bin/../lib/gcc/nios2-elf/4.1.2/../../../../nios2-elf/lib/mno-hw-mul\libc.a(lib_a-impure.o)
                                0x528 (size before relaxing)
 .debug_str     0x00000a2e       0x40 c:/altera/13.0sp1/nios2eds/bin/gnu/h-i686-mingw32/bin/../lib/gcc/nios2-elf/4.1.2/../../../../nios2-elf/lib/mno-hw-mul\libc.a(lib_a-int_errno.o)
                                0x171 (size before relaxing)
 .debug_str     0x00000a6e       0xe3 c:/altera/13.0sp1/nios2eds/bin/gnu/h-i686-mingw32/bin/../lib/gcc/nios2-elf/4.1.2/../../../../nios2-elf/lib/mno-hw-mul\libc.a(lib_a-memcmp.o)
                                0x178 (size before relaxing)
 .debug_str     0x00000b51       0x6c c:/altera/13.0sp1/nios2eds/bin/gnu/h-i686-mingw32/bin/../lib/gcc/nios2-elf/4.1.2/../../../../nios2-elf/lib/mno-hw-mul\libc.a(lib_a-memcpy.o)
                                0x136 (size before relaxing)
 .debug_str     0x00000bbd       0x45 c:/altera/13.0sp1/nios2eds/bin/gnu/h-i686-mingw32/bin/../lib/gcc/nios2-elf/4.1.2/../../../../nios2-elf/lib/mno-hw-mul\libc.a(lib_a-strcmp.o)
                                0x171 (size before relaxing)
 .debug_str     0x00000c02       0x52 c:/altera/13.0sp1/nios2eds/bin/gnu/h-i686-mingw32/bin/../lib/gcc/nios2-elf/4.1.2/../../../../nios2-elf/lib/mno-hw-mul\libc.a(lib_a-strlen.o)
                                0x18b (size before relaxing)
 .debug_str     0x00000c54       0x54 c:/altera/13.0sp1/nios2eds/bin/gnu/h-i686-mingw32/bin/../lib/gcc/nios2-elf/4.1.2/../../../../nios2-elf/lib/mno-hw-mul\libc.a(lib_a-__atexit.o)
                                0x532 (size before relaxing)
 .debug_str     0x00000ca8       0x7e c:/altera/13.0sp1/nios2eds/bin/gnu/h-i686-mingw32/bin/../lib/gcc/nios2-elf/4.1.2/../../../../nios2-elf/lib/mno-hw-mul\libc.a(lib_a-__call_atexit.o)
                                0x55c (size before relaxing)
 .debug_str     0x00000d26       0xcc c:/altera/13.0sp1/nios2eds/bin/gnu/h-i686-mingw32/bin/../lib/gcc/nios2-elf/4.1.2/mno-hw-mul\libgcc.a(lib2-mul.o)
                                0x175 (size before relaxing)
 .debug_str     0x00000df2       0x1c ../Exercise4_bsp/\libhal_bsp.a(alt_exit.o)

.debug_loc      0x00000000     0x1331
 *(.debug_loc)
 .debug_loc     0x00000000       0x2b obj/default/hello_world.o
 .debug_loc     0x0000002b       0x56 ../Exercise4_bsp/\libhal_bsp.a(alt_load.o)
 .debug_loc     0x00000081       0x2b ../Exercise4_bsp/\libhal_bsp.a(alt_main.o)
 .debug_loc     0x000000ac       0x81 ../Exercise4_bsp/\libhal_bsp.a(alt_sys_init.o)
 .debug_loc     0x0000012d       0xac ../Exercise4_bsp/\libhal_bsp.a(altera_avalon_jtag_uart_fd.o)
 .debug_loc     0x000001d9       0xac ../Exercise4_bsp/\libhal_bsp.a(altera_avalon_jtag_uart_init.o)
 .debug_loc     0x00000285       0x2b ../Exercise4_bsp/\libhal_bsp.a(altera_avalon_jtag_uart_ioctl.o)
 .debug_loc     0x000002b0       0x2b ../Exercise4_bsp/\libhal_bsp.a(altera_avalon_jtag_uart_read.o)
 .debug_loc     0x000002db       0x2b ../Exercise4_bsp/\libhal_bsp.a(altera_avalon_jtag_uart_write.o)
 .debug_loc     0x00000306      0x22f ../Exercise4_bsp/\libhal_bsp.a(altera_up_avalon_character_lcd.o)
 .debug_loc     0x00000535       0xd7 ../Exercise4_bsp/\libhal_bsp.a(altera_up_avalon_video_character_buffer_with_dma.o)
 .debug_loc     0x0000060c      0x207 ../Exercise4_bsp/\libhal_bsp.a(altera_up_avalon_video_pixel_buffer_dma.o)
 .debug_loc     0x00000813       0x2b ../Exercise4_bsp/\libhal_bsp.a(alt_alarm_start.o)
 .debug_loc     0x0000083e       0x56 ../Exercise4_bsp/\libhal_bsp.a(alt_close.o)
 .debug_loc     0x00000894       0x2b ../Exercise4_bsp/\libhal_bsp.a(alt_dcache_flush_all.o)
 .debug_loc     0x000008bf       0x2b ../Exercise4_bsp/\libhal_bsp.a(alt_dev.o)
 .debug_loc     0x000008ea       0x56 ../Exercise4_bsp/\libhal_bsp.a(alt_dev_llist_insert.o)
 .debug_loc     0x00000940       0x2b ../Exercise4_bsp/\libhal_bsp.a(alt_do_ctors.o)
 .debug_loc     0x0000096b       0x2b ../Exercise4_bsp/\libhal_bsp.a(alt_do_dtors.o)
 .debug_loc     0x00000996       0x2b ../Exercise4_bsp/\libhal_bsp.a(alt_find_dev.o)
 .debug_loc     0x000009c1       0x2b ../Exercise4_bsp/\libhal_bsp.a(alt_icache_flush_all.o)
 .debug_loc     0x000009ec       0xac ../Exercise4_bsp/\libhal_bsp.a(alt_iic.o)
 .debug_loc     0x00000a98       0x2b ../Exercise4_bsp/\libhal_bsp.a(alt_iic_isr_register.o)
 .debug_loc     0x00000ac3       0x56 ../Exercise4_bsp/\libhal_bsp.a(alt_io_redirect.o)
 .debug_loc     0x00000b19       0x2b ../Exercise4_bsp/\libhal_bsp.a(alt_irq_handler.o)
 .debug_loc     0x00000b44       0x81 ../Exercise4_bsp/\libhal_bsp.a(alt_open.o)
 .debug_loc     0x00000bc5       0x2b ../Exercise4_bsp/\libhal_bsp.a(alt_release_fd.o)
 .debug_loc     0x00000bf0       0x56 ../Exercise4_bsp/\libhal_bsp.a(alt_tick.o)
 .debug_loc     0x00000c46       0x2b ../Exercise4_bsp/\libhal_bsp.a(altera_nios2_qsys_irq.o)
 .debug_loc     0x00000c71       0x2b ../Exercise4_bsp/\libhal_bsp.a(alt_find_file.o)
 .debug_loc     0x00000c9c       0x2b ../Exercise4_bsp/\libhal_bsp.a(alt_get_fd.o)
 .debug_loc     0x00000cc7       0x1e c:/altera/13.0sp1/nios2eds/bin/gnu/h-i686-mingw32/bin/../lib/gcc/nios2-elf/4.1.2/../../../../nios2-elf/lib/mno-hw-mul\libc.a(lib_a-atexit.o)
 .debug_loc     0x00000ce5       0x3d c:/altera/13.0sp1/nios2eds/bin/gnu/h-i686-mingw32/bin/../lib/gcc/nios2-elf/4.1.2/../../../../nios2-elf/lib/mno-hw-mul\libc.a(lib_a-exit.o)
 .debug_loc     0x00000d22      0x114 c:/altera/13.0sp1/nios2eds/bin/gnu/h-i686-mingw32/bin/../lib/gcc/nios2-elf/4.1.2/../../../../nios2-elf/lib/mno-hw-mul\libc.a(lib_a-memcmp.o)
 .debug_loc     0x00000e36       0xca c:/altera/13.0sp1/nios2eds/bin/gnu/h-i686-mingw32/bin/../lib/gcc/nios2-elf/4.1.2/../../../../nios2-elf/lib/mno-hw-mul\libc.a(lib_a-memcpy.o)
 .debug_loc     0x00000f00       0x65 c:/altera/13.0sp1/nios2eds/bin/gnu/h-i686-mingw32/bin/../lib/gcc/nios2-elf/4.1.2/../../../../nios2-elf/lib/mno-hw-mul\libc.a(lib_a-strcmp.o)
 .debug_loc     0x00000f65       0x3c c:/altera/13.0sp1/nios2eds/bin/gnu/h-i686-mingw32/bin/../lib/gcc/nios2-elf/4.1.2/../../../../nios2-elf/lib/mno-hw-mul\libc.a(lib_a-strlen.o)
 .debug_loc     0x00000fa1      0x120 c:/altera/13.0sp1/nios2eds/bin/gnu/h-i686-mingw32/bin/../lib/gcc/nios2-elf/4.1.2/../../../../nios2-elf/lib/mno-hw-mul\libc.a(lib_a-__atexit.o)
 .debug_loc     0x000010c1      0x1cb c:/altera/13.0sp1/nios2eds/bin/gnu/h-i686-mingw32/bin/../lib/gcc/nios2-elf/4.1.2/../../../../nios2-elf/lib/mno-hw-mul\libc.a(lib_a-__call_atexit.o)
 .debug_loc     0x0000128c       0x4f c:/altera/13.0sp1/nios2eds/bin/gnu/h-i686-mingw32/bin/../lib/gcc/nios2-elf/4.1.2/mno-hw-mul\libgcc.a(lib2-mul.o)
 .debug_loc     0x000012db       0x56 ../Exercise4_bsp/\libhal_bsp.a(alt_exit.o)

.debug_macinfo
 *(.debug_macinfo)

.debug_weaknames
 *(.debug_weaknames)

.debug_funcnames
 *(.debug_funcnames)

.debug_typenames
 *(.debug_typenames)

.debug_varnames
 *(.debug_varnames)

.debug_alt_sim_info
                0x00000000       0x10
 *(.debug_alt_sim_info)
 .debug_alt_sim_info
                0x00000000       0x10 ../Exercise4_bsp//obj/HAL/src/crt0.o
                0x01800000                __alt_data_end = 0x1800000
                0x01800000                PROVIDE (__alt_stack_pointer, __alt_data_end)
                0x01007860                PROVIDE (__alt_stack_limit, __alt_stack_base)
                0x01007860                PROVIDE (__alt_heap_start, end)
                0x01800000                PROVIDE (__alt_heap_limit, 0x1800000)
OUTPUT(Exercise4.elf elf32-littlenios2)

.debug_ranges   0x00000000       0x90
 .debug_ranges  0x00000000       0x20 ../Exercise4_bsp//obj/HAL/src/crt0.o
 .debug_ranges  0x00000020       0x28 ../Exercise4_bsp/\libhal_bsp.a(alt_irq_entry.o)
 .debug_ranges  0x00000048       0x30 ../Exercise4_bsp/\libhal_bsp.a(alt_exception_entry.o)
 .debug_ranges  0x00000078       0x18 c:/altera/13.0sp1/nios2eds/bin/gnu/h-i686-mingw32/bin/../lib/gcc/nios2-elf/4.1.2/../../../../nios2-elf/lib/mno-hw-mul\libc.a(lib_a-__call_atexit.o)
