Archive member included because of file (symbol)

c:/altera/13.0sp1/nios2eds/bin/gnu/h-i686-mingw32/bin/../lib/gcc/nios2-elf/4.1.2/../../../../nios2-elf/lib/mno-hw-mul\libc.a(lib_a-memcpy.o)
                              obj/default/hello_world.o (memcpy)
c:/altera/13.0sp1/nios2eds/bin/gnu/h-i686-mingw32/bin/../lib/gcc/nios2-elf/4.1.2/mno-hw-mul\libgcc.a(lib2-mul.o)
                              c:/altera/13.0sp1/nios2eds/bin/gnu/h-i686-mingw32/bin/../lib/gcc/nios2-elf/4.1.2/../../../../nios2-elf/lib/mno-hw-mul\libc.a(lib_a-memcpy.o) (__mulsi3)
../Exercise1_bsp/\libhal_bsp.a(alt_load.o)
                              ../Exercise1_bsp//obj/HAL/src/crt0.o (alt_load)
../Exercise1_bsp/\libhal_bsp.a(alt_main.o)
                              ../Exercise1_bsp//obj/HAL/src/crt0.o (alt_main)
../Exercise1_bsp/\libhal_bsp.a(alt_printf.o)
                              obj/default/hello_world.o (alt_printf)
../Exercise1_bsp/\libhal_bsp.a(alt_putchar.o)
                              ../Exercise1_bsp/\libhal_bsp.a(alt_printf.o) (alt_putchar)
../Exercise1_bsp/\libhal_bsp.a(alt_sys_init.o)
                              ../Exercise1_bsp/\libhal_bsp.a(alt_main.o) (alt_irq_init)
../Exercise1_bsp/\libhal_bsp.a(altera_avalon_jtag_uart_fd.o)
                              ../Exercise1_bsp/\libhal_bsp.a(alt_sys_init.o) (altera_avalon_jtag_uart_read_fd)
../Exercise1_bsp/\libhal_bsp.a(altera_avalon_jtag_uart_init.o)
                              ../Exercise1_bsp/\libhal_bsp.a(alt_sys_init.o) (altera_avalon_jtag_uart_init)
../Exercise1_bsp/\libhal_bsp.a(altera_avalon_jtag_uart_ioctl.o)
                              ../Exercise1_bsp/\libhal_bsp.a(altera_avalon_jtag_uart_fd.o) (altera_avalon_jtag_uart_ioctl)
../Exercise1_bsp/\libhal_bsp.a(altera_avalon_jtag_uart_read.o)
                              ../Exercise1_bsp/\libhal_bsp.a(altera_avalon_jtag_uart_fd.o) (altera_avalon_jtag_uart_read)
../Exercise1_bsp/\libhal_bsp.a(altera_avalon_jtag_uart_write.o)
                              ../Exercise1_bsp/\libhal_bsp.a(altera_avalon_jtag_uart_fd.o) (altera_avalon_jtag_uart_write)
../Exercise1_bsp/\libhal_bsp.a(altera_up_avalon_character_lcd.o)
                              obj/default/hello_world.o (alt_up_character_lcd_init)
../Exercise1_bsp/\libhal_bsp.a(alt_alarm_start.o)
                              ../Exercise1_bsp/\libhal_bsp.a(altera_avalon_jtag_uart_init.o) (alt_alarm_start)
../Exercise1_bsp/\libhal_bsp.a(alt_close.o)
                              ../Exercise1_bsp/\libhal_bsp.a(alt_main.o) (close)
../Exercise1_bsp/\libhal_bsp.a(alt_dcache_flush_all.o)
                              ../Exercise1_bsp/\libhal_bsp.a(alt_load.o) (alt_dcache_flush_all)
../Exercise1_bsp/\libhal_bsp.a(alt_dev.o)
                              ../Exercise1_bsp/\libhal_bsp.a(alt_sys_init.o) (alt_dev_list)
../Exercise1_bsp/\libhal_bsp.a(alt_dev_llist_insert.o)
                              ../Exercise1_bsp/\libhal_bsp.a(alt_sys_init.o) (alt_dev_llist_insert)
../Exercise1_bsp/\libhal_bsp.a(alt_do_ctors.o)
                              ../Exercise1_bsp/\libhal_bsp.a(alt_main.o) (_do_ctors)
../Exercise1_bsp/\libhal_bsp.a(alt_do_dtors.o)
                              ../Exercise1_bsp/\libhal_bsp.a(alt_main.o) (_do_dtors)
../Exercise1_bsp/\libhal_bsp.a(alt_errno.o)
                              ../Exercise1_bsp/\libhal_bsp.a(alt_close.o) (alt_errno)
../Exercise1_bsp/\libhal_bsp.a(alt_find_dev.o)
                              ../Exercise1_bsp/\libhal_bsp.a(altera_up_avalon_character_lcd.o) (alt_find_dev)
../Exercise1_bsp/\libhal_bsp.a(alt_icache_flush_all.o)
                              ../Exercise1_bsp/\libhal_bsp.a(alt_load.o) (alt_icache_flush_all)
../Exercise1_bsp/\libhal_bsp.a(alt_iic.o)
                              ../Exercise1_bsp/\libhal_bsp.a(altera_avalon_jtag_uart_init.o) (alt_ic_isr_register)
../Exercise1_bsp/\libhal_bsp.a(alt_iic_isr_register.o)
                              ../Exercise1_bsp/\libhal_bsp.a(alt_iic.o) (alt_iic_isr_register)
../Exercise1_bsp/\libhal_bsp.a(alt_io_redirect.o)
                              ../Exercise1_bsp/\libhal_bsp.a(alt_main.o) (alt_io_redirect)
../Exercise1_bsp/\libhal_bsp.a(alt_irq_entry.o)
                              ../Exercise1_bsp/\libhal_bsp.a(alt_iic_isr_register.o) (alt_irq_entry)
../Exercise1_bsp/\libhal_bsp.a(alt_irq_handler.o)
                              ../Exercise1_bsp/\libhal_bsp.a(alt_iic_isr_register.o) (alt_irq_handler)
../Exercise1_bsp/\libhal_bsp.a(alt_irq_vars.o)
                              ../Exercise1_bsp/\libhal_bsp.a(alt_iic.o) (alt_irq_active)
../Exercise1_bsp/\libhal_bsp.a(alt_open.o)
                              ../Exercise1_bsp/\libhal_bsp.a(alt_io_redirect.o) (open)
../Exercise1_bsp/\libhal_bsp.a(alt_release_fd.o)
                              ../Exercise1_bsp/\libhal_bsp.a(alt_close.o) (alt_release_fd)
../Exercise1_bsp/\libhal_bsp.a(alt_tick.o)
                              ../Exercise1_bsp/\libhal_bsp.a(altera_avalon_jtag_uart_init.o) (_alt_tick_rate)
[...]
Memory Configuration

Name             Origin             Length             Attributes
onchip_memory2_0 0x00000000         0x00001000
reset            0x01000000         0x00000020
sdram            0x01000020         0x007fffe0
*default*        0x00000000         0xffffffff

Linker script and memory map

LOAD ../Exercise1_bsp//obj/HAL/src/crt0.o
LOAD obj/default/hello_world.o
LOAD c:/altera/13.0sp1/nios2eds/bin/gnu/h-i686-mingw32/bin/../lib/gcc/nios2-elf/4.1.2/../../../../nios2-elf/lib/mno-hw-mul\libstdc++.a
LOAD c:/altera/13.0sp1/nios2eds/bin/gnu/h-i686-mingw32/bin/../lib/gcc/nios2-elf/4.1.2/../../../../nios2-elf/lib/mno-hw-mul\libm.a
LOAD c:/altera/13.0sp1/nios2eds/bin/gnu/h-i686-mingw32/bin/../lib/gcc/nios2-elf/4.1.2/mno-hw-mul\libgcc.a
START GROUP
LOAD c:/altera/13.0sp1/nios2eds/bin/gnu/h-i686-mingw32/bin/../lib/gcc/nios2-elf/4.1.2/../../../../nios2-elf/lib/mno-hw-mul\libc.a
LOAD c:/altera/13.0sp1/nios2eds/bin/gnu/h-i686-mingw32/bin/../lib/gcc/nios2-elf/4.1.2/mno-hw-mul\libgcc.a
LOAD ../Exercise1_bsp/\libhal_bsp.a
END GROUP
LOAD c:/altera/13.0sp1/nios2eds/bin/gnu/h-i686-mingw32/bin/../lib/gcc/nios2-elf/4.1.2/mno-hw-mul\libgcc.a
                0x00000000                __alt_mem_onchip_memory2_0 = 0x0
                0x01000000                __alt_mem_sdram = 0x1000000

.entry          0x01000000       0x20
 *(.entry)
 .entry         0x01000000       0x20 ../Exercise1_bsp//obj/HAL/src/crt0.o
                0x01000000                __reset

.exceptions     0x01000020      0x194
                0x01000020                PROVIDE (__ram_exceptions_start, ABSOLUTE (.))
                0x01000020                . = ALIGN (0x20)
 *(.irq)
 *(.exceptions.entry.label)
 .exceptions.entry.label
                0x01000020        0x0 ../Exercise1_bsp/\libhal_bsp.a(alt_irq_entry.o)
                0x01000020                alt_irq_entry
 .exceptions.entry.label
                0x01000020        0x0 ../Exercise1_bsp/\libhal_bsp.a(alt_exception_entry.o)
                0x01000020                alt_exception
 *(.exceptions.entry.user)
 *(.exceptions.entry)
 .exceptions.entry
                0x01000020       0x54 ../Exercise1_bsp/\libhal_bsp.a(alt_exception_entry.o)
 *(.exceptions.irqtest.user)
 *(.exceptions.irqtest)
 .exceptions.irqtest
                0x01000074       0x10 ../Exercise1_bsp/\libhal_bsp.a(alt_irq_entry.o)
 *(.exceptions.irqhandler.user)
 *(.exceptions.irqhandler)
 .exceptions.irqhandler
                0x01000084        0x4 ../Exercise1_bsp/\libhal_bsp.a(alt_irq_entry.o)
 *(.exceptions.irqreturn.user)
 *(.exceptions.irqreturn)
 .exceptions.irqreturn
                0x01000088        0x4 ../Exercise1_bsp/\libhal_bsp.a(alt_irq_entry.o)
 *(.exceptions.notirq.label)
 .exceptions.notirq.label
                0x0100008c        0x0 ../Exercise1_bsp/\libhal_bsp.a(alt_irq_entry.o)
 *(.exceptions.notirq.user)
 *(.exceptions.notirq)
 .exceptions.notirq
                0x0100008c        0x8 ../Exercise1_bsp/\libhal_bsp.a(alt_exception_entry.o)
 *(.exceptions.soft.user)
 *(.exceptions.soft)
 *(.exceptions.unknown.user)
 *(.exceptions.unknown)
 .exceptions.unknown
                0x01000094        0x4 ../Exercise1_bsp/\libhal_bsp.a(alt_exception_entry.o)
 *(.exceptions.exit.label)
 .exceptions.exit.label
                0x01000098        0x0 ../Exercise1_bsp/\libhal_bsp.a(alt_irq_entry.o)
 .exceptions.exit.label
                0x01000098        0x0 ../Exercise1_bsp/\libhal_bsp.a(alt_exception_entry.o)
 *(.exceptions.exit.user)
 *(.exceptions.exit)
 .exceptions.exit
                0x01000098       0x54 ../Exercise1_bsp/\libhal_bsp.a(alt_exception_entry.o)
 *(.exceptions)
 .exceptions    0x010000ec       0xc8 ../Exercise1_bsp/\libhal_bsp.a(alt_irq_handler.o)
                0x010000ec                alt_irq_handler
                0x010001b4                PROVIDE (__ram_exceptions_end, ABSOLUTE (.))
                0x01000020                PROVIDE (__flash_exceptions_start, LOADADDR (.exceptions))

.text           0x010001b4     0x533c
                0x010001b4                PROVIDE (stext, ABSOLUTE (.))
 *(.interp)
 *(.hash)
 *(.dynsym)
 *(.dynstr)
 *(.gnu.version)
 *(.gnu.version_d)
 *(.gnu.version_r)
 *(.rel.init)
 *(.rela.init)
 *(.rel.text .rel.text.* .rel.gnu.linkonce.t.*)
 *(.rela.text .rela.text.* .rela.gnu.linkonce.t.*)
 *(.rel.fini)
 *(.rela.fini)
 *(.rel.rodata .rel.rodata.* .rel.gnu.linkonce.r.*)
 *(.rela.rodata .rela.rodata.* .rela.gnu.linkonce.r.*)
 *(.rel.data .rel.data.* .rel.gnu.linkonce.d.*)
 *(.rela.data .rela.data.* .rela.gnu.linkonce.d.*)
 *(.rel.tdata .rel.tdata.* .rel.gnu.linkonce.td.*)
 *(.rela.tdata .rela.tdata.* .rela.gnu.linkonce.td.*)
 *(.rel.tbss .rel.tbss.* .rel.gnu.linkonce.tb.*)
 *(.rela.tbss .rela.tbss.* .rela.gnu.linkonce.tb.*)
 *(.rel.ctors)
 *(.rela.ctors)
 *(.rel.dtors)
 *(.rela.dtors)
 *(.rel.got)
 *(.rela.got)
 *(.rel.sdata .rel.sdata.* .rel.gnu.linkonce.s.*)
 *(.rela.sdata .rela.sdata.* .rela.gnu.linkonce.s.*)
 *(.rel.sbss .rel.sbss.* .rel.gnu.linkonce.sb.*)
 *(.rela.sbss .rela.sbss.* .rela.gnu.linkonce.sb.*)
 *(.rel.sdata2 .rel.sdata2.* .rel.gnu.linkonce.s2.*)
 *(.rela.sdata2 .rela.sdata2.* .rela.gnu.linkonce.s2.*)
 *(.rel.sbss2 .rel.sbss2.* .rel.gnu.linkonce.sb2.*)
 *(.rela.sbss2 .rela.sbss2.* .rela.gnu.linkonce.sb2.*)
 *(.rel.bss .rel.bss.* .rel.gnu.linkonce.b.*)
 *(.rela.bss .rela.bss.* .rela.gnu.linkonce.b.*)
 *(.rel.plt)
 *(.rela.plt)
 *(.rel.dyn)
 *(.init)
 *(.plt)
 *(.text .stub .text.* .gnu.linkonce.t.*)
 .text          0x010001b4       0x3c ../Exercise1_bsp//obj/HAL/src/crt0.o
                0x010001b4                _start
 .text          0x010001f0      0x24c obj/default/hello_world.o
                0x010001f0                main
 .text          0x0100043c       0xa0 c:/altera/13.0sp1/nios2eds/bin/gnu/h-i686-mingw32/bin/../lib/gcc/nios2-elf/4.1.2/../../../../nios2-elf/lib/mno-hw-mul\libc.a(lib_a-memcpy.o)
                0x0100043c                memcpy
 .text          0x010004dc       0x38 c:/altera/13.0sp1/nios2eds/bin/gnu/h-i686-mingw32/bin/../lib/gcc/nios2-elf/4.1.2/mno-hw-mul\libgcc.a(lib2-mul.o)
                0x010004dc                __mulsi3
 .text          0x01000514       0xec ../Exercise1_bsp/\libhal_bsp.a(alt_load.o)
                0x01000514                alt_load
 .text          0x01000600       0x6c ../Exercise1_bsp/\libhal_bsp.a(alt_main.o)
                0x01000600                alt_main
 .text          0x0100066c      0x258 ../Exercise1_bsp/\libhal_bsp.a(alt_printf.o)
                0x0100066c                alt_printf
 .text          0x010008c4       0x40 ../Exercise1_bsp/\libhal_bsp.a(alt_putchar.o)
                0x010008c4                alt_putchar
 .text          0x01000904       0xc8 ../Exercise1_bsp/\libhal_bsp.a(alt_sys_init.o)
                0x01000904                alt_irq_init
                0x01000938                alt_sys_init
 .text          0x010009cc      0x148 ../Exercise1_bsp/\libhal_bsp.a(altera_avalon_jtag_uart_fd.o)
                0x010009cc                altera_avalon_jtag_uart_read_fd
                0x01000a24                altera_avalon_jtag_uart_write_fd
                0x01000a7c                altera_avalon_jtag_uart_close_fd
                0x01000ac4                altera_avalon_jtag_uart_ioctl_fd
 .text          0x01000b14      0x40c ../Exercise1_bsp/\libhal_bsp.a(altera_avalon_jtag_uart_init.o)
                0x01000b14                altera_avalon_jtag_uart_init
                0x01000eac                altera_avalon_jtag_uart_close
 .text          0x01000f20       0xf4 ../Exercise1_bsp/\libhal_bsp.a(altera_avalon_jtag_uart_ioctl.o)
                0x01000f20                altera_avalon_jtag_uart_ioctl
 .text          0x01001014      0x224 ../Exercise1_bsp/\libhal_bsp.a(altera_avalon_jtag_uart_read.o)
                0x01001014                altera_avalon_jtag_uart_read
 .text          0x01001238      0x240 ../Exercise1_bsp/\libhal_bsp.a(altera_avalon_jtag_uart_write.o)
                0x01001238                altera_avalon_jtag_uart_write
 .text          0x01001478      0x530 ../Exercise1_bsp/\libhal_bsp.a(altera_up_avalon_character_lcd.o)
                0x01001478                get_DDRAM_addr
                0x010014f4                alt_up_character_lcd_send_cmd
                0x01001528                alt_up_character_lcd_init
                0x0100155c                alt_up_character_lcd_open_dev
                0x0100159c                alt_up_character_lcd_write
                0x01001614                alt_up_character_lcd_string
                0x0100168c                alt_up_character_lcd_write_fd
                0x010016d8                alt_up_character_lcd_set_cursor_pos
                0x01001750                alt_up_character_lcd_shift_cursor
                0x01001800                alt_up_character_lcd_shift_display
                0x010018b0                alt_up_character_lcd_erase_pos
                0x01001940                alt_up_character_lcd_cursor_off
                0x01001974                alt_up_character_lcd_cursor_blink_on
 .text          0x010019a8      0x154 ../Exercise1_bsp/\libhal_bsp.a(alt_alarm_start.o)
                0x010019a8                alt_alarm_start
 .text          0x01001afc      0x160 ../Exercise1_bsp/\libhal_bsp.a(alt_close.o)
                0x01001afc                close
 .text          0x01001c5c       0x1c ../Exercise1_bsp/\libhal_bsp.a(alt_dcache_flush_all.o)
                0x01001c5c                alt_dcache_flush_all
 .text          0x01001c78       0x2c ../Exercise1_bsp/\libhal_bsp.a(alt_dev.o)
 .text          0x01001ca4      0x114 ../Exercise1_bsp/\libhal_bsp.a(alt_dev_llist_insert.o)
                0x01001ca4                alt_dev_llist_insert
 .text          0x01001db8       0x64 ../Exercise1_bsp/\libhal_bsp.a(alt_do_ctors.o)
                0x01001db8                _do_ctors
 .text          0x01001e1c       0x64 ../Exercise1_bsp/\libhal_bsp.a(alt_do_dtors.o)
                0x01001e1c                _do_dtors
 .text          0x01001e80        0x0 ../Exercise1_bsp/\libhal_bsp.a(alt_errno.o)
 .text          0x01001e80       0x94 ../Exercise1_bsp/\libhal_bsp.a(alt_find_dev.o)
                0x01001e80                alt_find_dev
 .text          0x01001f14       0x1c ../Exercise1_bsp/\libhal_bsp.a(alt_icache_flush_all.o)
                0x01001f14                alt_icache_flush_all
 .text          0x01001f30      0x1d4 ../Exercise1_bsp/\libhal_bsp.a(alt_iic.o)
                0x01001f30                alt_ic_isr_register
                0x01001f80                alt_ic_irq_enable
                0x0100201c                alt_ic_irq_disable
                0x010020bc                alt_ic_irq_enabled
 .text          0x01002104       0xf8 ../Exercise1_bsp/\libhal_bsp.a(alt_iic_isr_register.o)
                0x01002104                alt_iic_isr_register
 .text          0x010021fc      0x150 ../Exercise1_bsp/\libhal_bsp.a(alt_io_redirect.o)
                0x010022d4                alt_io_redirect
 .text          0x0100234c        0x0 ../Exercise1_bsp/\libhal_bsp.a(alt_irq_entry.o)
 .text          0x0100234c        0x0 ../Exercise1_bsp/\libhal_bsp.a(alt_irq_handler.o)
 .text          0x0100234c        0x0 ../Exercise1_bsp/\libhal_bsp.a(alt_irq_vars.o)
 .text          0x0100234c      0x2e4 ../Exercise1_bsp/\libhal_bsp.a(alt_open.o)
                0x01002444                open
 .text          0x01002630       0x78 ../Exercise1_bsp/\libhal_bsp.a(alt_release_fd.o)
                0x01002630                alt_release_fd
 .text          0x010026a8      0x1a4 ../Exercise1_bsp/\libhal_bsp.a(alt_tick.o)
                0x010026a8                alt_alarm_stop
                0x01002740                alt_tick
 .text          0x0100284c       0x20 ../Exercise1_bsp/\libhal_bsp.a(altera_nios2_qsys_irq.o)
                0x0100284c                altera_nios2_qsys_irq_init
 .text          0x0100286c        0x0 ../Exercise1_bsp/\libhal_bsp.a(alt_exception_entry.o)
 .text          0x0100286c      0x120 ../Exercise1_bsp/\libhal_bsp.a(alt_find_file.o)
                0x0100286c                alt_find_file
 .text          0x0100298c       0xd0 ../Exercise1_bsp/\libhal_bsp.a(alt_get_fd.o)
                0x0100298c                alt_get_fd
 .text          0x01002a5c       0x14 c:/altera/13.0sp1/nios2eds/bin/gnu/h-i686-mingw32/bin/../lib/gcc/nios2-elf/4.1.2/../../../../nios2-elf/lib/mno-hw-mul\libc.a(lib_a-atexit.o)
                0x01002a5c                atexit
 .text          0x01002a70       0x38 c:/altera/13.0sp1/nios2eds/bin/gnu/h-i686-mingw32/bin/../lib/gcc/nios2-elf/4.1.2/../../../../nios2-elf/lib/mno-hw-mul\libc.a(lib_a-exit.o)
                0x01002a70                exit
 .text          0x01002aa8        0x0 c:/altera/13.0sp1/nios2eds/bin/gnu/h-i686-mingw32/bin/../lib/gcc/nios2-elf/4.1.2/../../../../nios2-elf/lib/mno-hw-mul\libc.a(lib_a-impure.o)
 .text          0x01002aa8        0x0 c:/altera/13.0sp1/nios2eds/bin/gnu/h-i686-mingw32/bin/../lib/gcc/nios2-elf/4.1.2/../../../../nios2-elf/lib/mno-hw-mul\libc.a(lib_a-int_errno.o)
 .text          0x01002aa8       0x74 c:/altera/13.0sp1/nios2eds/bin/gnu/h-i686-mingw32/bin/../lib/gcc/nios2-elf/4.1.2/../../../../nios2-elf/lib/mno-hw-mul\libc.a(lib_a-memcmp.o)
                0x01002aa8                memcmp
 .text          0x01002b1c      0x1ec c:/altera/13.0sp1/nios2eds/bin/gnu/h-i686-mingw32/bin/../lib/gcc/nios2-elf/4.1.2/../../../../nios2-elf/lib/mno-hw-mul\libc.a(lib_a-putc.o)
                0x01002b1c                putc
                0x01002c20                _putc_r
 .text          0x01002d08       0x74 c:/altera/13.0sp1/nios2eds/bin/gnu/h-i686-mingw32/bin/../lib/gcc/nios2-elf/4.1.2/../../../../nios2-elf/lib/mno-hw-mul\libc.a(lib_a-strlen.o)
                0x01002d08                strlen
 .text          0x01002d7c      0x14c c:/altera/13.0sp1/nios2eds/bin/gnu/h-i686-mingw32/bin/../lib/gcc/nios2-elf/4.1.2/../../../../nios2-elf/lib/mno-hw-mul\libc.a(lib_a-wbuf.o)
                0x01002d7c                __swbuf_r
                0x01002eac                __swbuf
 .text          0x01002ec8      0x13c c:/altera/13.0sp1/nios2eds/bin/gnu/h-i686-mingw32/bin/../lib/gcc/nios2-elf/4.1.2/../../../../nios2-elf/lib/mno-hw-mul\libc.a(lib_a-wsetup.o)
                0x01002ec8                __swsetup_r
 .text          0x01003004      0x134 c:/altera/13.0sp1/nios2eds/bin/gnu/h-i686-mingw32/bin/../lib/gcc/nios2-elf/4.1.2/../../../../nios2-elf/lib/mno-hw-mul\libc.a(lib_a-__atexit.o)
                0x01003004                __register_exitproc
 .text          0x01003138      0x1b4 c:/altera/13.0sp1/nios2eds/bin/gnu/h-i686-mingw32/bin/../lib/gcc/nios2-elf/4.1.2/../../../../nios2-elf/lib/mno-hw-mul\libc.a(lib_a-__call_atexit.o)
                0x0100313c                __call_exitprocs
 .text          0x010032ec      0x230 c:/altera/13.0sp1/nios2eds/bin/gnu/h-i686-mingw32/bin/../lib/gcc/nios2-elf/4.1.2/../../../../nios2-elf/lib/mno-hw-mul\libc.a(lib_a-fflush.o)
                0x010032ec                _fflush_r
                0x010034e8                fflush
 .text          0x0100351c      0x2f4 c:/altera/13.0sp1/nios2eds/bin/gnu/h-i686-mingw32/bin/../lib/gcc/nios2-elf/4.1.2/../../../../nios2-elf/lib/mno-hw-mul\libc.a(lib_a-findfp.o)
                0x01003574                __sfp_lock_acquire
                0x01003578                __sfp_lock_release
                0x0100357c                __sinit_lock_acquire
                0x01003580                __sinit_lock_release
                0x01003584                __sinit
                0x01003638                __fp_unlock_all
                0x01003650                __fp_lock_all
                0x01003668                _cleanup_r
                0x01003674                _cleanup
                0x01003684                __sfmoreglue
                0x01003720                __sfp
 .text          0x01003810      0x440 c:/altera/13.0sp1/nios2eds/bin/gnu/h-i686-mingw32/bin/../lib/gcc/nios2-elf/4.1.2/../../../../nios2-elf/lib/mno-hw-mul\libc.a(lib_a-freer.o)
                0x01003810                _malloc_trim_r
                0x0100393c                _free_r
 .text          0x01003c50      0x180 c:/altera/13.0sp1/nios2eds/bin/gnu/h-i686-mingw32/bin/../lib/gcc/nios2-elf/4.1.2/../../../../nios2-elf/lib/mno-hw-mul\libc.a(lib_a-fwalk.o)
                0x01003c50                _fwalk_reent
                0x01003d18                _fwalk
 .text          0x01003dd0      0x194 c:/altera/13.0sp1/nios2eds/bin/gnu/h-i686-mingw32/bin/../lib/gcc/nios2-elf/4.1.2/../../../../nios2-elf/lib/mno-hw-mul\libc.a(lib_a-makebuf.o)
                0x01003dd0                __smakebuf_r
 .text          0x01003f64      0x740 c:/altera/13.0sp1/nios2eds/bin/gnu/h-i686-mingw32/bin/../lib/gcc/nios2-elf/4.1.2/../../../../nios2-elf/lib/mno-hw-mul\libc.a(lib_a-mallocr.o)
                0x01003f64                _malloc_r
 .text          0x010046a4       0x98 c:/altera/13.0sp1/nios2eds/bin/gnu/h-i686-mingw32/bin/../lib/gcc/nios2-elf/4.1.2/../../../../nios2-elf/lib/mno-hw-mul\libc.a(lib_a-memset.o)
                0x010046a4                memset
 .text          0x0100473c       0x70 c:/altera/13.0sp1/nios2eds/bin/gnu/h-i686-mingw32/bin/../lib/gcc/nios2-elf/4.1.2/../../../../nios2-elf/lib/mno-hw-mul\libc.a(lib_a-sbrkr.o)
                0x0100473c                _sbrk_r
 .text          0x010047ac      0x14c c:/altera/13.0sp1/nios2eds/bin/gnu/h-i686-mingw32/bin/../lib/gcc/nios2-elf/4.1.2/../../../../nios2-elf/lib/mno-hw-mul\libc.a(lib_a-stdio.o)
                0x010047ac                __sclose
                0x010047b4                __sseek
                0x0100481c                __swrite
                0x01004898                __sread
 .text          0x010048f8       0x78 c:/altera/13.0sp1/nios2eds/bin/gnu/h-i686-mingw32/bin/../lib/gcc/nios2-elf/4.1.2/../../../../nios2-elf/lib/mno-hw-mul\libc.a(lib_a-writer.o)
                0x010048f8                _write_r
 .text          0x01004970       0x70 c:/altera/13.0sp1/nios2eds/bin/gnu/h-i686-mingw32/bin/../lib/gcc/nios2-elf/4.1.2/../../../../nios2-elf/lib/mno-hw-mul\libc.a(lib_a-closer.o)
                0x01004970                _close_r
 .text          0x010049e0      0x124 c:/altera/13.0sp1/nios2eds/bin/gnu/h-i686-mingw32/bin/../lib/gcc/nios2-elf/4.1.2/../../../../nios2-elf/lib/mno-hw-mul\libc.a(lib_a-fclose.o)
                0x010049e0                _fclose_r
                0x01004af0                fclose
 .text          0x01004b04       0x74 c:/altera/13.0sp1/nios2eds/bin/gnu/h-i686-mingw32/bin/../lib/gcc/nios2-elf/4.1.2/../../../../nios2-elf/lib/mno-hw-mul\libc.a(lib_a-fstatr.o)
                0x01004b04                _fstat_r
 .text          0x01004b78       0x70 c:/altera/13.0sp1/nios2eds/bin/gnu/h-i686-mingw32/bin/../lib/gcc/nios2-elf/4.1.2/../../../../nios2-elf/lib/mno-hw-mul\libc.a(lib_a-isattyr.o)
                0x01004b78                _isatty_r
 .text          0x01004be8       0x78 c:/altera/13.0sp1/nios2eds/bin/gnu/h-i686-mingw32/bin/../lib/gcc/nios2-elf/4.1.2/../../../../nios2-elf/lib/mno-hw-mul\libc.a(lib_a-lseekr.o)
                0x01004be8                _lseek_r
 .text          0x01004c60       0x78 c:/altera/13.0sp1/nios2eds/bin/gnu/h-i686-mingw32/bin/../lib/gcc/nios2-elf/4.1.2/../../../../nios2-elf/lib/mno-hw-mul\libc.a(lib_a-readr.o)
                0x01004c60                _read_r
 .text          0x01004cd8       0x60 ../Exercise1_bsp/\libhal_bsp.a(alt_exit.o)
                0x01004d18                _exit
 .text          0x01004d38      0x138 ../Exercise1_bsp/\libhal_bsp.a(alt_fstat.o)
                0x01004d38                fstat
 .text          0x01004e70      0x124 ../Exercise1_bsp/\libhal_bsp.a(alt_isatty.o)
                0x01004e70                isatty
 .text          0x01004f94      0x154 ../Exercise1_bsp/\libhal_bsp.a(alt_lseek.o)
                0x01004f94                lseek
 .text          0x010050e8       0x40 ../Exercise1_bsp/\libhal_bsp.a(alt_malloc_lock.o)
                0x010050e8                __malloc_lock
                0x01005108                __malloc_unlock
 .text          0x01005128      0x184 ../Exercise1_bsp/\libhal_bsp.a(alt_read.o)
                0x01005128                read
 .text          0x010052ac       0xbc ../Exercise1_bsp/\libhal_bsp.a(alt_sbrk.o)
                0x010052ac                sbrk
 .text          0x01005368      0x184 ../Exercise1_bsp/\libhal_bsp.a(alt_write.o)
                0x01005368                write
 *(.gnu.warning.*)
 *(.fini)
                0x010054ec                PROVIDE (__etext, ABSOLUTE (.))
                0x010054ec                PROVIDE (_etext, ABSOLUTE (.))
                0x010054ec                PROVIDE (etext, ABSOLUTE (.))
 *(.eh_frame_hdr)
                0x010054ec                . = ALIGN (0x4)
                0x010054ec                PROVIDE (__preinit_array_start, ABSOLUTE (.))
 *(.preinit_array)
                0x010054ec                PROVIDE (__preinit_array_end, ABSOLUTE (.))
                0x010054ec                PROVIDE (__init_array_start, ABSOLUTE (.))
 *(.init_array)
                0x010054ec                PROVIDE (__init_array_end, ABSOLUTE (.))
                0x010054ec                PROVIDE (__fini_array_start, ABSOLUTE (.))
 *(.fini_array)
                0x010054ec                PROVIDE (__fini_array_end, ABSOLUTE (.))
 *(.eh_frame)
 *(.gcc_except_table)
 *(.dynamic)
                0x010054ec                PROVIDE (__CTOR_LIST__, ABSOLUTE (.))
 *(.ctors)
 *(SORT(.ctors.*))
 .ctors.65535   0x010054ec        0x4 c:/altera/13.0sp1/nios2eds/bin/gnu/h-i686-mingw32/bin/../lib/gcc/nios2-elf/4.1.2/../../../../nios2-elf/lib/mno-hw-mul\libc.a(lib_a-__call_atexit.o)
                0x010054f0                PROVIDE (__CTOR_END__, ABSOLUTE (.))
                0x010054f0                PROVIDE (__DTOR_LIST__, ABSOLUTE (.))
 *(.dtors)
 *(SORT(.dtors.*))
                0x010054f0                PROVIDE (__DTOR_END__, ABSOLUTE (.))
 *(.jcr)
                0x010054f0                . = ALIGN (0x4)

.rodata         0x010054f0      0x108
                0x010054f0                PROVIDE (__ram_rodata_start, ABSOLUTE (.))
                0x010054f0                . = ALIGN (0x4)
 *(.rodata .rodata.* .gnu.linkonce.r.*)
 .rodata        0x010054f0       0xb8 obj/default/hello_world.o
 .rodata        0x010055a8       0x14 ../Exercise1_bsp/\libhal_bsp.a(alt_main.o)
 .rodata        0x010055bc       0x2c ../Exercise1_bsp/\libhal_bsp.a(alt_sys_init.o)
 .rodata        0x010055e8        0xc ../Exercise1_bsp/\libhal_bsp.a(alt_dev.o)
 .rodata.str1.4
                0x010055f4        0x4 c:/altera/13.0sp1/nios2eds/bin/gnu/h-i686-mingw32/bin/../lib/gcc/nios2-elf/4.1.2/../../../../nios2-elf/lib/mno-hw-mul\libc.a(lib_a-impure.o)
 *(.rodata1)
                0x010055f8                . = ALIGN (0x4)
                0x010055f8                PROVIDE (__ram_rodata_end, ABSOLUTE (.))
                0x010054f0                PROVIDE (__flash_rodata_start, LOADADDR (.rodata))

.rwdata         0x010055f8     0x1a74 load address 0x0100706c
                0x010055f8                PROVIDE (__ram_rwdata_start, ABSOLUTE (.))
                0x010055f8                . = ALIGN (0x4)
 *(.got.plt)
 *(.got)
 *(.data1)
 *(.data .data.* .gnu.linkonce.d.*)
 .data          0x010055f8        0x0 ../Exercise1_bsp//obj/HAL/src/crt0.o
 .data          0x010055f8        0x0 obj/default/hello_world.o
 .data          0x010055f8        0x0 c:/altera/13.0sp1/nios2eds/bin/gnu/h-i686-mingw32/bin/../lib/gcc/nios2-elf/4.1.2/../../../../nios2-elf/lib/mno-hw-mul\libc.a(lib_a-memcpy.o)
 .data          0x010055f8        0x0 c:/altera/13.0sp1/nios2eds/bin/gnu/h-i686-mingw32/bin/../lib/gcc/nios2-elf/4.1.2/mno-hw-mul\libgcc.a(lib2-mul.o)
 .data          0x010055f8        0x0 ../Exercise1_bsp/\libhal_bsp.a(alt_load.o)
 .data          0x010055f8        0x0 ../Exercise1_bsp/\libhal_bsp.a(alt_main.o)
 .data          0x010055f8        0x0 ../Exercise1_bsp/\libhal_bsp.a(alt_printf.o)
 .data          0x010055f8        0x0 ../Exercise1_bsp/\libhal_bsp.a(alt_putchar.o)
 .data          0x010055f8     0x108c ../Exercise1_bsp/\libhal_bsp.a(alt_sys_init.o)
 .data          0x01006684        0x0 ../Exercise1_bsp/\libhal_bsp.a(altera_avalon_jtag_uart_fd.o)
 .data          0x01006684        0x0 ../Exercise1_bsp/\libhal_bsp.a(altera_avalon_jtag_uart_init.o)
 .data          0x01006684        0x0 ../Exercise1_bsp/\libhal_bsp.a(altera_avalon_jtag_uart_ioctl.o)
 .data          0x01006684        0x0 ../Exercise1_bsp/\libhal_bsp.a(altera_avalon_jtag_uart_read.o)
 .data          0x01006684        0x0 ../Exercise1_bsp/\libhal_bsp.a(altera_avalon_jtag_uart_write.o)
 .data          0x01006684        0x0 ../Exercise1_bsp/\libhal_bsp.a(altera_up_avalon_character_lcd.o)
 .data          0x01006684        0x0 ../Exercise1_bsp/\libhal_bsp.a(alt_alarm_start.o)
 .data          0x01006684        0x0 ../Exercise1_bsp/\libhal_bsp.a(alt_close.o)
 .data          0x01006684        0x0 ../Exercise1_bsp/\libhal_bsp.a(alt_dcache_flush_all.o)
 .data          0x01006684      0x1a8 ../Exercise1_bsp/\libhal_bsp.a(alt_dev.o)
                0x01006684                alt_dev_null
                0x010066ac                alt_fd_list
 .data          0x0100682c        0x0 ../Exercise1_bsp/\libhal_bsp.a(alt_dev_llist_insert.o)
 .data          0x0100682c        0x0 ../Exercise1_bsp/\libhal_bsp.a(alt_do_ctors.o)
 .data          0x0100682c        0x0 ../Exercise1_bsp/\libhal_bsp.a(alt_do_dtors.o)
 .data          0x0100682c        0x0 ../Exercise1_bsp/\libhal_bsp.a(alt_errno.o)
 .data          0x0100682c        0x0 ../Exercise1_bsp/\libhal_bsp.a(alt_find_dev.o)
 .data          0x0100682c        0x0 ../Exercise1_bsp/\libhal_bsp.a(alt_icache_flush_all.o)
 .data          0x0100682c        0x0 ../Exercise1_bsp/\libhal_bsp.a(alt_iic.o)
 .data          0x0100682c        0x0 ../Exercise1_bsp/\libhal_bsp.a(alt_iic_isr_register.o)
 .data          0x0100682c        0x0 ../Exercise1_bsp/\libhal_bsp.a(alt_io_redirect.o)
 .data          0x0100682c        0x0 ../Exercise1_bsp/\libhal_bsp.a(alt_irq_entry.o)
 .data          0x0100682c        0x0 ../Exercise1_bsp/\libhal_bsp.a(alt_irq_handler.o)
 .data          0x0100682c        0x0 ../Exercise1_bsp/\libhal_bsp.a(alt_irq_vars.o)
 .data          0x0100682c        0x0 ../Exercise1_bsp/\libhal_bsp.a(alt_open.o)
 .data          0x0100682c        0x0 ../Exercise1_bsp/\libhal_bsp.a(alt_release_fd.o)
 .data          0x0100682c        0x0 ../Exercise1_bsp/\libhal_bsp.a(alt_tick.o)
 .data          0x0100682c        0x0 ../Exercise1_bsp/\libhal_bsp.a(altera_nios2_qsys_irq.o)
 .data          0x0100682c        0x0 ../Exercise1_bsp/\libhal_bsp.a(alt_exception_entry.o)
 .data          0x0100682c        0x0 ../Exercise1_bsp/\libhal_bsp.a(alt_find_file.o)
 .data          0x0100682c        0x0 ../Exercise1_bsp/\libhal_bsp.a(alt_get_fd.o)
 .data          0x0100682c        0x0 c:/altera/13.0sp1/nios2eds/bin/gnu/h-i686-mingw32/bin/../lib/gcc/nios2-elf/4.1.2/../../../../nios2-elf/lib/mno-hw-mul\libc.a(lib_a-atexit.o)
 .data          0x0100682c        0x0 c:/altera/13.0sp1/nios2eds/bin/gnu/h-i686-mingw32/bin/../lib/gcc/nios2-elf/4.1.2/../../../../nios2-elf/lib/mno-hw-mul\libc.a(lib_a-exit.o)
 .data          0x0100682c      0x400 c:/altera/13.0sp1/nios2eds/bin/gnu/h-i686-mingw32/bin/../lib/gcc/nios2-elf/4.1.2/../../../../nios2-elf/lib/mno-hw-mul\libc.a(lib_a-impure.o)
 .data          0x01006c2c        0x0 c:/altera/13.0sp1/nios2eds/bin/gnu/h-i686-mingw32/bin/../lib/gcc/nios2-elf/4.1.2/../../../../nios2-elf/lib/mno-hw-mul\libc.a(lib_a-int_errno.o)
 .data          0x01006c2c        0x0 c:/altera/13.0sp1/nios2eds/bin/gnu/h-i686-mingw32/bin/../lib/gcc/nios2-elf/4.1.2/../../../../nios2-elf/lib/mno-hw-mul\libc.a(lib_a-memcmp.o)
 .data          0x01006c2c        0x0 c:/altera/13.0sp1/nios2eds/bin/gnu/h-i686-mingw32/bin/../lib/gcc/nios2-elf/4.1.2/../../../../nios2-elf/lib/mno-hw-mul\libc.a(lib_a-putc.o)
 .data          0x01006c2c        0x0 c:/altera/13.0sp1/nios2eds/bin/gnu/h-i686-mingw32/bin/../lib/gcc/nios2-elf/4.1.2/../../../../nios2-elf/lib/mno-hw-mul\libc.a(lib_a-strlen.o)
 .data          0x01006c2c        0x0 c:/altera/13.0sp1/nios2eds/bin/gnu/h-i686-mingw32/bin/../lib/gcc/nios2-elf/4.1.2/../../../../nios2-elf/lib/mno-hw-mul\libc.a(lib_a-wbuf.o)
 .data          0x01006c2c        0x0 c:/altera/13.0sp1/nios2eds/bin/gnu/h-i686-mingw32/bin/../lib/gcc/nios2-elf/4.1.2/../../../../nios2-elf/lib/mno-hw-mul\libc.a(lib_a-wsetup.o)
 .data          0x01006c2c        0x0 c:/altera/13.0sp1/nios2eds/bin/gnu/h-i686-mingw32/bin/../lib/gcc/nios2-elf/4.1.2/../../../../nios2-elf/lib/mno-hw-mul\libc.a(lib_a-__atexit.o)
 .data          0x01006c2c        0x0 c:/altera/13.0sp1/nios2eds/bin/gnu/h-i686-mingw32/bin/../lib/gcc/nios2-elf/4.1.2/../../../../nios2-elf/lib/mno-hw-mul\libc.a(lib_a-__call_atexit.o)
 .data          0x01006c2c        0x0 c:/altera/13.0sp1/nios2eds/bin/gnu/h-i686-mingw32/bin/../lib/gcc/nios2-elf/4.1.2/../../../../nios2-elf/lib/mno-hw-mul\libc.a(lib_a-fflush.o)
 .data          0x01006c2c        0x0 c:/altera/13.0sp1/nios2eds/bin/gnu/h-i686-mingw32/bin/../lib/gcc/nios2-elf/4.1.2/../../../../nios2-elf/lib/mno-hw-mul\libc.a(lib_a-findfp.o)
 .data          0x01006c2c        0x0 c:/altera/13.0sp1/nios2eds/bin/gnu/h-i686-mingw32/bin/../lib/gcc/nios2-elf/4.1.2/../../../../nios2-elf/lib/mno-hw-mul\libc.a(lib_a-freer.o)
 .data          0x01006c2c        0x0 c:/altera/13.0sp1/nios2eds/bin/gnu/h-i686-mingw32/bin/../lib/gcc/nios2-elf/4.1.2/../../../../nios2-elf/lib/mno-hw-mul\libc.a(lib_a-fwalk.o)
 .data          0x01006c2c        0x0 c:/altera/13.0sp1/nios2eds/bin/gnu/h-i686-mingw32/bin/../lib/gcc/nios2-elf/4.1.2/../../../../nios2-elf/lib/mno-hw-mul\libc.a(lib_a-makebuf.o)
 .data          0x01006c2c      0x408 c:/altera/13.0sp1/nios2eds/bin/gnu/h-i686-mingw32/bin/../lib/gcc/nios2-elf/4.1.2/../../../../nios2-elf/lib/mno-hw-mul\libc.a(lib_a-mallocr.o)
                0x01006c2c                __malloc_av_
 .data          0x01007034        0x0 c:/altera/13.0sp1/nios2eds/bin/gnu/h-i686-mingw32/bin/../lib/gcc/nios2-elf/4.1.2/../../../../nios2-elf/lib/mno-hw-mul\libc.a(lib_a-memset.o)
 .data          0x01007034        0x0 c:/altera/13.0sp1/nios2eds/bin/gnu/h-i686-mingw32/bin/../lib/gcc/nios2-elf/4.1.2/../../../../nios2-elf/lib/mno-hw-mul\libc.a(lib_a-sbrkr.o)
 .data          0x01007034        0x0 c:/altera/13.0sp1/nios2eds/bin/gnu/h-i686-mingw32/bin/../lib/gcc/nios2-elf/4.1.2/../../../../nios2-elf/lib/mno-hw-mul\libc.a(lib_a-stdio.o)
 .data          0x01007034        0x0 c:/altera/13.0sp1/nios2eds/bin/gnu/h-i686-mingw32/bin/../lib/gcc/nios2-elf/4.1.2/../../../../nios2-elf/lib/mno-hw-mul\libc.a(lib_a-writer.o)
 .data          0x01007034        0x0 c:/altera/13.0sp1/nios2eds/bin/gnu/h-i686-mingw32/bin/../lib/gcc/nios2-elf/4.1.2/../../../../nios2-elf/lib/mno-hw-mul\libc.a(lib_a-closer.o)
 .data          0x01007034        0x0 c:/altera/13.0sp1/nios2eds/bin/gnu/h-i686-mingw32/bin/../lib/gcc/nios2-elf/4.1.2/../../../../nios2-elf/lib/mno-hw-mul\libc.a(lib_a-fclose.o)
 .data          0x01007034        0x0 c:/altera/13.0sp1/nios2eds/bin/gnu/h-i686-mingw32/bin/../lib/gcc/nios2-elf/4.1.2/../../../../nios2-elf/lib/mno-hw-mul\libc.a(lib_a-fstatr.o)
 .data          0x01007034        0x0 c:/altera/13.0sp1/nios2eds/bin/gnu/h-i686-mingw32/bin/../lib/gcc/nios2-elf/4.1.2/../../../../nios2-elf/lib/mno-hw-mul\libc.a(lib_a-isattyr.o)
 .data          0x01007034        0x0 c:/altera/13.0sp1/nios2eds/bin/gnu/h-i686-mingw32/bin/../lib/gcc/nios2-elf/4.1.2/../../../../nios2-elf/lib/mno-hw-mul\libc.a(lib_a-lseekr.o)
 .data          0x01007034        0x0 c:/altera/13.0sp1/nios2eds/bin/gnu/h-i686-mingw32/bin/../lib/gcc/nios2-elf/4.1.2/../../../../nios2-elf/lib/mno-hw-mul\libc.a(lib_a-readr.o)
 .data          0x01007034        0x0 ../Exercise1_bsp/\libhal_bsp.a(alt_exit.o)
 .data          0x01007034        0x0 ../Exercise1_bsp/\libhal_bsp.a(alt_fstat.o)
 .data          0x01007034        0x0 ../Exercise1_bsp/\libhal_bsp.a(alt_isatty.o)
 .data          0x01007034        0x0 ../Exercise1_bsp/\libhal_bsp.a(alt_lseek.o)
 .data          0x01007034        0x0 ../Exercise1_bsp/\libhal_bsp.a(alt_malloc_lock.o)
 .data          0x01007034        0x0 ../Exercise1_bsp/\libhal_bsp.a(alt_read.o)
 .data          0x01007034        0x0 ../Exercise1_bsp/\libhal_bsp.a(alt_sbrk.o)
 .data          0x01007034        0x0 ../Exercise1_bsp/\libhal_bsp.a(alt_write.o)
                0x0100f034                _gp = ABSOLUTE ((. + 0x8000))
                0x0100f034                PROVIDE (gp, _gp)
 *(.rwdata .rwdata.*)
 *(.sdata .sdata.* .gnu.linkonce.s.*)
 .sdata         0x01007034       0x14 ../Exercise1_bsp/\libhal_bsp.a(alt_dev.o)
                0x01007034                alt_fs_list
                0x0100703c                alt_dev_list
                0x01007044                alt_max_fd
 .sdata         0x01007048        0x4 ../Exercise1_bsp/\libhal_bsp.a(alt_errno.o)
                0x01007048                alt_errno
 .sdata         0x0100704c        0x4 ../Exercise1_bsp/\libhal_bsp.a(alt_irq_vars.o)
                0x0100704c                alt_priority_mask
 .sdata         0x01007050        0x8 ../Exercise1_bsp/\libhal_bsp.a(alt_tick.o)
                0x01007050                alt_alarm_list
 .sdata         0x01007058        0x8 c:/altera/13.0sp1/nios2eds/bin/gnu/h-i686-mingw32/bin/../lib/gcc/nios2-elf/4.1.2/../../../../nios2-elf/lib/mno-hw-mul\libc.a(lib_a-impure.o)
                0x01007058                _impure_ptr
                0x0100705c                _global_impure_ptr
 .sdata         0x01007060        0x8 c:/altera/13.0sp1/nios2eds/bin/gnu/h-i686-mingw32/bin/../lib/gcc/nios2-elf/4.1.2/../../../../nios2-elf/lib/mno-hw-mul\libc.a(lib_a-mallocr.o)
                0x01007060                __malloc_trim_threshold
                0x01007064                __malloc_sbrk_base
 .sdata         0x01007068        0x4 ../Exercise1_bsp/\libhal_bsp.a(alt_sbrk.o)
 *(.sdata2 .sdata2.* .gnu.linkonce.s2.*)
                0x0100706c                . = ALIGN (0x4)
                0x0100706c                _edata = ABSOLUTE (.)
                0x0100706c                PROVIDE (edata, ABSOLUTE (.))
                0x0100706c                PROVIDE (__ram_rwdata_end, ABSOLUTE (.))
                0x0100706c                PROVIDE (__flash_rwdata_start, LOADADDR (.rwdata))

.bss            0x01008ae0      0x2e0
                0x01008ae0                __bss_start = ABSOLUTE (.)
                0x01008ae0                PROVIDE (__sbss_start, ABSOLUTE (.))
                0x01008ae0                PROVIDE (___sbss_start, ABSOLUTE (.))
 *(.dynsbss)
 *(.sbss .sbss.* .gnu.linkonce.sb.*)
 .sbss          0x01008ae0        0xc ../Exercise1_bsp/\libhal_bsp.a(alt_main.o)
                0x01008ae0                alt_argc
                0x01008ae4                alt_argv
                0x01008ae8                alt_envp
 .sbss          0x01008aec        0x4 ../Exercise1_bsp/\libhal_bsp.a(alt_irq_vars.o)
                0x01008aec                alt_irq_active
 .sbss          0x01008af0        0x8 ../Exercise1_bsp/\libhal_bsp.a(alt_tick.o)
                0x01008af0                _alt_tick_rate
                0x01008af4                _alt_nticks
 .sbss          0x01008af8        0x4 c:/altera/13.0sp1/nios2eds/bin/gnu/h-i686-mingw32/bin/../lib/gcc/nios2-elf/4.1.2/../../../../nios2-elf/lib/mno-hw-mul\libc.a(lib_a-int_errno.o)
                0x01008af8                errno
 .sbss          0x01008afc        0xc c:/altera/13.0sp1/nios2eds/bin/gnu/h-i686-mingw32/bin/../lib/gcc/nios2-elf/4.1.2/../../../../nios2-elf/lib/mno-hw-mul\libc.a(lib_a-mallocr.o)
                0x01008afc                __malloc_top_pad
                0x01008b00                __malloc_max_sbrked_mem
                0x01008b04                __malloc_max_total_mem
 *(.sbss2 .sbss2.* .gnu.linkonce.sb2.*)
 *(.scommon)
                0x01008b08                PROVIDE (__sbss_end, ABSOLUTE (.))
                0x01008b08                PROVIDE (___sbss_end, ABSOLUTE (.))
 *(.dynbss)
 *(.bss .bss.* .gnu.linkonce.b.*)
 .bss           0x01008b08        0x0 ../Exercise1_bsp//obj/HAL/src/crt0.o
 .bss           0x01008b08        0x0 obj/default/hello_world.o
 .bss           0x01008b08        0x0 c:/altera/13.0sp1/nios2eds/bin/gnu/h-i686-mingw32/bin/../lib/gcc/nios2-elf/4.1.2/../../../../nios2-elf/lib/mno-hw-mul\libc.a(lib_a-memcpy.o)
 .bss           0x01008b08        0x0 c:/altera/13.0sp1/nios2eds/bin/gnu/h-i686-mingw32/bin/../lib/gcc/nios2-elf/4.1.2/mno-hw-mul\libgcc.a(lib2-mul.o)
 .bss           0x01008b08        0x0 ../Exercise1_bsp/\libhal_bsp.a(alt_load.o)
 .bss           0x01008b08        0x0 ../Exercise1_bsp/\libhal_bsp.a(alt_main.o)
 .bss           0x01008b08        0x0 ../Exercise1_bsp/\libhal_bsp.a(alt_printf.o)
 .bss           0x01008b08        0x0 ../Exercise1_bsp/\libhal_bsp.a(alt_putchar.o)
 .bss           0x01008b08        0x0 ../Exercise1_bsp/\libhal_bsp.a(alt_sys_init.o)
 .bss           0x01008b08        0x0 ../Exercise1_bsp/\libhal_bsp.a(altera_avalon_jtag_uart_fd.o)
 .bss           0x01008b08        0x0 ../Exercise1_bsp/\libhal_bsp.a(altera_avalon_jtag_uart_init.o)
 .bss           0x01008b08        0x0 ../Exercise1_bsp/\libhal_bsp.a(altera_avalon_jtag_uart_ioctl.o)
 .bss           0x01008b08        0x0 ../Exercise1_bsp/\libhal_bsp.a(altera_avalon_jtag_uart_read.o)
 .bss           0x01008b08        0x0 ../Exercise1_bsp/\libhal_bsp.a(altera_avalon_jtag_uart_write.o)
 .bss           0x01008b08        0x0 ../Exercise1_bsp/\libhal_bsp.a(altera_up_avalon_character_lcd.o)
 .bss           0x01008b08        0x0 ../Exercise1_bsp/\libhal_bsp.a(alt_alarm_start.o)
 .bss           0x01008b08        0x0 ../Exercise1_bsp/\libhal_bsp.a(alt_close.o)
 .bss           0x01008b08        0x0 ../Exercise1_bsp/\libhal_bsp.a(alt_dcache_flush_all.o)
 .bss           0x01008b08        0x0 ../Exercise1_bsp/\libhal_bsp.a(alt_dev.o)
 .bss           0x01008b08        0x0 ../Exercise1_bsp/\libhal_bsp.a(alt_dev_llist_insert.o)
 .bss           0x01008b08        0x0 ../Exercise1_bsp/\libhal_bsp.a(alt_do_ctors.o)
 .bss           0x01008b08        0x0 ../Exercise1_bsp/\libhal_bsp.a(alt_do_dtors.o)
 .bss           0x01008b08        0x0 ../Exercise1_bsp/\libhal_bsp.a(alt_errno.o)
 .bss           0x01008b08        0x0 ../Exercise1_bsp/\libhal_bsp.a(alt_find_dev.o)
 .bss           0x01008b08        0x0 ../Exercise1_bsp/\libhal_bsp.a(alt_icache_flush_all.o)
 .bss           0x01008b08        0x0 ../Exercise1_bsp/\libhal_bsp.a(alt_iic.o)
 .bss           0x01008b08        0x0 ../Exercise1_bsp/\libhal_bsp.a(alt_iic_isr_register.o)
 .bss           0x01008b08        0x0 ../Exercise1_bsp/\libhal_bsp.a(alt_io_redirect.o)
 .bss           0x01008b08        0x0 ../Exercise1_bsp/\libhal_bsp.a(alt_irq_entry.o)
 .bss           0x01008b08        0x0 ../Exercise1_bsp/\libhal_bsp.a(alt_irq_handler.o)
 .bss           0x01008b08        0x0 ../Exercise1_bsp/\libhal_bsp.a(alt_irq_vars.o)
 .bss           0x01008b08        0x0 ../Exercise1_bsp/\libhal_bsp.a(alt_open.o)
 .bss           0x01008b08        0x0 ../Exercise1_bsp/\libhal_bsp.a(alt_release_fd.o)
 .bss           0x01008b08        0x0 ../Exercise1_bsp/\libhal_bsp.a(alt_tick.o)
 .bss           0x01008b08        0x0 ../Exercise1_bsp/\libhal_bsp.a(altera_nios2_qsys_irq.o)
 .bss           0x01008b08        0x0 ../Exercise1_bsp/\libhal_bsp.a(alt_exception_entry.o)
 .bss           0x01008b08        0x0 ../Exercise1_bsp/\libhal_bsp.a(alt_find_file.o)
 .bss           0x01008b08        0x0 ../Exercise1_bsp/\libhal_bsp.a(alt_get_fd.o)
 .bss           0x01008b08        0x0 c:/altera/13.0sp1/nios2eds/bin/gnu/h-i686-mingw32/bin/../lib/gcc/nios2-elf/4.1.2/../../../../nios2-elf/lib/mno-hw-mul\libc.a(lib_a-atexit.o)
 .bss           0x01008b08        0x0 c:/altera/13.0sp1/nios2eds/bin/gnu/h-i686-mingw32/bin/../lib/gcc/nios2-elf/4.1.2/../../../../nios2-elf/lib/mno-hw-mul\libc.a(lib_a-exit.o)
 .bss           0x01008b08        0x0 c:/altera/13.0sp1/nios2eds/bin/gnu/h-i686-mingw32/bin/../lib/gcc/nios2-elf/4.1.2/../../../../nios2-elf/lib/mno-hw-mul\libc.a(lib_a-impure.o)
 .bss           0x01008b08        0x0 c:/altera/13.0sp1/nios2eds/bin/gnu/h-i686-mingw32/bin/../lib/gcc/nios2-elf/4.1.2/../../../../nios2-elf/lib/mno-hw-mul\libc.a(lib_a-int_errno.o)
 .bss           0x01008b08        0x0 c:/altera/13.0sp1/nios2eds/bin/gnu/h-i686-mingw32/bin/../lib/gcc/nios2-elf/4.1.2/../../../../nios2-elf/lib/mno-hw-mul\libc.a(lib_a-memcmp.o)
 .bss           0x01008b08        0x0 c:/altera/13.0sp1/nios2eds/bin/gnu/h-i686-mingw32/bin/../lib/gcc/nios2-elf/4.1.2/../../../../nios2-elf/lib/mno-hw-mul\libc.a(lib_a-putc.o)
 .bss           0x01008b08        0x0 c:/altera/13.0sp1/nios2eds/bin/gnu/h-i686-mingw32/bin/../lib/gcc/nios2-elf/4.1.2/../../../../nios2-elf/lib/mno-hw-mul\libc.a(lib_a-strlen.o)
 .bss           0x01008b08        0x0 c:/altera/13.0sp1/nios2eds/bin/gnu/h-i686-mingw32/bin/../lib/gcc/nios2-elf/4.1.2/../../../../nios2-elf/lib/mno-hw-mul\libc.a(lib_a-wbuf.o)
 .bss           0x01008b08        0x0 c:/altera/13.0sp1/nios2eds/bin/gnu/h-i686-mingw32/bin/../lib/gcc/nios2-elf/4.1.2/../../../../nios2-elf/lib/mno-hw-mul\libc.a(lib_a-wsetup.o)
 .bss           0x01008b08        0x0 c:/altera/13.0sp1/nios2eds/bin/gnu/h-i686-mingw32/bin/../lib/gcc/nios2-elf/4.1.2/../../../../nios2-elf/lib/mno-hw-mul\libc.a(lib_a-__atexit.o)
 .bss           0x01008b08        0x0 c:/altera/13.0sp1/nios2eds/bin/gnu/h-i686-mingw32/bin/../lib/gcc/nios2-elf/4.1.2/../../../../nios2-elf/lib/mno-hw-mul\libc.a(lib_a-__call_atexit.o)
 .bss           0x01008b08        0x0 c:/altera/13.0sp1/nios2eds/bin/gnu/h-i686-mingw32/bin/../lib/gcc/nios2-elf/4.1.2/../../../../nios2-elf/lib/mno-hw-mul\libc.a(lib_a-fflush.o)
 .bss           0x01008b08        0x0 c:/altera/13.0sp1/nios2eds/bin/gnu/h-i686-mingw32/bin/../lib/gcc/nios2-elf/4.1.2/../../../../nios2-elf/lib/mno-hw-mul\libc.a(lib_a-findfp.o)
 .bss           0x01008b08        0x0 c:/altera/13.0sp1/nios2eds/bin/gnu/h-i686-mingw32/bin/../lib/gcc/nios2-elf/4.1.2/../../../../nios2-elf/lib/mno-hw-mul\libc.a(lib_a-freer.o)
 .bss           0x01008b08        0x0 c:/altera/13.0sp1/nios2eds/bin/gnu/h-i686-mingw32/bin/../lib/gcc/nios2-elf/4.1.2/../../../../nios2-elf/lib/mno-hw-mul\libc.a(lib_a-fwalk.o)
 .bss           0x01008b08        0x0 c:/altera/13.0sp1/nios2eds/bin/gnu/h-i686-mingw32/bin/../lib/gcc/nios2-elf/4.1.2/../../../../nios2-elf/lib/mno-hw-mul\libc.a(lib_a-makebuf.o)
 .bss           0x01008b08       0x28 c:/altera/13.0sp1/nios2eds/bin/gnu/h-i686-mingw32/bin/../lib/gcc/nios2-elf/4.1.2/../../../../nios2-elf/lib/mno-hw-mul\libc.a(lib_a-mallocr.o)
                0x01008b08                __malloc_current_mallinfo
 .bss           0x01008b30        0x0 c:/altera/13.0sp1/nios2eds/bin/gnu/h-i686-mingw32/bin/../lib/gcc/nios2-elf/4.1.2/../../../../nios2-elf/lib/mno-hw-mul\libc.a(lib_a-memset.o)
 .bss           0x01008b30        0x0 c:/altera/13.0sp1/nios2eds/bin/gnu/h-i686-mingw32/bin/../lib/gcc/nios2-elf/4.1.2/../../../../nios2-elf/lib/mno-hw-mul\libc.a(lib_a-sbrkr.o)
 .bss           0x01008b30        0x0 c:/altera/13.0sp1/nios2eds/bin/gnu/h-i686-mingw32/bin/../lib/gcc/nios2-elf/4.1.2/../../../../nios2-elf/lib/mno-hw-mul\libc.a(lib_a-stdio.o)
 .bss           0x01008b30        0x0 c:/altera/13.0sp1/nios2eds/bin/gnu/h-i686-mingw32/bin/../lib/gcc/nios2-elf/4.1.2/../../../../nios2-elf/lib/mno-hw-mul\libc.a(lib_a-writer.o)
 .bss           0x01008b30        0x0 c:/altera/13.0sp1/nios2eds/bin/gnu/h-i686-mingw32/bin/../lib/gcc/nios2-elf/4.1.2/../../../../nios2-elf/lib/mno-hw-mul\libc.a(lib_a-closer.o)
 .bss           0x01008b30        0x0 c:/altera/13.0sp1/nios2eds/bin/gnu/h-i686-mingw32/bin/../lib/gcc/nios2-elf/4.1.2/../../../../nios2-elf/lib/mno-hw-mul\libc.a(lib_a-fclose.o)
 .bss           0x01008b30        0x0 c:/altera/13.0sp1/nios2eds/bin/gnu/h-i686-mingw32/bin/../lib/gcc/nios2-elf/4.1.2/../../../../nios2-elf/lib/mno-hw-mul\libc.a(lib_a-fstatr.o)
 .bss           0x01008b30        0x0 c:/altera/13.0sp1/nios2eds/bin/gnu/h-i686-mingw32/bin/../lib/gcc/nios2-elf/4.1.2/../../../../nios2-elf/lib/mno-hw-mul\libc.a(lib_a-isattyr.o)
 .bss           0x01008b30        0x0 c:/altera/13.0sp1/nios2eds/bin/gnu/h-i686-mingw32/bin/../lib/gcc/nios2-elf/4.1.2/../../../../nios2-elf/lib/mno-hw-mul\libc.a(lib_a-lseekr.o)
 .bss           0x01008b30        0x0 c:/altera/13.0sp1/nios2eds/bin/gnu/h-i686-mingw32/bin/../lib/gcc/nios2-elf/4.1.2/../../../../nios2-elf/lib/mno-hw-mul\libc.a(lib_a-readr.o)
 .bss           0x01008b30        0x0 ../Exercise1_bsp/\libhal_bsp.a(alt_exit.o)
 .bss           0x01008b30        0x0 ../Exercise1_bsp/\libhal_bsp.a(alt_fstat.o)
 .bss           0x01008b30        0x0 ../Exercise1_bsp/\libhal_bsp.a(alt_isatty.o)
 .bss           0x01008b30        0x0 ../Exercise1_bsp/\libhal_bsp.a(alt_lseek.o)
 .bss           0x01008b30        0x0 ../Exercise1_bsp/\libhal_bsp.a(alt_malloc_lock.o)
 .bss           0x01008b30        0x0 ../Exercise1_bsp/\libhal_bsp.a(alt_read.o)
 .bss           0x01008b30        0x0 ../Exercise1_bsp/\libhal_bsp.a(alt_sbrk.o)
 .bss           0x01008b30        0x0 ../Exercise1_bsp/\libhal_bsp.a(alt_write.o)
 *(COMMON)
 COMMON         0x01008b30      0x100 ../Exercise1_bsp/\libhal_bsp.a(alt_irq_handler.o)
                0x01008b30                alt_irq
 COMMON         0x01008c30      0x190 c:/altera/13.0sp1/nios2eds/bin/gnu/h-i686-mingw32/bin/../lib/gcc/nios2-elf/4.1.2/../../../../nios2-elf/lib/mno-hw-mul\libc.a(lib_a-atexit.o)
                0x01008c30                _atexit0
                0x01008dc0                . = ALIGN (0x4)
                0x01008dc0                __bss_end = ABSOLUTE (.)

.onchip_memory2_0
                0x00000000        0x0 load address 0x01008dc0
                0x00000000                PROVIDE (_alt_partition_onchip_memory2_0_start, ABSOLUTE (.))
 *(.onchip_memory2_0. onchip_memory2_0.*)
                0x00000000                . = ALIGN (0x4)
                0x00000000                PROVIDE (_alt_partition_onchip_memory2_0_end, ABSOLUTE (.))
                0x01008dc0                PROVIDE (_alt_partition_onchip_memory2_0_load_addr, LOADADDR (.onchip_memory2_0))

.sdram          0x01008dc0        0x0
                0x01008dc0                PROVIDE (_alt_partition_sdram_start, ABSOLUTE (.))
 *(.sdram. sdram.*)
                0x01008dc0                . = ALIGN (0x4)
                0x01008dc0                PROVIDE (_alt_partition_sdram_end, ABSOLUTE (.))
                0x01008dc0                _end = ABSOLUTE (.)
                0x01008dc0                end = ABSOLUTE (.)
                0x01008dc0                __alt_stack_base = ABSOLUTE (.)
                0x01008dc0                PROVIDE (_alt_partition_sdram_load_addr, LOADADDR (.sdram))

.stab
 *(.stab)

.stabstr
 *(.stabstr)

.stab.excl
 *(.stab.excl)

.stab.exclstr
 *(.stab.exclstr)

.stab.index
 *(.stab.index)

.stab.indexstr
 *(.stab.indexstr)

.comment        0x00000000       0x26
 *(.comment)
 .comment       0x00000000       0x26 obj/default/hello_world.o
                                 0x27 (size before relaxing)
 .comment       0x00000000       0x27 c:/altera/13.0sp1/nios2eds/bin/gnu/h-i686-mingw32/bin/../lib/gcc/nios2-elf/4.1.2/../../../../nios2-elf/lib/mno-hw-mul\libc.a(lib_a-memcpy.o)
 .comment       0x00000000       0x27 c:/altera/13.0sp1/nios2eds/bin/gnu/h-i686-mingw32/bin/../lib/gcc/nios2-elf/4.1.2/mno-hw-mul\libgcc.a(lib2-mul.o)
 .comment       0x00000000       0x27 ../Exercise1_bsp/\libhal_bsp.a(alt_load.o)
 .comment       0x00000000       0x27 ../Exercise1_bsp/\libhal_bsp.a(alt_main.o)
 .comment       0x00000000       0x27 ../Exercise1_bsp/\libhal_bsp.a(alt_printf.o)
 .comment       0x00000000       0x27 ../Exercise1_bsp/\libhal_bsp.a(alt_putchar.o)
 .comment       0x00000000       0x27 ../Exercise1_bsp/\libhal_bsp.a(alt_sys_init.o)
 .comment       0x00000000       0x27 ../Exercise1_bsp/\libhal_bsp.a(altera_avalon_jtag_uart_fd.o)
 .comment       0x00000000       0x27 ../Exercise1_bsp/\libhal_bsp.a(altera_avalon_jtag_uart_init.o)
 .comment       0x00000000       0x27 ../Exercise1_bsp/\libhal_bsp.a(altera_avalon_jtag_uart_ioctl.o)
 .comment       0x00000000       0x27 ../Exercise1_bsp/\libhal_bsp.a(altera_avalon_jtag_uart_read.o)
 .comment       0x00000000       0x27 ../Exercise1_bsp/\libhal_bsp.a(altera_avalon_jtag_uart_write.o)
 .comment       0x00000000       0x27 ../Exercise1_bsp/\libhal_bsp.a(altera_up_avalon_character_lcd.o)
 .comment       0x00000000       0x27 ../Exercise1_bsp/\libhal_bsp.a(alt_alarm_start.o)
 .comment       0x00000000       0x27 ../Exercise1_bsp/\libhal_bsp.a(alt_close.o)
 .comment       0x00000000       0x27 ../Exercise1_bsp/\libhal_bsp.a(alt_dcache_flush_all.o)
 .comment       0x00000000       0x27 ../Exercise1_bsp/\libhal_bsp.a(alt_dev.o)
 .comment       0x00000000       0x27 ../Exercise1_bsp/\libhal_bsp.a(alt_dev_llist_insert.o)
 .comment       0x00000000       0x27 ../Exercise1_bsp/\libhal_bsp.a(alt_do_ctors.o)
 .comment       0x00000000       0x27 ../Exercise1_bsp/\libhal_bsp.a(alt_do_dtors.o)
 .comment       0x00000000       0x27 ../Exercise1_bsp/\libhal_bsp.a(alt_errno.o)
 .comment       0x00000000       0x27 ../Exercise1_bsp/\libhal_bsp.a(alt_find_dev.o)
 .comment       0x00000000       0x27 ../Exercise1_bsp/\libhal_bsp.a(alt_icache_flush_all.o)
 .comment       0x00000000       0x27 ../Exercise1_bsp/\libhal_bsp.a(alt_iic.o)
 .comment       0x00000000       0x27 ../Exercise1_bsp/\libhal_bsp.a(alt_iic_isr_register.o)
 .comment       0x00000000       0x27 ../Exercise1_bsp/\libhal_bsp.a(alt_io_redirect.o)
 .comment       0x00000000       0x27 ../Exercise1_bsp/\libhal_bsp.a(alt_irq_handler.o)
 .comment       0x00000000       0x27 ../Exercise1_bsp/\libhal_bsp.a(alt_irq_vars.o)
 .comment       0x00000000       0x27 ../Exercise1_bsp/\libhal_bsp.a(alt_open.o)
 .comment       0x00000000       0x27 ../Exercise1_bsp/\libhal_bsp.a(alt_release_fd.o)
 .comment       0x00000000       0x27 ../Exercise1_bsp/\libhal_bsp.a(alt_tick.o)
 .comment       0x00000000       0x27 ../Exercise1_bsp/\libhal_bsp.a(altera_nios2_qsys_irq.o)
 .comment       0x00000000       0x27 ../Exercise1_bsp/\libhal_bsp.a(alt_find_file.o)
 .comment       0x00000000       0x27 ../Exercise1_bsp/\libhal_bsp.a(alt_get_fd.o)
 .comment       0x00000000       0x27 c:/altera/13.0sp1/nios2eds/bin/gnu/h-i686-mingw32/bin/../lib/gcc/nios2-elf/4.1.2/../../../../nios2-elf/lib/mno-hw-mul\libc.a(lib_a-atexit.o)
 .comment       0x00000000       0x27 c:/altera/13.0sp1/nios2eds/bin/gnu/h-i686-mingw32/bin/../lib/gcc/nios2-elf/4.1.2/../../../../nios2-elf/lib/mno-hw-mul\libc.a(lib_a-exit.o)
 .comment       0x00000000       0x27 c:/altera/13.0sp1/nios2eds/bin/gnu/h-i686-mingw32/bin/../lib/gcc/nios2-elf/4.1.2/../../../../nios2-elf/lib/mno-hw-mul\libc.a(lib_a-impure.o)
 .comment       0x00000000       0x27 c:/altera/13.0sp1/nios2eds/bin/gnu/h-i686-mingw32/bin/../lib/gcc/nios2-elf/4.1.2/../../../../nios2-elf/lib/mno-hw-mul\libc.a(lib_a-int_errno.o)
 .comment       0x00000000       0x27 c:/altera/13.0sp1/nios2eds/bin/gnu/h-i686-mingw32/bin/../lib/gcc/nios2-elf/4.1.2/../../../../nios2-elf/lib/mno-hw-mul\libc.a(lib_a-memcmp.o)
 .comment       0x00000000       0x27 c:/altera/13.0sp1/nios2eds/bin/gnu/h-i686-mingw32/bin/../lib/gcc/nios2-elf/4.1.2/../../../../nios2-elf/lib/mno-hw-mul\libc.a(lib_a-putc.o)
 .comment       0x00000000       0x27 c:/altera/13.0sp1/nios2eds/bin/gnu/h-i686-mingw32/bin/../lib/gcc/nios2-elf/4.1.2/../../../../nios2-elf/lib/mno-hw-mul\libc.a(lib_a-strlen.o)
 .comment       0x00000000       0x27 c:/altera/13.0sp1/nios2eds/bin/gnu/h-i686-mingw32/bin/../lib/gcc/nios2-elf/4.1.2/../../../../nios2-elf/lib/mno-hw-mul\libc.a(lib_a-wbuf.o)
 .comment       0x00000000       0x27 c:/altera/13.0sp1/nios2eds/bin/gnu/h-i686-mingw32/bin/../lib/gcc/nios2-elf/4.1.2/../../../../nios2-elf/lib/mno-hw-mul\libc.a(lib_a-wsetup.o)
 .comment       0x00000000       0x27 c:/altera/13.0sp1/nios2eds/bin/gnu/h-i686-mingw32/bin/../lib/gcc/nios2-elf/4.1.2/../../../../nios2-elf/lib/mno-hw-mul\libc.a(lib_a-__atexit.o)
 .comment       0x00000000       0x27 c:/altera/13.0sp1/nios2eds/bin/gnu/h-i686-mingw32/bin/../lib/gcc/nios2-elf/4.1.2/../../../../nios2-elf/lib/mno-hw-mul\libc.a(lib_a-__call_atexit.o)
 .comment       0x00000000       0x27 c:/altera/13.0sp1/nios2eds/bin/gnu/h-i686-mingw32/bin/../lib/gcc/nios2-elf/4.1.2/../../../../nios2-elf/lib/mno-hw-mul\libc.a(lib_a-fflush.o)
 .comment       0x00000000       0x27 c:/altera/13.0sp1/nios2eds/bin/gnu/h-i686-mingw32/bin/../lib/gcc/nios2-elf/4.1.2/../../../../nios2-elf/lib/mno-hw-mul\libc.a(lib_a-findfp.o)
 .comment       0x00000000       0x27 c:/altera/13.0sp1/nios2eds/bin/gnu/h-i686-mingw32/bin/../lib/gcc/nios2-elf/4.1.2/../../../../nios2-elf/lib/mno-hw-mul\libc.a(lib_a-freer.o)
 .comment       0x00000000       0x27 c:/altera/13.0sp1/nios2eds/bin/gnu/h-i686-mingw32/bin/../lib/gcc/nios2-elf/4.1.2/../../../../nios2-elf/lib/mno-hw-mul\libc.a(lib_a-fwalk.o)
 .comment       0x00000000       0x27 c:/altera/13.0sp1/nios2eds/bin/gnu/h-i686-mingw32/bin/../lib/gcc/nios2-elf/4.1.2/../../../../nios2-elf/lib/mno-hw-mul\libc.a(lib_a-makebuf.o)
 .comment       0x00000000       0x27 c:/altera/13.0sp1/nios2eds/bin/gnu/h-i686-mingw32/bin/../lib/gcc/nios2-elf/4.1.2/../../../../nios2-elf/lib/mno-hw-mul\libc.a(lib_a-mallocr.o)
 .comment       0x00000000       0x27 c:/altera/13.0sp1/nios2eds/bin/gnu/h-i686-mingw32/bin/../lib/gcc/nios2-elf/4.1.2/../../../../nios2-elf/lib/mno-hw-mul\libc.a(lib_a-memset.o)
 .comment       0x00000000       0x27 c:/altera/13.0sp1/nios2eds/bin/gnu/h-i686-mingw32/bin/../lib/gcc/nios2-elf/4.1.2/../../../../nios2-elf/lib/mno-hw-mul\libc.a(lib_a-sbrkr.o)
 .comment       0x00000000       0x27 c:/altera/13.0sp1/nios2eds/bin/gnu/h-i686-mingw32/bin/../lib/gcc/nios2-elf/4.1.2/../../../../nios2-elf/lib/mno-hw-mul\libc.a(lib_a-stdio.o)
 .comment       0x00000000       0x27 c:/altera/13.0sp1/nios2eds/bin/gnu/h-i686-mingw32/bin/../lib/gcc/nios2-elf/4.1.2/../../../../nios2-elf/lib/mno-hw-mul\libc.a(lib_a-writer.o)
 .comment       0x00000000       0x27 c:/altera/13.0sp1/nios2eds/bin/gnu/h-i686-mingw32/bin/../lib/gcc/nios2-elf/4.1.2/../../../../nios2-elf/lib/mno-hw-mul\libc.a(lib_a-closer.o)
 .comment       0x00000000       0x27 c:/altera/13.0sp1/nios2eds/bin/gnu/h-i686-mingw32/bin/../lib/gcc/nios2-elf/4.1.2/../../../../nios2-elf/lib/mno-hw-mul\libc.a(lib_a-fclose.o)
 .comment       0x00000000       0x27 c:/altera/13.0sp1/nios2eds/bin/gnu/h-i686-mingw32/bin/../lib/gcc/nios2-elf/4.1.2/../../../../nios2-elf/lib/mno-hw-mul\libc.a(lib_a-fstatr.o)
 .comment       0x00000000       0x27 c:/altera/13.0sp1/nios2eds/bin/gnu/h-i686-mingw32/bin/../lib/gcc/nios2-elf/4.1.2/../../../../nios2-elf/lib/mno-hw-mul\libc.a(lib_a-isattyr.o)
 .comment       0x00000000       0x27 c:/altera/13.0sp1/nios2eds/bin/gnu/h-i686-mingw32/bin/../lib/gcc/nios2-elf/4.1.2/../../../../nios2-elf/lib/mno-hw-mul\libc.a(lib_a-lseekr.o)
 .comment       0x00000000       0x27 c:/altera/13.0sp1/nios2eds/bin/gnu/h-i686-mingw32/bin/../lib/gcc/nios2-elf/4.1.2/../../../../nios2-elf/lib/mno-hw-mul\libc.a(lib_a-readr.o)
 .comment       0x00000000       0x27 ../Exercise1_bsp/\libhal_bsp.a(alt_exit.o)
 .comment       0x00000000       0x27 ../Exercise1_bsp/\libhal_bsp.a(alt_fstat.o)
 .comment       0x00000000       0x27 ../Exercise1_bsp/\libhal_bsp.a(alt_isatty.o)
 .comment       0x00000000       0x27 ../Exercise1_bsp/\libhal_bsp.a(alt_lseek.o)
 .comment       0x00000000       0x27 ../Exercise1_bsp/\libhal_bsp.a(alt_malloc_lock.o)
 .comment       0x00000000       0x27 ../Exercise1_bsp/\libhal_bsp.a(alt_read.o)
 .comment       0x00000000       0x27 ../Exercise1_bsp/\libhal_bsp.a(alt_sbrk.o)
 .comment       0x00000000       0x27 ../Exercise1_bsp/\libhal_bsp.a(alt_write.o)

.debug
 *(.debug)

.line
 *(.line)

.debug_srcinfo
 *(.debug_srcinfo)

.debug_sfnames
 *(.debug_sfnames)

.debug_aranges  0x00000000      0x8d8
 *(.debug_aranges)
 .debug_aranges
                0x00000000       0x28 ../Exercise1_bsp//obj/HAL/src/crt0.o
 .debug_aranges
                0x00000028       0x20 obj/default/hello_world.o
 .debug_aranges
                0x00000048       0x20 c:/altera/13.0sp1/nios2eds/bin/gnu/h-i686-mingw32/bin/../lib/gcc/nios2-elf/4.1.2/../../../../nios2-elf/lib/mno-hw-mul\libc.a(lib_a-memcpy.o)
 .debug_aranges
                0x00000068       0x20 c:/altera/13.0sp1/nios2eds/bin/gnu/h-i686-mingw32/bin/../lib/gcc/nios2-elf/4.1.2/mno-hw-mul\libgcc.a(lib2-mul.o)
 .debug_aranges
                0x00000088       0x20 ../Exercise1_bsp/\libhal_bsp.a(alt_load.o)
 .debug_aranges
                0x000000a8       0x20 ../Exercise1_bsp/\libhal_bsp.a(alt_main.o)
 .debug_aranges
                0x000000c8       0x20 ../Exercise1_bsp/\libhal_bsp.a(alt_printf.o)
 .debug_aranges
                0x000000e8       0x20 ../Exercise1_bsp/\libhal_bsp.a(alt_putchar.o)
 .debug_aranges
                0x00000108       0x20 ../Exercise1_bsp/\libhal_bsp.a(alt_sys_init.o)
 .debug_aranges
                0x00000128       0x20 ../Exercise1_bsp/\libhal_bsp.a(altera_avalon_jtag_uart_fd.o)
 .debug_aranges
                0x00000148       0x20 ../Exercise1_bsp/\libhal_bsp.a(altera_avalon_jtag_uart_init.o)
 .debug_aranges
                0x00000168       0x20 ../Exercise1_bsp/\libhal_bsp.a(altera_avalon_jtag_uart_ioctl.o)
 .debug_aranges
                0x00000188       0x20 ../Exercise1_bsp/\libhal_bsp.a(altera_avalon_jtag_uart_read.o)
 .debug_aranges
                0x000001a8       0x20 ../Exercise1_bsp/\libhal_bsp.a(altera_avalon_jtag_uart_write.o)
 .debug_aranges
                0x000001c8       0x20 ../Exercise1_bsp/\libhal_bsp.a(altera_up_avalon_character_lcd.o)
 .debug_aranges
                0x000001e8       0x20 ../Exercise1_bsp/\libhal_bsp.a(alt_alarm_start.o)
 .debug_aranges
                0x00000208       0x20 ../Exercise1_bsp/\libhal_bsp.a(alt_close.o)
 .debug_aranges
                0x00000228       0x20 ../Exercise1_bsp/\libhal_bsp.a(alt_dcache_flush_all.o)
 .debug_aranges
                0x00000248       0x20 ../Exercise1_bsp/\libhal_bsp.a(alt_dev.o)
 .debug_aranges
                0x00000268       0x20 ../Exercise1_bsp/\libhal_bsp.a(alt_dev_llist_insert.o)
 .debug_aranges
                0x00000288       0x20 ../Exercise1_bsp/\libhal_bsp.a(alt_do_ctors.o)
 .debug_aranges
                0x000002a8       0x20 ../Exercise1_bsp/\libhal_bsp.a(alt_do_dtors.o)
 .debug_aranges
                0x000002c8       0x20 ../Exercise1_bsp/\libhal_bsp.a(alt_find_dev.o)
 .debug_aranges
                0x000002e8       0x20 ../Exercise1_bsp/\libhal_bsp.a(alt_icache_flush_all.o)
 .debug_aranges
                0x00000308       0x20 ../Exercise1_bsp/\libhal_bsp.a(alt_iic.o)
 .debug_aranges
                0x00000328       0x20 ../Exercise1_bsp/\libhal_bsp.a(alt_iic_isr_register.o)
 .debug_aranges
                0x00000348       0x20 ../Exercise1_bsp/\libhal_bsp.a(alt_io_redirect.o)
 .debug_aranges
                0x00000368       0x30 ../Exercise1_bsp/\libhal_bsp.a(alt_irq_entry.o)
 .debug_aranges
                0x00000398       0x28 ../Exercise1_bsp/\libhal_bsp.a(alt_irq_handler.o)
 .debug_aranges
                0x000003c0       0x20 ../Exercise1_bsp/\libhal_bsp.a(alt_open.o)
 .debug_aranges
                0x000003e0       0x20 ../Exercise1_bsp/\libhal_bsp.a(alt_release_fd.o)
 .debug_aranges
                0x00000400       0x20 ../Exercise1_bsp/\libhal_bsp.a(alt_tick.o)
 .debug_aranges
                0x00000420       0x20 ../Exercise1_bsp/\libhal_bsp.a(altera_nios2_qsys_irq.o)
 .debug_aranges
                0x00000440       0x38 ../Exercise1_bsp/\libhal_bsp.a(alt_exception_entry.o)
 .debug_aranges
                0x00000478       0x20 ../Exercise1_bsp/\libhal_bsp.a(alt_find_file.o)
 .debug_aranges
                0x00000498       0x20 ../Exercise1_bsp/\libhal_bsp.a(alt_get_fd.o)
 .debug_aranges
                0x000004b8       0x20 c:/altera/13.0sp1/nios2eds/bin/gnu/h-i686-mingw32/bin/../lib/gcc/nios2-elf/4.1.2/../../../../nios2-elf/lib/mno-hw-mul\libc.a(lib_a-atexit.o)
 .debug_aranges
                0x000004d8       0x20 c:/altera/13.0sp1/nios2eds/bin/gnu/h-i686-mingw32/bin/../lib/gcc/nios2-elf/4.1.2/../../../../nios2-elf/lib/mno-hw-mul\libc.a(lib_a-exit.o)
 .debug_aranges
                0x000004f8       0x20 c:/altera/13.0sp1/nios2eds/bin/gnu/h-i686-mingw32/bin/../lib/gcc/nios2-elf/4.1.2/../../../../nios2-elf/lib/mno-hw-mul\libc.a(lib_a-memcmp.o)
 .debug_aranges
                0x00000518       0x20 c:/altera/13.0sp1/nios2eds/bin/gnu/h-i686-mingw32/bin/../lib/gcc/nios2-elf/4.1.2/../../../../nios2-elf/lib/mno-hw-mul\libc.a(lib_a-putc.o)
 .debug_aranges
                0x00000538       0x20 c:/altera/13.0sp1/nios2eds/bin/gnu/h-i686-mingw32/bin/../lib/gcc/nios2-elf/4.1.2/../../../../nios2-elf/lib/mno-hw-mul\libc.a(lib_a-strlen.o)
 .debug_aranges
                0x00000558       0x20 c:/altera/13.0sp1/nios2eds/bin/gnu/h-i686-mingw32/bin/../lib/gcc/nios2-elf/4.1.2/../../../../nios2-elf/lib/mno-hw-mul\libc.a(lib_a-wbuf.o)
 .debug_aranges
                0x00000578       0x20 c:/altera/13.0sp1/nios2eds/bin/gnu/h-i686-mingw32/bin/../lib/gcc/nios2-elf/4.1.2/../../../../nios2-elf/lib/mno-hw-mul\libc.a(lib_a-wsetup.o)
 .debug_aranges
                0x00000598       0x20 c:/altera/13.0sp1/nios2eds/bin/gnu/h-i686-mingw32/bin/../lib/gcc/nios2-elf/4.1.2/../../../../nios2-elf/lib/mno-hw-mul\libc.a(lib_a-__atexit.o)
 .debug_aranges
                0x000005b8       0x20 c:/altera/13.0sp1/nios2eds/bin/gnu/h-i686-mingw32/bin/../lib/gcc/nios2-elf/4.1.2/../../../../nios2-elf/lib/mno-hw-mul\libc.a(lib_a-__call_atexit.o)
 .debug_aranges
                0x000005d8       0x20 c:/altera/13.0sp1/nios2eds/bin/gnu/h-i686-mingw32/bin/../lib/gcc/nios2-elf/4.1.2/../../../../nios2-elf/lib/mno-hw-mul\libc.a(lib_a-fflush.o)
 .debug_aranges
                0x000005f8       0x20 c:/altera/13.0sp1/nios2eds/bin/gnu/h-i686-mingw32/bin/../lib/gcc/nios2-elf/4.1.2/../../../../nios2-elf/lib/mno-hw-mul\libc.a(lib_a-findfp.o)
 .debug_aranges
                0x00000618       0x20 c:/altera/13.0sp1/nios2eds/bin/gnu/h-i686-mingw32/bin/../lib/gcc/nios2-elf/4.1.2/../../../../nios2-elf/lib/mno-hw-mul\libc.a(lib_a-freer.o)
 .debug_aranges
                0x00000638       0x20 c:/altera/13.0sp1/nios2eds/bin/gnu/h-i686-mingw32/bin/../lib/gcc/nios2-elf/4.1.2/../../../../nios2-elf/lib/mno-hw-mul\libc.a(lib_a-fwalk.o)
 .debug_aranges
                0x00000658       0x20 c:/altera/13.0sp1/nios2eds/bin/gnu/h-i686-mingw32/bin/../lib/gcc/nios2-elf/4.1.2/../../../../nios2-elf/lib/mno-hw-mul\libc.a(lib_a-makebuf.o)
 .debug_aranges
                0x00000678       0x20 c:/altera/13.0sp1/nios2eds/bin/gnu/h-i686-mingw32/bin/../lib/gcc/nios2-elf/4.1.2/../../../../nios2-elf/lib/mno-hw-mul\libc.a(lib_a-mallocr.o)
 .debug_aranges
                0x00000698       0x20 c:/altera/13.0sp1/nios2eds/bin/gnu/h-i686-mingw32/bin/../lib/gcc/nios2-elf/4.1.2/../../../../nios2-elf/lib/mno-hw-mul\libc.a(lib_a-memset.o)
 .debug_aranges
                0x000006b8       0x20 c:/altera/13.0sp1/nios2eds/bin/gnu/h-i686-mingw32/bin/../lib/gcc/nios2-elf/4.1.2/../../../../nios2-elf/lib/mno-hw-mul\libc.a(lib_a-sbrkr.o)
 .debug_aranges
                0x000006d8       0x20 c:/altera/13.0sp1/nios2eds/bin/gnu/h-i686-mingw32/bin/../lib/gcc/nios2-elf/4.1.2/../../../../nios2-elf/lib/mno-hw-mul\libc.a(lib_a-stdio.o)
 .debug_aranges
                0x000006f8       0x20 c:/altera/13.0sp1/nios2eds/bin/gnu/h-i686-mingw32/bin/../lib/gcc/nios2-elf/4.1.2/../../../../nios2-elf/lib/mno-hw-mul\libc.a(lib_a-writer.o)
 .debug_aranges
                0x00000718       0x20 c:/altera/13.0sp1/nios2eds/bin/gnu/h-i686-mingw32/bin/../lib/gcc/nios2-elf/4.1.2/../../../../nios2-elf/lib/mno-hw-mul\libc.a(lib_a-closer.o)
 .debug_aranges
                0x00000738       0x20 c:/altera/13.0sp1/nios2eds/bin/gnu/h-i686-mingw32/bin/../lib/gcc/nios2-elf/4.1.2/../../../../nios2-elf/lib/mno-hw-mul\libc.a(lib_a-fclose.o)
 .debug_aranges
                0x00000758       0x20 c:/altera/13.0sp1/nios2eds/bin/gnu/h-i686-mingw32/bin/../lib/gcc/nios2-elf/4.1.2/../../../../nios2-elf/lib/mno-hw-mul\libc.a(lib_a-fstatr.o)
 .debug_aranges
                0x00000778       0x20 c:/altera/13.0sp1/nios2eds/bin/gnu/h-i686-mingw32/bin/../lib/gcc/nios2-elf/4.1.2/../../../../nios2-elf/lib/mno-hw-mul\libc.a(lib_a-isattyr.o)
 .debug_aranges
                0x00000798       0x20 c:/altera/13.0sp1/nios2eds/bin/gnu/h-i686-mingw32/bin/../lib/gcc/nios2-elf/4.1.2/../../../../nios2-elf/lib/mno-hw-mul\libc.a(lib_a-lseekr.o)
 .debug_aranges
                0x000007b8       0x20 c:/altera/13.0sp1/nios2eds/bin/gnu/h-i686-mingw32/bin/../lib/gcc/nios2-elf/4.1.2/../../../../nios2-elf/lib/mno-hw-mul\libc.a(lib_a-readr.o)
 .debug_aranges
                0x000007d8       0x20 ../Exercise1_bsp/\libhal_bsp.a(alt_exit.o)
 .debug_aranges
                0x000007f8       0x20 ../Exercise1_bsp/\libhal_bsp.a(alt_fstat.o)
 .debug_aranges
                0x00000818       0x20 ../Exercise1_bsp/\libhal_bsp.a(alt_isatty.o)
 .debug_aranges
                0x00000838       0x20 ../Exercise1_bsp/\libhal_bsp.a(alt_lseek.o)
 .debug_aranges
                0x00000858       0x20 ../Exercise1_bsp/\libhal_bsp.a(alt_malloc_lock.o)
 .debug_aranges
                0x00000878       0x20 ../Exercise1_bsp/\libhal_bsp.a(alt_read.o)
 .debug_aranges
                0x00000898       0x20 ../Exercise1_bsp/\libhal_bsp.a(alt_sbrk.o)
 .debug_aranges
                0x000008b8       0x20 ../Exercise1_bsp/\libhal_bsp.a(alt_write.o)

.debug_pubnames
                0x00000000      0xed7
 *(.debug_pubnames)
 .debug_pubnames
                0x00000000       0x1b obj/default/hello_world.o
 .debug_pubnames
                0x0000001b       0x1d c:/altera/13.0sp1/nios2eds/bin/gnu/h-i686-mingw32/bin/../lib/gcc/nios2-elf/4.1.2/../../../../nios2-elf/lib/mno-hw-mul\libc.a(lib_a-memcpy.o)
 .debug_pubnames
                0x00000038       0x1f c:/altera/13.0sp1/nios2eds/bin/gnu/h-i686-mingw32/bin/../lib/gcc/nios2-elf/4.1.2/mno-hw-mul\libgcc.a(lib2-mul.o)
 .debug_pubnames
                0x00000057       0x1f ../Exercise1_bsp/\libhal_bsp.a(alt_load.o)
 .debug_pubnames
                0x00000076       0x46 ../Exercise1_bsp/\libhal_bsp.a(alt_main.o)
 .debug_pubnames
                0x000000bc       0x21 ../Exercise1_bsp/\libhal_bsp.a(alt_printf.o)
 .debug_pubnames
                0x000000dd       0x22 ../Exercise1_bsp/\libhal_bsp.a(alt_putchar.o)
 .debug_pubnames
                0x000000ff       0x34 ../Exercise1_bsp/\libhal_bsp.a(alt_sys_init.o)
 .debug_pubnames
                0x00000133       0xa5 ../Exercise1_bsp/\libhal_bsp.a(altera_avalon_jtag_uart_fd.o)
 .debug_pubnames
                0x000001d8       0x55 ../Exercise1_bsp/\libhal_bsp.a(altera_avalon_jtag_uart_init.o)
 .debug_pubnames
                0x0000022d       0x34 ../Exercise1_bsp/\libhal_bsp.a(altera_avalon_jtag_uart_ioctl.o)
 .debug_pubnames
                0x00000261       0x33 ../Exercise1_bsp/\libhal_bsp.a(altera_avalon_jtag_uart_read.o)
 .debug_pubnames
                0x00000294       0x34 ../Exercise1_bsp/\libhal_bsp.a(altera_avalon_jtag_uart_write.o)
 .debug_pubnames
                0x000002c8      0x1cd ../Exercise1_bsp/\libhal_bsp.a(altera_up_avalon_character_lcd.o)
 .debug_pubnames
                0x00000495       0x26 ../Exercise1_bsp/\libhal_bsp.a(alt_alarm_start.o)
 .debug_pubnames
                0x000004bb       0x1c ../Exercise1_bsp/\libhal_bsp.a(alt_close.o)
 .debug_pubnames
                0x000004d7       0x2b ../Exercise1_bsp/\libhal_bsp.a(alt_dcache_flush_all.o)
 .debug_pubnames
                0x00000502       0x63 ../Exercise1_bsp/\libhal_bsp.a(alt_dev.o)
 .debug_pubnames
                0x00000565       0x2b ../Exercise1_bsp/\libhal_bsp.a(alt_dev_llist_insert.o)
 .debug_pubnames
                0x00000590       0x20 ../Exercise1_bsp/\libhal_bsp.a(alt_do_ctors.o)
 .debug_pubnames
                0x000005b0       0x20 ../Exercise1_bsp/\libhal_bsp.a(alt_do_dtors.o)
 .debug_pubnames
                0x000005d0       0x20 ../Exercise1_bsp/\libhal_bsp.a(alt_errno.o)
 .debug_pubnames
                0x000005f0       0x23 ../Exercise1_bsp/\libhal_bsp.a(alt_find_dev.o)
 .debug_pubnames
                0x00000613       0x2b ../Exercise1_bsp/\libhal_bsp.a(alt_icache_flush_all.o)
 .debug_pubnames
                0x0000063e       0x6e ../Exercise1_bsp/\libhal_bsp.a(alt_iic.o)
 .debug_pubnames
                0x000006ac       0x2b ../Exercise1_bsp/\libhal_bsp.a(alt_iic_isr_register.o)
 .debug_pubnames
                0x000006d7       0x26 ../Exercise1_bsp/\libhal_bsp.a(alt_io_redirect.o)
 .debug_pubnames
                0x000006fd       0x32 ../Exercise1_bsp/\libhal_bsp.a(alt_irq_handler.o)
 .debug_pubnames
                0x0000072f       0x3b ../Exercise1_bsp/\libhal_bsp.a(alt_irq_vars.o)
 .debug_pubnames
                0x0000076a       0x1b ../Exercise1_bsp/\libhal_bsp.a(alt_open.o)
 .debug_pubnames
                0x00000785       0x25 ../Exercise1_bsp/\libhal_bsp.a(alt_release_fd.o)
 .debug_pubnames
                0x000007aa       0x68 ../Exercise1_bsp/\libhal_bsp.a(alt_tick.o)
 .debug_pubnames
                0x00000812       0x31 ../Exercise1_bsp/\libhal_bsp.a(altera_nios2_qsys_irq.o)
 .debug_pubnames
                0x00000843       0x24 ../Exercise1_bsp/\libhal_bsp.a(alt_find_file.o)
 .debug_pubnames
                0x00000867       0x21 ../Exercise1_bsp/\libhal_bsp.a(alt_get_fd.o)
 .debug_pubnames
                0x00000888       0x2a c:/altera/13.0sp1/nios2eds/bin/gnu/h-i686-mingw32/bin/../lib/gcc/nios2-elf/4.1.2/../../../../nios2-elf/lib/mno-hw-mul\libc.a(lib_a-atexit.o)
 .debug_pubnames
                0x000008b2       0x1b c:/altera/13.0sp1/nios2eds/bin/gnu/h-i686-mingw32/bin/../lib/gcc/nios2-elf/4.1.2/../../../../nios2-elf/lib/mno-hw-mul\libc.a(lib_a-exit.o)
 .debug_pubnames
                0x000008cd       0x39 c:/altera/13.0sp1/nios2eds/bin/gnu/h-i686-mingw32/bin/../lib/gcc/nios2-elf/4.1.2/../../../../nios2-elf/lib/mno-hw-mul\libc.a(lib_a-impure.o)
 .debug_pubnames
                0x00000906       0x1c c:/altera/13.0sp1/nios2eds/bin/gnu/h-i686-mingw32/bin/../lib/gcc/nios2-elf/4.1.2/../../../../nios2-elf/lib/mno-hw-mul\libc.a(lib_a-int_errno.o)
 .debug_pubnames
                0x00000922       0x1d c:/altera/13.0sp1/nios2eds/bin/gnu/h-i686-mingw32/bin/../lib/gcc/nios2-elf/4.1.2/../../../../nios2-elf/lib/mno-hw-mul\libc.a(lib_a-memcmp.o)
 .debug_pubnames
                0x0000093f       0x27 c:/altera/13.0sp1/nios2eds/bin/gnu/h-i686-mingw32/bin/../lib/gcc/nios2-elf/4.1.2/../../../../nios2-elf/lib/mno-hw-mul\libc.a(lib_a-putc.o)
 .debug_pubnames
                0x00000966       0x1d c:/altera/13.0sp1/nios2eds/bin/gnu/h-i686-mingw32/bin/../lib/gcc/nios2-elf/4.1.2/../../../../nios2-elf/lib/mno-hw-mul\libc.a(lib_a-strlen.o)
 .debug_pubnames
                0x00000983       0x2c c:/altera/13.0sp1/nios2eds/bin/gnu/h-i686-mingw32/bin/../lib/gcc/nios2-elf/4.1.2/../../../../nios2-elf/lib/mno-hw-mul\libc.a(lib_a-wbuf.o)
 .debug_pubnames
                0x000009af       0x22 c:/altera/13.0sp1/nios2eds/bin/gnu/h-i686-mingw32/bin/../lib/gcc/nios2-elf/4.1.2/../../../../nios2-elf/lib/mno-hw-mul\libc.a(lib_a-wsetup.o)
 .debug_pubnames
                0x000009d1       0x2a c:/altera/13.0sp1/nios2eds/bin/gnu/h-i686-mingw32/bin/../lib/gcc/nios2-elf/4.1.2/../../../../nios2-elf/lib/mno-hw-mul\libc.a(lib_a-__atexit.o)
 .debug_pubnames
                0x000009fb       0x27 c:/altera/13.0sp1/nios2eds/bin/gnu/h-i686-mingw32/bin/../lib/gcc/nios2-elf/4.1.2/../../../../nios2-elf/lib/mno-hw-mul\libc.a(lib_a-__call_atexit.o)
 .debug_pubnames
                0x00000a22       0x2b c:/altera/13.0sp1/nios2eds/bin/gnu/h-i686-mingw32/bin/../lib/gcc/nios2-elf/4.1.2/../../../../nios2-elf/lib/mno-hw-mul\libc.a(lib_a-fflush.o)
 .debug_pubnames
                0x00000a4d       0xdb c:/altera/13.0sp1/nios2eds/bin/gnu/h-i686-mingw32/bin/../lib/gcc/nios2-elf/4.1.2/../../../../nios2-elf/lib/mno-hw-mul\libc.a(lib_a-findfp.o)
 .debug_pubnames
                0x00000b28       0x31 c:/altera/13.0sp1/nios2eds/bin/gnu/h-i686-mingw32/bin/../lib/gcc/nios2-elf/4.1.2/../../../../nios2-elf/lib/mno-hw-mul\libc.a(lib_a-freer.o)
 .debug_pubnames
                0x00000b59       0x2e c:/altera/13.0sp1/nios2eds/bin/gnu/h-i686-mingw32/bin/../lib/gcc/nios2-elf/4.1.2/../../../../nios2-elf/lib/mno-hw-mul\libc.a(lib_a-fwalk.o)
 .debug_pubnames
                0x00000b87       0x23 c:/altera/13.0sp1/nios2eds/bin/gnu/h-i686-mingw32/bin/../lib/gcc/nios2-elf/4.1.2/../../../../nios2-elf/lib/mno-hw-mul\libc.a(lib_a-makebuf.o)
 .debug_pubnames
                0x00000baa       0xce c:/altera/13.0sp1/nios2eds/bin/gnu/h-i686-mingw32/bin/../lib/gcc/nios2-elf/4.1.2/../../../../nios2-elf/lib/mno-hw-mul\libc.a(lib_a-mallocr.o)
 .debug_pubnames
                0x00000c78       0x1d c:/altera/13.0sp1/nios2eds/bin/gnu/h-i686-mingw32/bin/../lib/gcc/nios2-elf/4.1.2/../../../../nios2-elf/lib/mno-hw-mul\libc.a(lib_a-memset.o)
 .debug_pubnames
                0x00000c95       0x1e c:/altera/13.0sp1/nios2eds/bin/gnu/h-i686-mingw32/bin/../lib/gcc/nios2-elf/4.1.2/../../../../nios2-elf/lib/mno-hw-mul\libc.a(lib_a-sbrkr.o)
 .debug_pubnames
                0x00000cb3       0x44 c:/altera/13.0sp1/nios2eds/bin/gnu/h-i686-mingw32/bin/../lib/gcc/nios2-elf/4.1.2/../../../../nios2-elf/lib/mno-hw-mul\libc.a(lib_a-stdio.o)
 .debug_pubnames
                0x00000cf7       0x1f c:/altera/13.0sp1/nios2eds/bin/gnu/h-i686-mingw32/bin/../lib/gcc/nios2-elf/4.1.2/../../../../nios2-elf/lib/mno-hw-mul\libc.a(lib_a-writer.o)
 .debug_pubnames
                0x00000d16       0x1f c:/altera/13.0sp1/nios2eds/bin/gnu/h-i686-mingw32/bin/../lib/gcc/nios2-elf/4.1.2/../../../../nios2-elf/lib/mno-hw-mul\libc.a(lib_a-closer.o)
 .debug_pubnames
                0x00000d35       0x2b c:/altera/13.0sp1/nios2eds/bin/gnu/h-i686-mingw32/bin/../lib/gcc/nios2-elf/4.1.2/../../../../nios2-elf/lib/mno-hw-mul\libc.a(lib_a-fclose.o)
 .debug_pubnames
                0x00000d60       0x1f c:/altera/13.0sp1/nios2eds/bin/gnu/h-i686-mingw32/bin/../lib/gcc/nios2-elf/4.1.2/../../../../nios2-elf/lib/mno-hw-mul\libc.a(lib_a-fstatr.o)
 .debug_pubnames
                0x00000d7f       0x20 c:/altera/13.0sp1/nios2eds/bin/gnu/h-i686-mingw32/bin/../lib/gcc/nios2-elf/4.1.2/../../../../nios2-elf/lib/mno-hw-mul\libc.a(lib_a-isattyr.o)
 .debug_pubnames
                0x00000d9f       0x1f c:/altera/13.0sp1/nios2eds/bin/gnu/h-i686-mingw32/bin/../lib/gcc/nios2-elf/4.1.2/../../../../nios2-elf/lib/mno-hw-mul\libc.a(lib_a-lseekr.o)
 .debug_pubnames
                0x00000dbe       0x1e c:/altera/13.0sp1/nios2eds/bin/gnu/h-i686-mingw32/bin/../lib/gcc/nios2-elf/4.1.2/../../../../nios2-elf/lib/mno-hw-mul\libc.a(lib_a-readr.o)
 .debug_pubnames
                0x00000ddc       0x1c ../Exercise1_bsp/\libhal_bsp.a(alt_exit.o)
 .debug_pubnames
                0x00000df8       0x1c ../Exercise1_bsp/\libhal_bsp.a(alt_fstat.o)
 .debug_pubnames
                0x00000e14       0x1d ../Exercise1_bsp/\libhal_bsp.a(alt_isatty.o)
 .debug_pubnames
                0x00000e31       0x1c ../Exercise1_bsp/\libhal_bsp.a(alt_lseek.o)
 .debug_pubnames
                0x00000e4d       0x38 ../Exercise1_bsp/\libhal_bsp.a(alt_malloc_lock.o)
 .debug_pubnames
                0x00000e85       0x1b ../Exercise1_bsp/\libhal_bsp.a(alt_read.o)
 .debug_pubnames
                0x00000ea0       0x1b ../Exercise1_bsp/\libhal_bsp.a(alt_sbrk.o)
 .debug_pubnames
                0x00000ebb       0x1c ../Exercise1_bsp/\libhal_bsp.a(alt_write.o)

.debug_info     0x00000000    0x1a078
 *(.debug_info .gnu.linkonce.wi.*)
 .debug_info    0x00000000       0x82 ../Exercise1_bsp//obj/HAL/src/crt0.o
 .debug_info    0x00000082      0x4d3 obj/default/hello_world.o
 .debug_info    0x00000555      0x106 c:/altera/13.0sp1/nios2eds/bin/gnu/h-i686-mingw32/bin/../lib/gcc/nios2-elf/4.1.2/../../../../nios2-elf/lib/mno-hw-mul\libc.a(lib_a-memcpy.o)
 .debug_info    0x0000065b       0xf3 c:/altera/13.0sp1/nios2eds/bin/gnu/h-i686-mingw32/bin/../lib/gcc/nios2-elf/4.1.2/mno-hw-mul\libgcc.a(lib2-mul.o)
 .debug_info    0x0000074e      0x294 ../Exercise1_bsp/\libhal_bsp.a(alt_load.o)
 .debug_info    0x000009e2      0x22c ../Exercise1_bsp/\libhal_bsp.a(alt_main.o)
 .debug_info    0x00000c0e      0x1af ../Exercise1_bsp/\libhal_bsp.a(alt_printf.o)
 .debug_info    0x00000dbd      0xc03 ../Exercise1_bsp/\libhal_bsp.a(alt_putchar.o)
 .debug_info    0x000019c0      0x731 ../Exercise1_bsp/\libhal_bsp.a(alt_sys_init.o)
 .debug_info    0x000020f1      0x7e0 ../Exercise1_bsp/\libhal_bsp.a(altera_avalon_jtag_uart_fd.o)
 .debug_info    0x000028d1      0x608 ../Exercise1_bsp/\libhal_bsp.a(altera_avalon_jtag_uart_init.o)
 .debug_info    0x00002ed9      0x44a ../Exercise1_bsp/\libhal_bsp.a(altera_avalon_jtag_uart_ioctl.o)
 .debug_info    0x00003323      0x54d ../Exercise1_bsp/\libhal_bsp.a(altera_avalon_jtag_uart_read.o)
 .debug_info    0x00003870      0x545 ../Exercise1_bsp/\libhal_bsp.a(altera_avalon_jtag_uart_write.o)
 .debug_info    0x00003db5      0x8f0 ../Exercise1_bsp/\libhal_bsp.a(altera_up_avalon_character_lcd.o)
 .debug_info    0x000046a5      0x449 ../Exercise1_bsp/\libhal_bsp.a(alt_alarm_start.o)
 .debug_info    0x00004aee      0x46e ../Exercise1_bsp/\libhal_bsp.a(alt_close.o)
 .debug_info    0x00004f5c      0x163 ../Exercise1_bsp/\libhal_bsp.a(alt_dcache_flush_all.o)
 .debug_info    0x000050bf      0x686 ../Exercise1_bsp/\libhal_bsp.a(alt_dev.o)
 .debug_info    0x00005745      0x2be ../Exercise1_bsp/\libhal_bsp.a(alt_dev_llist_insert.o)
 .debug_info    0x00005a03      0x116 ../Exercise1_bsp/\libhal_bsp.a(alt_do_ctors.o)
 .debug_info    0x00005b19      0x115 ../Exercise1_bsp/\libhal_bsp.a(alt_do_dtors.o)
 .debug_info    0x00005c2e      0x16b ../Exercise1_bsp/\libhal_bsp.a(alt_errno.o)
 .debug_info    0x00005d99      0x41f ../Exercise1_bsp/\libhal_bsp.a(alt_find_dev.o)
 .debug_info    0x000061b8      0x163 ../Exercise1_bsp/\libhal_bsp.a(alt_icache_flush_all.o)
 .debug_info    0x0000631b      0x49a ../Exercise1_bsp/\libhal_bsp.a(alt_iic.o)
 .debug_info    0x000067b5      0x31b ../Exercise1_bsp/\libhal_bsp.a(alt_iic_isr_register.o)
 .debug_info    0x00006ad0      0x69c ../Exercise1_bsp/\libhal_bsp.a(alt_io_redirect.o)
 .debug_info    0x0000716c       0x8b ../Exercise1_bsp/\libhal_bsp.a(alt_irq_entry.o)
 .debug_info    0x000071f7      0x27c ../Exercise1_bsp/\libhal_bsp.a(alt_irq_handler.o)
 .debug_info    0x00007473      0x16e ../Exercise1_bsp/\libhal_bsp.a(alt_irq_vars.o)
 .debug_info    0x000075e1      0x52c ../Exercise1_bsp/\libhal_bsp.a(alt_open.o)
 .debug_info    0x00007b0d      0x3f9 ../Exercise1_bsp/\libhal_bsp.a(alt_release_fd.o)
 .debug_info    0x00007f06      0x405 ../Exercise1_bsp/\libhal_bsp.a(alt_tick.o)
 .debug_info    0x0000830b      0x16a ../Exercise1_bsp/\libhal_bsp.a(altera_nios2_qsys_irq.o)
 .debug_info    0x00008475       0x91 ../Exercise1_bsp/\libhal_bsp.a(alt_exception_entry.o)
 .debug_info    0x00008506      0x426 ../Exercise1_bsp/\libhal_bsp.a(alt_find_file.o)
 .debug_info    0x0000892c      0x467 ../Exercise1_bsp/\libhal_bsp.a(alt_get_fd.o)
 .debug_info    0x00008d93      0x181 c:/altera/13.0sp1/nios2eds/bin/gnu/h-i686-mingw32/bin/../lib/gcc/nios2-elf/4.1.2/../../../../nios2-elf/lib/mno-hw-mul\libc.a(lib_a-atexit.o)
 .debug_info    0x00008f14      0x93f c:/altera/13.0sp1/nios2eds/bin/gnu/h-i686-mingw32/bin/../lib/gcc/nios2-elf/4.1.2/../../../../nios2-elf/lib/mno-hw-mul\libc.a(lib_a-exit.o)
 .debug_info    0x00009853      0x93d c:/altera/13.0sp1/nios2eds/bin/gnu/h-i686-mingw32/bin/../lib/gcc/nios2-elf/4.1.2/../../../../nios2-elf/lib/mno-hw-mul\libc.a(lib_a-impure.o)
 .debug_info    0x0000a190       0x8c c:/altera/13.0sp1/nios2eds/bin/gnu/h-i686-mingw32/bin/../lib/gcc/nios2-elf/4.1.2/../../../../nios2-elf/lib/mno-hw-mul\libc.a(lib_a-int_errno.o)
 .debug_info    0x0000a21c      0x115 c:/altera/13.0sp1/nios2eds/bin/gnu/h-i686-mingw32/bin/../lib/gcc/nios2-elf/4.1.2/../../../../nios2-elf/lib/mno-hw-mul\libc.a(lib_a-memcmp.o)
 .debug_info    0x0000a331      0x9c1 c:/altera/13.0sp1/nios2eds/bin/gnu/h-i686-mingw32/bin/../lib/gcc/nios2-elf/4.1.2/../../../../nios2-elf/lib/mno-hw-mul\libc.a(lib_a-putc.o)
 .debug_info    0x0000acf2       0xdb c:/altera/13.0sp1/nios2eds/bin/gnu/h-i686-mingw32/bin/../lib/gcc/nios2-elf/4.1.2/../../../../nios2-elf/lib/mno-hw-mul\libc.a(lib_a-strlen.o)
 .debug_info    0x0000adcd      0x9ae c:/altera/13.0sp1/nios2eds/bin/gnu/h-i686-mingw32/bin/../lib/gcc/nios2-elf/4.1.2/../../../../nios2-elf/lib/mno-hw-mul\libc.a(lib_a-wbuf.o)
 .debug_info    0x0000b77b      0x95d c:/altera/13.0sp1/nios2eds/bin/gnu/h-i686-mingw32/bin/../lib/gcc/nios2-elf/4.1.2/../../../../nios2-elf/lib/mno-hw-mul\libc.a(lib_a-wsetup.o)
 .debug_info    0x0000c0d8      0x99c c:/altera/13.0sp1/nios2eds/bin/gnu/h-i686-mingw32/bin/../lib/gcc/nios2-elf/4.1.2/../../../../nios2-elf/lib/mno-hw-mul\libc.a(lib_a-__atexit.o)
 .debug_info    0x0000ca74      0x9e2 c:/altera/13.0sp1/nios2eds/bin/gnu/h-i686-mingw32/bin/../lib/gcc/nios2-elf/4.1.2/../../../../nios2-elf/lib/mno-hw-mul\libc.a(lib_a-__call_atexit.o)
 .debug_info    0x0000d456      0x9fe c:/altera/13.0sp1/nios2eds/bin/gnu/h-i686-mingw32/bin/../lib/gcc/nios2-elf/4.1.2/../../../../nios2-elf/lib/mno-hw-mul\libc.a(lib_a-fflush.o)
 .debug_info    0x0000de54      0xb72 c:/altera/13.0sp1/nios2eds/bin/gnu/h-i686-mingw32/bin/../lib/gcc/nios2-elf/4.1.2/../../../../nios2-elf/lib/mno-hw-mul\libc.a(lib_a-findfp.o)
 .debug_info    0x0000e9c6      0xbc9 c:/altera/13.0sp1/nios2eds/bin/gnu/h-i686-mingw32/bin/../lib/gcc/nios2-elf/4.1.2/../../../../nios2-elf/lib/mno-hw-mul\libc.a(lib_a-freer.o)
 .debug_info    0x0000f58f      0xaed c:/altera/13.0sp1/nios2eds/bin/gnu/h-i686-mingw32/bin/../lib/gcc/nios2-elf/4.1.2/../../../../nios2-elf/lib/mno-hw-mul\libc.a(lib_a-fwalk.o)
 .debug_info    0x0001007c      0xb1a c:/altera/13.0sp1/nios2eds/bin/gnu/h-i686-mingw32/bin/../lib/gcc/nios2-elf/4.1.2/../../../../nios2-elf/lib/mno-hw-mul\libc.a(lib_a-makebuf.o)
 .debug_info    0x00010b96      0xcd0 c:/altera/13.0sp1/nios2eds/bin/gnu/h-i686-mingw32/bin/../lib/gcc/nios2-elf/4.1.2/../../../../nios2-elf/lib/mno-hw-mul\libc.a(lib_a-mallocr.o)
 .debug_info    0x00011866      0x113 c:/altera/13.0sp1/nios2eds/bin/gnu/h-i686-mingw32/bin/../lib/gcc/nios2-elf/4.1.2/../../../../nios2-elf/lib/mno-hw-mul\libc.a(lib_a-memset.o)
 .debug_info    0x00011979      0x962 c:/altera/13.0sp1/nios2eds/bin/gnu/h-i686-mingw32/bin/../lib/gcc/nios2-elf/4.1.2/../../../../nios2-elf/lib/mno-hw-mul\libc.a(lib_a-sbrkr.o)
 .debug_info    0x000122db      0xaac c:/altera/13.0sp1/nios2eds/bin/gnu/h-i686-mingw32/bin/../lib/gcc/nios2-elf/4.1.2/../../../../nios2-elf/lib/mno-hw-mul\libc.a(lib_a-stdio.o)
 .debug_info    0x00012d87      0x993 c:/altera/13.0sp1/nios2eds/bin/gnu/h-i686-mingw32/bin/../lib/gcc/nios2-elf/4.1.2/../../../../nios2-elf/lib/mno-hw-mul\libc.a(lib_a-writer.o)
 .debug_info    0x0001371a      0x958 c:/altera/13.0sp1/nios2eds/bin/gnu/h-i686-mingw32/bin/../lib/gcc/nios2-elf/4.1.2/../../../../nios2-elf/lib/mno-hw-mul\libc.a(lib_a-closer.o)
 .debug_info    0x00014072      0x994 c:/altera/13.0sp1/nios2eds/bin/gnu/h-i686-mingw32/bin/../lib/gcc/nios2-elf/4.1.2/../../../../nios2-elf/lib/mno-hw-mul\libc.a(lib_a-fclose.o)
 .debug_info    0x00014a06      0xafc c:/altera/13.0sp1/nios2eds/bin/gnu/h-i686-mingw32/bin/../lib/gcc/nios2-elf/4.1.2/../../../../nios2-elf/lib/mno-hw-mul\libc.a(lib_a-fstatr.o)
 .debug_info    0x00015502      0x958 c:/altera/13.0sp1/nios2eds/bin/gnu/h-i686-mingw32/bin/../lib/gcc/nios2-elf/4.1.2/../../../../nios2-elf/lib/mno-hw-mul\libc.a(lib_a-isattyr.o)
 .debug_info    0x00015e5a      0x981 c:/altera/13.0sp1/nios2eds/bin/gnu/h-i686-mingw32/bin/../lib/gcc/nios2-elf/4.1.2/../../../../nios2-elf/lib/mno-hw-mul\libc.a(lib_a-lseekr.o)
 .debug_info    0x000167db      0x98c c:/altera/13.0sp1/nios2eds/bin/gnu/h-i686-mingw32/bin/../lib/gcc/nios2-elf/4.1.2/../../../../nios2-elf/lib/mno-hw-mul\libc.a(lib_a-readr.o)
 .debug_info    0x00017167      0x194 ../Exercise1_bsp/\libhal_bsp.a(alt_exit.o)
 .debug_info    0x000172fb      0x667 ../Exercise1_bsp/\libhal_bsp.a(alt_fstat.o)
 .debug_info    0x00017962      0x66d ../Exercise1_bsp/\libhal_bsp.a(alt_isatty.o)
 .debug_info    0x00017fcf      0x4a1 ../Exercise1_bsp/\libhal_bsp.a(alt_lseek.o)
 .debug_info    0x00018470      0xc1f ../Exercise1_bsp/\libhal_bsp.a(alt_malloc_lock.o)
 .debug_info    0x0001908f      0x691 ../Exercise1_bsp/\libhal_bsp.a(alt_read.o)
 .debug_info    0x00019720      0x2be ../Exercise1_bsp/\libhal_bsp.a(alt_sbrk.o)
 .debug_info    0x000199de      0x69a ../Exercise1_bsp/\libhal_bsp.a(alt_write.o)

.debug_abbrev   0x00000000     0x4e93
 *(.debug_abbrev)
 .debug_abbrev  0x00000000       0x12 ../Exercise1_bsp//obj/HAL/src/crt0.o
 .debug_abbrev  0x00000012      0x118 obj/default/hello_world.o
 .debug_abbrev  0x0000012a       0xb5 c:/altera/13.0sp1/nios2eds/bin/gnu/h-i686-mingw32/bin/../lib/gcc/nios2-elf/4.1.2/../../../../nios2-elf/lib/mno-hw-mul\libc.a(lib_a-memcpy.o)
 .debug_abbrev  0x000001df       0x7b c:/altera/13.0sp1/nios2eds/bin/gnu/h-i686-mingw32/bin/../lib/gcc/nios2-elf/4.1.2/mno-hw-mul\libgcc.a(lib2-mul.o)
 .debug_abbrev  0x0000025a       0x88 ../Exercise1_bsp/\libhal_bsp.a(alt_load.o)
 .debug_abbrev  0x000002e2       0xb7 ../Exercise1_bsp/\libhal_bsp.a(alt_main.o)
 .debug_abbrev  0x00000399       0x91 ../Exercise1_bsp/\libhal_bsp.a(alt_printf.o)
 .debug_abbrev  0x0000042a      0x17f ../Exercise1_bsp/\libhal_bsp.a(alt_putchar.o)
 .debug_abbrev  0x000005a9      0x15e ../Exercise1_bsp/\libhal_bsp.a(alt_sys_init.o)
 .debug_abbrev  0x00000707       0xf7 ../Exercise1_bsp/\libhal_bsp.a(altera_avalon_jtag_uart_fd.o)
 .debug_abbrev  0x000007fe      0x17c ../Exercise1_bsp/\libhal_bsp.a(altera_avalon_jtag_uart_init.o)
 .debug_abbrev  0x0000097a       0xf0 ../Exercise1_bsp/\libhal_bsp.a(altera_avalon_jtag_uart_ioctl.o)
 .debug_abbrev  0x00000a6a      0x191 ../Exercise1_bsp/\libhal_bsp.a(altera_avalon_jtag_uart_read.o)
 .debug_abbrev  0x00000bfb      0x18d ../Exercise1_bsp/\libhal_bsp.a(altera_avalon_jtag_uart_write.o)
 .debug_abbrev  0x00000d88      0x127 ../Exercise1_bsp/\libhal_bsp.a(altera_up_avalon_character_lcd.o)
 .debug_abbrev  0x00000eaf      0x172 ../Exercise1_bsp/\libhal_bsp.a(alt_alarm_start.o)
 .debug_abbrev  0x00001021       0xfb ../Exercise1_bsp/\libhal_bsp.a(alt_close.o)
 .debug_abbrev  0x0000111c       0x3f ../Exercise1_bsp/\libhal_bsp.a(alt_dcache_flush_all.o)
 .debug_abbrev  0x0000115b       0xc7 ../Exercise1_bsp/\libhal_bsp.a(alt_dev.o)
 .debug_abbrev  0x00001222       0xf6 ../Exercise1_bsp/\libhal_bsp.a(alt_dev_llist_insert.o)
 .debug_abbrev  0x00001318       0x76 ../Exercise1_bsp/\libhal_bsp.a(alt_do_ctors.o)
 .debug_abbrev  0x0000138e       0x76 ../Exercise1_bsp/\libhal_bsp.a(alt_do_dtors.o)
 .debug_abbrev  0x00001404       0x5e ../Exercise1_bsp/\libhal_bsp.a(alt_errno.o)
 .debug_abbrev  0x00001462       0xcf ../Exercise1_bsp/\libhal_bsp.a(alt_find_dev.o)
 .debug_abbrev  0x00001531       0x3f ../Exercise1_bsp/\libhal_bsp.a(alt_icache_flush_all.o)
 .debug_abbrev  0x00001570      0x134 ../Exercise1_bsp/\libhal_bsp.a(alt_iic.o)
 .debug_abbrev  0x000016a4      0x14e ../Exercise1_bsp/\libhal_bsp.a(alt_iic_isr_register.o)
 .debug_abbrev  0x000017f2       0xf0 ../Exercise1_bsp/\libhal_bsp.a(alt_io_redirect.o)
 .debug_abbrev  0x000018e2       0x12 ../Exercise1_bsp/\libhal_bsp.a(alt_irq_entry.o)
 .debug_abbrev  0x000018f4      0x10c ../Exercise1_bsp/\libhal_bsp.a(alt_irq_handler.o)
 .debug_abbrev  0x00001a00       0x44 ../Exercise1_bsp/\libhal_bsp.a(alt_irq_vars.o)
 .debug_abbrev  0x00001a44      0x112 ../Exercise1_bsp/\libhal_bsp.a(alt_open.o)
 .debug_abbrev  0x00001b56       0xc1 ../Exercise1_bsp/\libhal_bsp.a(alt_release_fd.o)
 .debug_abbrev  0x00001c17      0x150 ../Exercise1_bsp/\libhal_bsp.a(alt_tick.o)
 .debug_abbrev  0x00001d67       0x3f ../Exercise1_bsp/\libhal_bsp.a(altera_nios2_qsys_irq.o)
 .debug_abbrev  0x00001da6       0x12 ../Exercise1_bsp/\libhal_bsp.a(alt_exception_entry.o)
 .debug_abbrev  0x00001db8       0xcf ../Exercise1_bsp/\libhal_bsp.a(alt_find_file.o)
 .debug_abbrev  0x00001e87       0xfb ../Exercise1_bsp/\libhal_bsp.a(alt_get_fd.o)
 .debug_abbrev  0x00001f82       0xb7 c:/altera/13.0sp1/nios2eds/bin/gnu/h-i686-mingw32/bin/../lib/gcc/nios2-elf/4.1.2/../../../../nios2-elf/lib/mno-hw-mul\libc.a(lib_a-atexit.o)
 .debug_abbrev  0x00002039      0x16e c:/altera/13.0sp1/nios2eds/bin/gnu/h-i686-mingw32/bin/../lib/gcc/nios2-elf/4.1.2/../../../../nios2-elf/lib/mno-hw-mul\libc.a(lib_a-exit.o)
 .debug_abbrev  0x000021a7      0x157 c:/altera/13.0sp1/nios2eds/bin/gnu/h-i686-mingw32/bin/../lib/gcc/nios2-elf/4.1.2/../../../../nios2-elf/lib/mno-hw-mul\libc.a(lib_a-impure.o)
 .debug_abbrev  0x000022fe       0x3b c:/altera/13.0sp1/nios2eds/bin/gnu/h-i686-mingw32/bin/../lib/gcc/nios2-elf/4.1.2/../../../../nios2-elf/lib/mno-hw-mul\libc.a(lib_a-int_errno.o)
 .debug_abbrev  0x00002339       0x7c c:/altera/13.0sp1/nios2eds/bin/gnu/h-i686-mingw32/bin/../lib/gcc/nios2-elf/4.1.2/../../../../nios2-elf/lib/mno-hw-mul\libc.a(lib_a-memcmp.o)
 .debug_abbrev  0x000023b5      0x17f c:/altera/13.0sp1/nios2eds/bin/gnu/h-i686-mingw32/bin/../lib/gcc/nios2-elf/4.1.2/../../../../nios2-elf/lib/mno-hw-mul\libc.a(lib_a-putc.o)
 .debug_abbrev  0x00002534       0x8b c:/altera/13.0sp1/nios2eds/bin/gnu/h-i686-mingw32/bin/../lib/gcc/nios2-elf/4.1.2/../../../../nios2-elf/lib/mno-hw-mul\libc.a(lib_a-strlen.o)
 .debug_abbrev  0x000025bf      0x198 c:/altera/13.0sp1/nios2eds/bin/gnu/h-i686-mingw32/bin/../lib/gcc/nios2-elf/4.1.2/../../../../nios2-elf/lib/mno-hw-mul\libc.a(lib_a-wbuf.o)
 .debug_abbrev  0x00002757      0x170 c:/altera/13.0sp1/nios2eds/bin/gnu/h-i686-mingw32/bin/../lib/gcc/nios2-elf/4.1.2/../../../../nios2-elf/lib/mno-hw-mul\libc.a(lib_a-wsetup.o)
 .debug_abbrev  0x000028c7      0x1ae c:/altera/13.0sp1/nios2eds/bin/gnu/h-i686-mingw32/bin/../lib/gcc/nios2-elf/4.1.2/../../../../nios2-elf/lib/mno-hw-mul\libc.a(lib_a-__atexit.o)
 .debug_abbrev  0x00002a75      0x1de c:/altera/13.0sp1/nios2eds/bin/gnu/h-i686-mingw32/bin/../lib/gcc/nios2-elf/4.1.2/../../../../nios2-elf/lib/mno-hw-mul\libc.a(lib_a-__call_atexit.o)
 .debug_abbrev  0x00002c53      0x1c6 c:/altera/13.0sp1/nios2eds/bin/gnu/h-i686-mingw32/bin/../lib/gcc/nios2-elf/4.1.2/../../../../nios2-elf/lib/mno-hw-mul\libc.a(lib_a-fflush.o)
 .debug_abbrev  0x00002e19      0x24c c:/altera/13.0sp1/nios2eds/bin/gnu/h-i686-mingw32/bin/../lib/gcc/nios2-elf/4.1.2/../../../../nios2-elf/lib/mno-hw-mul\libc.a(lib_a-findfp.o)
 .debug_abbrev  0x00003065      0x1d9 c:/altera/13.0sp1/nios2eds/bin/gnu/h-i686-mingw32/bin/../lib/gcc/nios2-elf/4.1.2/../../../../nios2-elf/lib/mno-hw-mul\libc.a(lib_a-freer.o)
 .debug_abbrev  0x0000323e      0x1e3 c:/altera/13.0sp1/nios2eds/bin/gnu/h-i686-mingw32/bin/../lib/gcc/nios2-elf/4.1.2/../../../../nios2-elf/lib/mno-hw-mul\libc.a(lib_a-fwalk.o)
 .debug_abbrev  0x00003421      0x197 c:/altera/13.0sp1/nios2eds/bin/gnu/h-i686-mingw32/bin/../lib/gcc/nios2-elf/4.1.2/../../../../nios2-elf/lib/mno-hw-mul\libc.a(lib_a-makebuf.o)
 .debug_abbrev  0x000035b8      0x216 c:/altera/13.0sp1/nios2eds/bin/gnu/h-i686-mingw32/bin/../lib/gcc/nios2-elf/4.1.2/../../../../nios2-elf/lib/mno-hw-mul\libc.a(lib_a-mallocr.o)
 .debug_abbrev  0x000037ce       0xb8 c:/altera/13.0sp1/nios2eds/bin/gnu/h-i686-mingw32/bin/../lib/gcc/nios2-elf/4.1.2/../../../../nios2-elf/lib/mno-hw-mul\libc.a(lib_a-memset.o)
 .debug_abbrev  0x00003886      0x18c c:/altera/13.0sp1/nios2eds/bin/gnu/h-i686-mingw32/bin/../lib/gcc/nios2-elf/4.1.2/../../../../nios2-elf/lib/mno-hw-mul\libc.a(lib_a-sbrkr.o)
 .debug_abbrev  0x00003a12      0x1c9 c:/altera/13.0sp1/nios2eds/bin/gnu/h-i686-mingw32/bin/../lib/gcc/nios2-elf/4.1.2/../../../../nios2-elf/lib/mno-hw-mul\libc.a(lib_a-stdio.o)
 .debug_abbrev  0x00003bdb      0x184 c:/altera/13.0sp1/nios2eds/bin/gnu/h-i686-mingw32/bin/../lib/gcc/nios2-elf/4.1.2/../../../../nios2-elf/lib/mno-hw-mul\libc.a(lib_a-writer.o)
 .debug_abbrev  0x00003d5f      0x17f c:/altera/13.0sp1/nios2eds/bin/gnu/h-i686-mingw32/bin/../lib/gcc/nios2-elf/4.1.2/../../../../nios2-elf/lib/mno-hw-mul\libc.a(lib_a-closer.o)
 .debug_abbrev  0x00003ede      0x1a7 c:/altera/13.0sp1/nios2eds/bin/gnu/h-i686-mingw32/bin/../lib/gcc/nios2-elf/4.1.2/../../../../nios2-elf/lib/mno-hw-mul\libc.a(lib_a-fclose.o)
 .debug_abbrev  0x00004085      0x18e c:/altera/13.0sp1/nios2eds/bin/gnu/h-i686-mingw32/bin/../lib/gcc/nios2-elf/4.1.2/../../../../nios2-elf/lib/mno-hw-mul\libc.a(lib_a-fstatr.o)
 .debug_abbrev  0x00004213      0x17f c:/altera/13.0sp1/nios2eds/bin/gnu/h-i686-mingw32/bin/../lib/gcc/nios2-elf/4.1.2/../../../../nios2-elf/lib/mno-hw-mul\libc.a(lib_a-isattyr.o)
 .debug_abbrev  0x00004392      0x18e c:/altera/13.0sp1/nios2eds/bin/gnu/h-i686-mingw32/bin/../lib/gcc/nios2-elf/4.1.2/../../../../nios2-elf/lib/mno-hw-mul\libc.a(lib_a-lseekr.o)
 .debug_abbrev  0x00004520      0x17f c:/altera/13.0sp1/nios2eds/bin/gnu/h-i686-mingw32/bin/../lib/gcc/nios2-elf/4.1.2/../../../../nios2-elf/lib/mno-hw-mul\libc.a(lib_a-readr.o)
 .debug_abbrev  0x0000469f       0x72 ../Exercise1_bsp/\libhal_bsp.a(alt_exit.o)
 .debug_abbrev  0x00004711       0xfb ../Exercise1_bsp/\libhal_bsp.a(alt_fstat.o)
 .debug_abbrev  0x0000480c       0xfb ../Exercise1_bsp/\libhal_bsp.a(alt_isatty.o)
 .debug_abbrev  0x00004907       0xfb ../Exercise1_bsp/\libhal_bsp.a(alt_lseek.o)
 .debug_abbrev  0x00004a02      0x181 ../Exercise1_bsp/\libhal_bsp.a(alt_malloc_lock.o)
 .debug_abbrev  0x00004b83       0xfb ../Exercise1_bsp/\libhal_bsp.a(alt_read.o)
 .debug_abbrev  0x00004c7e      0x115 ../Exercise1_bsp/\libhal_bsp.a(alt_sbrk.o)
 .debug_abbrev  0x00004d93      0x100 ../Exercise1_bsp/\libhal_bsp.a(alt_write.o)

.debug_line     0x00000000     0xbef2
 *(.debug_line)
 .debug_line    0x00000000       0x66 ../Exercise1_bsp//obj/HAL/src/crt0.o
 .debug_line    0x00000066      0x295 obj/default/hello_world.o
 .debug_line    0x000002fb      0x1af c:/altera/13.0sp1/nios2eds/bin/gnu/h-i686-mingw32/bin/../lib/gcc/nios2-elf/4.1.2/../../../../nios2-elf/lib/mno-hw-mul\libc.a(lib_a-memcpy.o)
 .debug_line    0x000004aa      0x11a c:/altera/13.0sp1/nios2eds/bin/gnu/h-i686-mingw32/bin/../lib/gcc/nios2-elf/4.1.2/mno-hw-mul\libgcc.a(lib2-mul.o)
 .debug_line    0x000005c4      0x217 ../Exercise1_bsp/\libhal_bsp.a(alt_load.o)
 .debug_line    0x000007db      0x2ca ../Exercise1_bsp/\libhal_bsp.a(alt_main.o)
 .debug_line    0x00000aa5      0x1da ../Exercise1_bsp/\libhal_bsp.a(alt_printf.o)
 .debug_line    0x00000c7f      0x1ca ../Exercise1_bsp/\libhal_bsp.a(alt_putchar.o)
 .debug_line    0x00000e49      0x2d2 ../Exercise1_bsp/\libhal_bsp.a(alt_sys_init.o)
 .debug_line    0x0000111b      0x217 ../Exercise1_bsp/\libhal_bsp.a(altera_avalon_jtag_uart_fd.o)
 .debug_line    0x00001332      0x4ab ../Exercise1_bsp/\libhal_bsp.a(altera_avalon_jtag_uart_init.o)
 .debug_line    0x000017dd      0x317 ../Exercise1_bsp/\libhal_bsp.a(altera_avalon_jtag_uart_ioctl.o)
 .debug_line    0x00001af4      0x3f7 ../Exercise1_bsp/\libhal_bsp.a(altera_avalon_jtag_uart_read.o)